<Compiler Instance Data>
<TEST_DIR>/clava_issue10.cpp
1
0
0
0
1
1
1
1
0
0
0
1
1
1
0
0
0
0
1
0
1
8
32
64
<LONG_DOUBLE_WIDTH>
8
16
32
<LONG_WIDTH>
64
<Id-File Map>
0
<TEST_DIR>/clava_issue10.cpp
<Includes>
<TEST_DIR>/clava_issue10.cpp
iostream
1
1
<Top Level Nodes>
ADDR_001
<Visited Children>
ADDR_002
0
<TagTypeData>
ADDR_002
RecordType
ForwardDeclClass1
NONE
0
0
0
nullptr_type
ADDR_001
<Id to Class Map>
ADDR_002
RecordType
<Visited Children>
ADDR_001
0
<CXXRecordDeclData>
ADDR_001
CXXRecordDecl
<TEST_DIR>/clava_issue10.cpp
3
1
<TEST_DIR>/clava_issue10.cpp
3
7
0
0
0
0
0
0
0
0

ForwardDeclClass1
0
0
0
External
Default
ADDR_002
Class
0
0
0
nullptr_decl
<Id to Class Map>
ADDR_001
CXXRecordDecl
<Top Level Nodes>
ADDR_003
<Visited Children>
ADDR_004
0
<TagTypeData>
ADDR_004
RecordType
a::ForwardDeclClass2
NONE
0
0
0
nullptr_type
ADDR_005
<Id to Class Map>
ADDR_004
RecordType
<Visited Children>
ADDR_005
0
<CXXRecordDeclData>
ADDR_005
CXXRecordDecl
<TEST_DIR>/clava_issue10.cpp
6
4
<TEST_DIR>/clava_issue10.cpp
6
10
0
0
0
0
0
0
0
0
a
ForwardDeclClass2
0
0
0
External
Default
ADDR_004
Class
0
0
0
nullptr_decl
<Id to Class Map>
ADDR_005
CXXRecordDecl
<Visited Children>
ADDR_006
0
<TagTypeData>
ADDR_006
RecordType
a::RegularClass1
NONE
0
0
0
nullptr_type
ADDR_007
<Id to Class Map>
ADDR_006
RecordType
<Visited Children>
ADDR_007
0
<CXXRecordDeclData>
ADDR_007
CXXRecordDecl
<TEST_DIR>/clava_issue10.cpp
7
4
<TEST_DIR>/clava_issue10.cpp
7
25
0
0
0
0
0
0
0
0
a
RegularClass1
0
0
0
External
Default
ADDR_006
Class
1
0
0
ADDR_007
<Id to Class Map>
ADDR_007
CXXRecordDecl
<Visited Children>
ADDR_008
0
<TagTypeData>
ADDR_008
RecordType
a::b::ForwardDeclClass3
NONE
0
0
0
nullptr_type
ADDR_009
<Id to Class Map>
ADDR_008
RecordType
<Visited Children>
ADDR_009
0
<CXXRecordDeclData>
ADDR_009
CXXRecordDecl
<TEST_DIR>/clava_issue10.cpp
9
7
<TEST_DIR>/clava_issue10.cpp
9
13
0
0
0
0
0
0
0
0
a::b
ForwardDeclClass3
0
0
0
External
Default
ADDR_008
Class
0
0
0
nullptr_decl
<Id to Class Map>
ADDR_009
CXXRecordDecl
<Visited Children>
ADDR_010
0
<TagTypeData>
ADDR_010
RecordType
a::b::RegularClass2
NONE
0
0
0
nullptr_type
ADDR_011
<Id to Class Map>
ADDR_010
RecordType
<Visited Children>
ADDR_011
0
<CXXRecordDeclData>
ADDR_011
CXXRecordDecl
<TEST_DIR>/clava_issue10.cpp
10
7
<TEST_DIR>/clava_issue10.cpp
10
28
0
0
0
0
0
0
0
0
a::b
RegularClass2
0
0
0
External
Default
ADDR_010
Class
1
0
0
ADDR_011
<Id to Class Map>
ADDR_011
CXXRecordDecl
<Visited Children>
ADDR_012
0
<TagTypeData>
ADDR_012
RecordType
a::b::c::ForwardDeclClass4
NONE
0
0
0
nullptr_type
ADDR_013
<Id to Class Map>
ADDR_012
RecordType
<Visited Children>
ADDR_013
0
<CXXRecordDeclData>
ADDR_013
CXXRecordDecl
<TEST_DIR>/clava_issue10.cpp
12
10
<TEST_DIR>/clava_issue10.cpp
12
16
0
0
0
0
0
0
0
0
a::b::c
ForwardDeclClass4
0
0
0
External
Default
ADDR_012
Class
0
0
0
nullptr_decl
<Id to Class Map>
ADDR_013
CXXRecordDecl
<Visited Children>
ADDR_014
0
<TagTypeData>
ADDR_014
RecordType
a::b::c::RegularClass3
NONE
0
0
0
nullptr_type
ADDR_015
<Id to Class Map>
ADDR_014
RecordType
<Visited Children>
ADDR_015
0
<CXXRecordDeclData>
ADDR_015
CXXRecordDecl
<TEST_DIR>/clava_issue10.cpp
13
10
<TEST_DIR>/clava_issue10.cpp
13
31
0
0
0
0
0
0
0
0
a::b::c
RegularClass3
0
0
0
External
Default
ADDR_014
Class
1
0
0
ADDR_015
<Id to Class Map>
ADDR_015
CXXRecordDecl
<Visited Children>
ADDR_016
2
ADDR_013
ADDR_015
<NamespaceDeclData>
ADDR_016
NamespaceDecl
<TEST_DIR>/clava_issue10.cpp
11
7
<TEST_DIR>/clava_issue10.cpp
14
7
0
0
0
0
0
0
0
0
a::b
c
0
0
0
External
Default
%CLAVA_SOURCE_BLOCK%
<Id to Class Map>
ADDR_016
NamespaceDecl
<Visited Children>
ADDR_017
3
ADDR_009
ADDR_011
ADDR_016
<NamespaceDeclData>
ADDR_017
NamespaceDecl
<TEST_DIR>/clava_issue10.cpp
8
4
<TEST_DIR>/clava_issue10.cpp
15
4
0
0
0
0
0
0
0
0
a
b
0
0
0
External
Default
%CLAVA_SOURCE_BLOCK%
<Id to Class Map>
ADDR_017
NamespaceDecl
<Visited Children>
ADDR_003
3
ADDR_005
ADDR_007
ADDR_017
<NamespaceDeclData>
ADDR_003
NamespaceDecl
<TEST_DIR>/clava_issue10.cpp
5
1
<TEST_DIR>/clava_issue10.cpp
16
1
0
0
0
0
0
0
0
0

a
0
0
0
External
Default
%CLAVA_SOURCE_BLOCK%
<Id to Class Map>
ADDR_003
NamespaceDecl
<Top Level Nodes>
ADDR_018
<Visited Children>
ADDR_019
0
<BuiltinTypeData>
ADDR_019
BuiltinType
int
NONE
0
0
0
nullptr_type
Int
int
<Id to Class Map>
ADDR_019
BuiltinType
<Visited Children>
ADDR_020
0
<BuiltinTypeData>
ADDR_020
BuiltinType
char
NONE
0
0
0
nullptr_type
Char_S
char
<Id to Class Map>
ADDR_020
BuiltinType
<Visited Children>
ADDR_021
0
<PointerTypeData>
ADDR_021
PointerType
char *
NONE
0
0
0
nullptr_type
ADDR_020
<Id to Class Map>
ADDR_021
PointerType
<Visited Children>
ADDR_022
0
<PointerTypeData>
ADDR_022
PointerType
char **
NONE
0
0
0
nullptr_type
ADDR_021
<Id to Class Map>
ADDR_022
PointerType
<Visited Children>
ADDR_023
0
<ArrayTypeData>
ADDR_023
IncompleteArrayType
char *[]
NONE
0
0
0
nullptr_type
Normal
0
ADDR_021
<Id to Class Map>
ADDR_023
IncompleteArrayType
<Visited Children>
ADDR_024
0
<DecayedTypeData>
ADDR_024
DecayedType
char **
NONE
0
0
0
ADDR_022
ADDR_023
ADDR_022
ADDR_022
ADDR_021
<Id to Class Map>
ADDR_024
DecayedType
<Visited Children>
ADDR_025
0
<FunctionProtoTypeData>
ADDR_025
FunctionProtoType
int (int, char **)
NONE
0
0
0
nullptr_type
0
0
0
0
0
0
0
C
ADDR_019
2
2
ADDR_019
ADDR_024
0
0
None
None
0
<Id to Class Map>
ADDR_025
FunctionProtoType
<Top Level Types>
ADDR_025
<Top Level Types>
ADDR_019
<Visited Children>
ADDR_026
0
<ParmVarDeclData>
ADDR_026
ParmVarDecl
<TEST_DIR>/clava_issue10.cpp
18
10
<TEST_DIR>/clava_issue10.cpp
18
14
0
0
0
0
0
0
0
0

argc
0
0
0
None
Default
ADDR_019
0
None
NONE
0
CINIT
0
0
0
0
0
<Id to Class Map>
ADDR_026
ParmVarDecl
<Top Level Types>
ADDR_024
<Visited Children>
ADDR_027
0
<ParmVarDeclData>
ADDR_027
ParmVarDecl
<TEST_DIR>/clava_issue10.cpp
18
20
<TEST_DIR>/clava_issue10.cpp
18
31
0
0
0
0
0
0
0
0

argv
0
0
0
None
Default
ADDR_024
0
None
NONE
0
CINIT
0
0
0
0
0
<Id to Class Map>
ADDR_027
ParmVarDecl
<Top Level Attributes>
ADDR_028
<Top Level Attributes>
ADDR_029
<Visited Children>
ADDR_030
0
<ClassTemplateSpecializationDeclData>
ADDR_030
ClassTemplateSpecializationDecl
/opt/homebrew/opt/llvm@18/include/c++/v1/ostream
1019
1
/opt/homebrew/opt/llvm@18/include/c++/v1/ostream
1019
74
0
1
0
0
0
0
0
2
ADDR_028
ADDR_029
std
basic_ostream
0
0
0
External
Default
ADDR_031
Class
1
0
1
1
0
PUBLIC
PUBLIC
ADDR_032
ADDR_030
ADDR_033
ExplicitInstantiationDeclaration
2
Type
ADDR_020
Type
ADDR_034
<Id to Class Map>
ADDR_030
ClassTemplateSpecializationDecl
<Visited Children>
ADDR_031
0
<TagTypeData>
ADDR_031
RecordType
std::ostream
NONE
0
0
0
nullptr_type
ADDR_030
<Id to Class Map>
ADDR_031
RecordType
<Visited Children>
ADDR_035
0
<ElaboratedTypeData>
ADDR_035
ElaboratedType
ostream
NONE
0
0
0
ADDR_031
None

ADDR_031
<Id to Class Map>
ADDR_035
ElaboratedType
<Visited Children>
ADDR_036
0
<ReferenceTypeData>
ADDR_036
LValueReferenceType
ostream &
NONE
0
0
0
nullptr_type
ADDR_035
<Id to Class Map>
ADDR_036
LValueReferenceType
<Visited Children>
ADDR_037
0
<FunctionProtoTypeData>
ADDR_037
FunctionProtoType
ostream &(ostream &)
NONE
0
0
0
nullptr_type
0
0
0
0
0
0
0
C
ADDR_036
1
1
ADDR_036
0
0
None
None
0
<Id to Class Map>
ADDR_037
FunctionProtoType
<Visited Children>
ADDR_038
0
<TypeData>
ADDR_038
ParenType
ostream &(ostream &)
NONE
0
0
0
ADDR_037
<Id to Class Map>
ADDR_038
ParenType
<Visited Children>
ADDR_039
0
<PointerTypeData>
ADDR_039
PointerType
ostream &(*)(ostream &)
NONE
0
0
0
nullptr_type
ADDR_038
<Id to Class Map>
ADDR_039
PointerType
<Visited Children>
ADDR_040
0
<FunctionProtoTypeData>
ADDR_040
FunctionProtoType
ostream &(ostream &(*)(ostream &))
NONE
0
0
0
nullptr_type
0
0
0
0
0
0
0
C
ADDR_036
1
1
ADDR_039
0
0
None
None
0
<Id to Class Map>
ADDR_040
FunctionProtoType
<Top Level Types>
ADDR_040
<Top Level Attributes>
ADDR_041
<Top Level Attributes>
ADDR_042
<Top Level Types>
ADDR_040
<Visited Children>
ADDR_043
0
<CXXMethodDeclData>
ADDR_043
CXXMethodDecl
/opt/homebrew/opt/llvm@18/include/c++/v1/ostream
241
3
/opt/homebrew/opt/llvm@18/include/c++/v1/ostream
243
3
0
1
0
1
1
0
0
2
ADDR_041
ADDR_042
std::ostream
operator<<
6
1
1
External
Hidden
ADDR_040
0
0
2
None
1
0
0
0
0
nullptr_decl
ADDR_043
nullptr_decl
0
ADDR_030
0
0
1
0
0
0
0
0
ADDR_044
ADDR_031
1
0
<Id to Class Map>
ADDR_043
CXXMethodDecl
<Visited Children>
ADDR_045
0
<DeclRefExprData>
ADDR_045
DeclRefExpr
<TEST_DIR>/clava_issue10.cpp
19
32
<end>
0
0
ADDR_040
1
0
0

0
ADDR_043
<Id to Class Map>
ADDR_045
DeclRefExpr
<Visited Children>
ADDR_046
0
<PointerTypeData>
ADDR_046
PointerType
ostream &(*)(ostream &(*)(ostream &))
NONE
0
0
0
nullptr_type
ADDR_040
<Id to Class Map>
ADDR_046
PointerType
<Top Level Types>
ADDR_046
<Visited Children>
ADDR_047
1
ADDR_045
<ExprData>
ADDR_047
ImplicitCastExpr
<TEST_DIR>/clava_issue10.cpp
19
32
<end>
0
0
ADDR_046
0
0
0
<Id to Class Map>
ADDR_047
ImplicitCastExpr
<Visited Children>
ADDR_048
0
<ClassTemplateSpecializationDeclData>
ADDR_048
ClassTemplateSpecializationDecl
/opt/homebrew/opt/llvm@18/include/c++/v1/__string/char_traits.h
177
1
/opt/homebrew/opt/llvm@18/include/c++/v1/__string/char_traits.h
269
1
0
1
0
0
0
0
0
0
std
char_traits
0
0
0
External
Default
ADDR_034
Struct
1
0
0
ADDR_048
ADDR_049
ExplicitSpecialization
1
Type
ADDR_020
<Id to Class Map>
ADDR_048
ClassTemplateSpecializationDecl
<Visited Children>
ADDR_034
0
<TagTypeData>
ADDR_034
RecordType
std::char_traits<char>
NONE
0
0
0
nullptr_type
ADDR_048
<Id to Class Map>
ADDR_034
RecordType
<Visited Children>
ADDR_050
0
<TemplateTypeParmDeclData>
ADDR_050
TemplateTypeParmDecl
/opt/homebrew/opt/llvm@18/include/c++/v1/ostream
785
11
/opt/homebrew/opt/llvm@18/include/c++/v1/ostream
785
17
0
1
0
0
1
0
0
0

_Traits
0
0
0
None
Default
ADDR_051
CLASS
0
nullptr_type
<Id to Class Map>
ADDR_050
TemplateTypeParmDecl
<Visited Children>
ADDR_052
0
<SubstTemplateTypeParmTypeData>
ADDR_052
SubstTemplateTypeParmType
std::char_traits<char>
NONE
0
0
0
ADDR_034
ADDR_050
ADDR_034
<Id to Class Map>
ADDR_052
SubstTemplateTypeParmType
<Visited Children>
ADDR_053
0
<TemplateDeclData>
ADDR_053
ClassTemplateDecl
/opt/homebrew/opt/llvm@18/include/c++/v1/ostream
207
1
/opt/homebrew/opt/llvm@18/include/c++/v1/ostream
296
1
0
1
0
0
0
0
0
0
std
basic_ostream
0
0
0
External
Default
2
ADDR_054
ADDR_055
ADDR_056
<Id to Class Map>
ADDR_053
ClassTemplateDecl
<Visited Children>
ADDR_057
0
<TemplateSpecializationTypeData>
ADDR_057
TemplateSpecializationType
basic_ostream<char, std::char_traits<char>>
NONE
0
0
0
ADDR_031
0
nullptr_type
basic_ostream
ADDR_053
2
Type
ADDR_020
Type
ADDR_052
<Id to Class Map>
ADDR_057
TemplateSpecializationType
<Visited Children>
ADDR_058
0
<ElaboratedTypeData>
ADDR_058
ElaboratedType
basic_ostream<char, char_traits<char>>
NONE
0
0
0
ADDR_057
None

ADDR_057
<Id to Class Map>
ADDR_058
ElaboratedType
<Visited Children>
ADDR_059
0
<ReferenceTypeData>
ADDR_059
LValueReferenceType
basic_ostream<char, char_traits<char>> &
NONE
0
0
0
nullptr_type
ADDR_058
<Id to Class Map>
ADDR_059
LValueReferenceType
<Visited Children>
ADDR_060
0
<TemplateSpecializationTypeData>
ADDR_060
TemplateSpecializationType
basic_ostream<char, std::char_traits<char>>
NONE
0
0
0
ADDR_031
0
nullptr_type
basic_ostream
ADDR_053
2
Type
ADDR_020
Type
ADDR_052
<Id to Class Map>
ADDR_060
TemplateSpecializationType
<Visited Children>
ADDR_061
0
<ElaboratedTypeData>
ADDR_061
ElaboratedType
basic_ostream<char, char_traits<char>>
NONE
0
0
0
ADDR_060
None

ADDR_060
<Id to Class Map>
ADDR_061
ElaboratedType
<Visited Children>
ADDR_062
0
<ReferenceTypeData>
ADDR_062
LValueReferenceType
basic_ostream<char, char_traits<char>> &
NONE
0
0
0
nullptr_type
ADDR_061
<Id to Class Map>
ADDR_062
LValueReferenceType
<Visited Children>
ADDR_063
0
<QualTypeData>
ADDR_063
QualType
const char
NONE
0
0
0
nullptr_type
1
CONST
NONE
0
ADDR_020
<Id to Class Map>
ADDR_063
QualType
<Visited Children>
ADDR_064
0
<PointerTypeData>
ADDR_064
PointerType
const char *
NONE
0
0
0
nullptr_type
ADDR_063
<Id to Class Map>
ADDR_064
PointerType
<Visited Children>
ADDR_065
0
<FunctionProtoTypeData>
ADDR_065
FunctionProtoType
basic_ostream<char, char_traits<char>> &(basic_ostream<char, char_traits<char>> &, const char *)
NONE
0
0
0
nullptr_type
0
0
0
0
0
0
0
C
ADDR_059
2
2
ADDR_062
ADDR_064
0
0
None
None
0
<Id to Class Map>
ADDR_065
FunctionProtoType
<Top Level Types>
ADDR_065
<Top Level Attributes>
ADDR_066
<Top Level Attributes>
ADDR_067
<Top Level Types>
ADDR_065
<Visited Children>
ADDR_068
0
<FunctionDeclData>
ADDR_068
FunctionDecl
/opt/homebrew/opt/llvm@18/include/c++/v1/ostream
786
1
/opt/homebrew/opt/llvm@18/include/c++/v1/ostream
788
1
1
/opt/homebrew/opt/llvm@18/include/c++/v1/__config
743
39
/opt/homebrew/opt/llvm@18/include/c++/v1/ostream
788
1
1
0
1
1
0
0
2
ADDR_066
ADDR_067
std::__1
operator<<
6
0
0
External
Hidden
ADDR_065
0
0
3
None
0
0
0
0
0
nullptr_decl
ADDR_068
ADDR_069
1
Type
ADDR_034
<Id to Class Map>
ADDR_068
FunctionDecl
<Visited Children>
ADDR_070
0
<DeclRefExprData>
ADDR_070
DeclRefExpr
<TEST_DIR>/clava_issue10.cpp
19
14
<end>
0
0
ADDR_065
1
0
0

0
ADDR_068
<Id to Class Map>
ADDR_070
DeclRefExpr
<Visited Children>
ADDR_071
0
<PointerTypeData>
ADDR_071
PointerType
basic_ostream<char, char_traits<char>> &(*)(basic_ostream<char, char_traits<char>> &, const char *)
NONE
0
0
0
nullptr_type
ADDR_065
<Id to Class Map>
ADDR_071
PointerType
<Top Level Types>
ADDR_071
<Visited Children>
ADDR_072
1
ADDR_070
<ExprData>
ADDR_072
ImplicitCastExpr
<TEST_DIR>/clava_issue10.cpp
19
14
<end>
0
0
ADDR_071
0
0
0
<Id to Class Map>
ADDR_072
ImplicitCastExpr
<Visited Children>
ADDR_033
0
<TemplateDeclData>
ADDR_033
ClassTemplateDecl
/opt/homebrew/opt/llvm@18/include/c++/v1/__fwd/ostream.h
21
1
/opt/homebrew/opt/llvm@18/include/c++/v1/__fwd/ostream.h
22
28
0
1
0
0
0
0
0
0
std
basic_ostream
0
0
0
External
Default
2
ADDR_073
ADDR_074
ADDR_075
<Id to Class Map>
ADDR_033
ClassTemplateDecl
<Visited Children>
ADDR_076
0
<TemplateSpecializationTypeData>
ADDR_076
TemplateSpecializationType
ostream
NONE
0
0
0
ADDR_031
0
nullptr_type
basic_ostream
ADDR_033
1
Type
ADDR_020
<Id to Class Map>
ADDR_076
TemplateSpecializationType
<Visited Children>
ADDR_077
0
<ElaboratedTypeData>
ADDR_077
ElaboratedType
ostream
NONE
0
0
0
ADDR_076
None

ADDR_076
<Id to Class Map>
ADDR_077
ElaboratedType
<Visited Children>
ADDR_078
0
<TypedefNameDeclData>
ADDR_078
TypeAliasDecl
/opt/homebrew/opt/llvm@18/include/c++/v1/__fwd/ostream.h
24
1
/opt/homebrew/opt/llvm@18/include/c++/v1/__fwd/ostream.h
24
35
0
1
0
0
1
0
0
0
std
ostream
0
0
0
None
Default
ADDR_079
ADDR_077
<Id to Class Map>
ADDR_078
TypeAliasDecl
<Visited Children>
ADDR_079
0
<TypedefTypeData>
ADDR_079
TypedefType
std::ostream
NONE
0
0
0
ADDR_077
ADDR_078
<Id to Class Map>
ADDR_079
TypedefType
<Visited Children>
ADDR_080
0
<ElaboratedTypeData>
ADDR_080
ElaboratedType
ostream
NONE
0
0
0
ADDR_079
None

ADDR_079
<Id to Class Map>
ADDR_080
ElaboratedType
<Top Level Types>
ADDR_080
<Top Level Attributes>
ADDR_081
<Top Level Types>
ADDR_080
<Visited Children>
ADDR_082
0
<VarDeclData>
ADDR_082
VarDecl
/opt/homebrew/opt/llvm@18/include/c++/v1/iostream
55
1
/opt/homebrew/opt/llvm@18/include/c++/v1/iostream
55
42
0
1
0
1
1
0
0
1
ADDR_081
std
cout
0
0
0
External
Default
ADDR_080
0
Extern
NONE
0
CINIT
0
0
0
1
<Id to Class Map>
ADDR_082
VarDecl
<Visited Children>
ADDR_083
0
<DeclRefExprData>
ADDR_083
DeclRefExpr
<TEST_DIR>/clava_issue10.cpp
19
4
<TEST_DIR>/clava_issue10.cpp
19
9
0
0
ADDR_080
1
0
0
std::
0
ADDR_082
<Id to Class Map>
ADDR_083
DeclRefExpr
<Visited Children>
ADDR_084
0
<ConstantArrayTypeData>
ADDR_084
ConstantArrayType
const char[13]
NONE
0
0
0
nullptr_type
Normal
0
ADDR_063
13
<Id to Class Map>
ADDR_084
ConstantArrayType
<Top Level Types>
ADDR_084
<Visited Children>
ADDR_085
0
<StringLiteralData>
ADDR_085
StringLiteral
<TEST_DIR>/clava_issue10.cpp
19
17
<end>
0
0
ADDR_084
1
0
0
%CLAVA_SOURCE_BLOCK%
ORDINARY
12
1
12
72
101
108
108
111
32
87
111
114
108
100
33
<Id to Class Map>
ADDR_085
StringLiteral
<Top Level Types>
ADDR_064
<Visited Children>
ADDR_086
1
ADDR_085
<ExprData>
ADDR_086
ImplicitCastExpr
<TEST_DIR>/clava_issue10.cpp
19
17
<end>
0
0
ADDR_064
0
0
0
<Id to Class Map>
ADDR_086
ImplicitCastExpr
<Top Level Types>
ADDR_058
<Visited Children>
ADDR_087
3
ADDR_072
ADDR_083
ADDR_086
<CallExprData>
ADDR_087
CXXOperatorCallExpr
<TEST_DIR>/clava_issue10.cpp
19
4
<TEST_DIR>/clava_issue10.cpp
19
17
0
0
ADDR_058
1
0
0
ADDR_068
<Id to Class Map>
ADDR_087
CXXOperatorCallExpr
<Visited Children>
ADDR_088
0
<TemplateTypeParmDeclData>
ADDR_088
TemplateTypeParmDecl
/opt/homebrew/opt/llvm@18/include/c++/v1/ostream
890
11
/opt/homebrew/opt/llvm@18/include/c++/v1/ostream
890
17
0
1
0
0
1
0
0
0

_CharT
0
0
0
None
Hidden
ADDR_089
CLASS
0
nullptr_type
<Id to Class Map>
ADDR_088
TemplateTypeParmDecl
<Visited Children>
ADDR_090
0
<SubstTemplateTypeParmTypeData>
ADDR_090
SubstTemplateTypeParmType
char
NONE
0
0
0
ADDR_020
ADDR_088
ADDR_020
<Id to Class Map>
ADDR_090
SubstTemplateTypeParmType
<Visited Children>
ADDR_091
0
<TemplateTypeParmDeclData>
ADDR_091
TemplateTypeParmDecl
/opt/homebrew/opt/llvm@18/include/c++/v1/ostream
890
25
/opt/homebrew/opt/llvm@18/include/c++/v1/ostream
890
31
0
1
0
0
1
0
0
0

_Traits
0
0
0
None
Hidden
ADDR_092
CLASS
0
nullptr_type
<Id to Class Map>
ADDR_091
TemplateTypeParmDecl
<Visited Children>
ADDR_093
0
<SubstTemplateTypeParmTypeData>
ADDR_093
SubstTemplateTypeParmType
std::char_traits<char>
NONE
0
0
0
ADDR_034
ADDR_091
ADDR_034
<Id to Class Map>
ADDR_093
SubstTemplateTypeParmType
<Visited Children>
ADDR_094
0
<TemplateSpecializationTypeData>
ADDR_094
TemplateSpecializationType
basic_ostream<char, std::char_traits<char>>
NONE
0
0
0
ADDR_031
0
nullptr_type
basic_ostream
ADDR_053
2
Type
ADDR_090
Type
ADDR_093
<Id to Class Map>
ADDR_094
TemplateSpecializationType
<Visited Children>
ADDR_095
0
<ElaboratedTypeData>
ADDR_095
ElaboratedType
basic_ostream<char, char_traits<char>>
NONE
0
0
0
ADDR_094
None

ADDR_094
<Id to Class Map>
ADDR_095
ElaboratedType
<Visited Children>
ADDR_096
0
<ReferenceTypeData>
ADDR_096
LValueReferenceType
basic_ostream<char, char_traits<char>> &
NONE
0
0
0
nullptr_type
ADDR_095
<Id to Class Map>
ADDR_096
LValueReferenceType
<Visited Children>
ADDR_097
0
<TemplateSpecializationTypeData>
ADDR_097
TemplateSpecializationType
basic_ostream<char, std::char_traits<char>>
NONE
0
0
0
ADDR_031
0
nullptr_type
basic_ostream
ADDR_053
2
Type
ADDR_090
Type
ADDR_093
<Id to Class Map>
ADDR_097
TemplateSpecializationType
<Visited Children>
ADDR_098
0
<ElaboratedTypeData>
ADDR_098
ElaboratedType
basic_ostream<char, char_traits<char>>
NONE
0
0
0
ADDR_097
None

ADDR_097
<Id to Class Map>
ADDR_098
ElaboratedType
<Visited Children>
ADDR_099
0
<ReferenceTypeData>
ADDR_099
LValueReferenceType
basic_ostream<char, char_traits<char>> &
NONE
0
0
0
nullptr_type
ADDR_098
<Id to Class Map>
ADDR_099
LValueReferenceType
<Visited Children>
ADDR_100
0
<FunctionProtoTypeData>
ADDR_100
FunctionProtoType
basic_ostream<char, char_traits<char>> &(basic_ostream<char, char_traits<char>> &)
NONE
0
0
0
nullptr_type
0
0
0
0
0
0
0
C
ADDR_096
1
1
ADDR_099
0
0
None
None
0
<Id to Class Map>
ADDR_100
FunctionProtoType
<Top Level Types>
ADDR_100
<Top Level Attributes>
ADDR_101
<Top Level Attributes>
ADDR_102
<Top Level Types>
ADDR_100
<Visited Children>
ADDR_103
0
<FunctionDeclData>
ADDR_103
FunctionDecl
/opt/homebrew/opt/llvm@18/include/c++/v1/ostream
891
1
/opt/homebrew/opt/llvm@18/include/c++/v1/ostream
895
1
1
/opt/homebrew/opt/llvm@18/include/c++/v1/__config
743
39
/opt/homebrew/opt/llvm@18/include/c++/v1/ostream
895
1
1
0
1
1
0
0
2
ADDR_101
ADDR_102
std
endl
0
0
0
External
Hidden
ADDR_100
0
0
3
None
1
0
0
0
0
nullptr_decl
ADDR_103
ADDR_104
2
Type
ADDR_020
Type
ADDR_034
<Id to Class Map>
ADDR_103
FunctionDecl
<Visited Children>
ADDR_105
0
<DeclRefExprData>
ADDR_105
DeclRefExpr
<TEST_DIR>/clava_issue10.cpp
19
35
<TEST_DIR>/clava_issue10.cpp
19
40
0
0
ADDR_100
1
0
0
std::
0
ADDR_103
<Id to Class Map>
ADDR_105
DeclRefExpr
<Visited Children>
ADDR_106
0
<PointerTypeData>
ADDR_106
PointerType
basic_ostream<char, char_traits<char>> &(*)(basic_ostream<char, char_traits<char>> &)
NONE
0
0
0
nullptr_type
ADDR_100
<Id to Class Map>
ADDR_106
PointerType
<Top Level Types>
ADDR_106
<Visited Children>
ADDR_107
1
ADDR_105
<ExprData>
ADDR_107
ImplicitCastExpr
<TEST_DIR>/clava_issue10.cpp
19
35
<TEST_DIR>/clava_issue10.cpp
19
40
0
0
ADDR_106
0
0
0
<Id to Class Map>
ADDR_107
ImplicitCastExpr
<Top Level Types>
ADDR_035
<Visited Children>
ADDR_108
3
ADDR_047
ADDR_087
ADDR_107
<CallExprData>
ADDR_108
CXXOperatorCallExpr
<TEST_DIR>/clava_issue10.cpp
19
4
<TEST_DIR>/clava_issue10.cpp
19
40
0
0
ADDR_035
1
0
0
ADDR_043
<Id to Class Map>
ADDR_108
CXXOperatorCallExpr
<Top Level Types>
ADDR_019
<Visited Children>
ADDR_109
0
<IntegerLiteralData>
ADDR_109
IntegerLiteral
<TEST_DIR>/clava_issue10.cpp
20
11
<end>
0
0
ADDR_019
0
0
0
%CLAVA_SOURCE_BLOCK%
0
<Id to Class Map>
ADDR_109
IntegerLiteral
<Visited Children>
ADDR_110
1
ADDR_109
<StmtData>
ADDR_110
ReturnStmt
<TEST_DIR>/clava_issue10.cpp
20
4
<TEST_DIR>/clava_issue10.cpp
20
11
0
0
<Id to Class Map>
ADDR_110
ReturnStmt
<Visited Children>
ADDR_111
2
ADDR_108
ADDR_110
<StmtData>
ADDR_111
CompoundStmt
<TEST_DIR>/clava_issue10.cpp
18
33
<TEST_DIR>/clava_issue10.cpp
21
1
0
0
<Id to Class Map>
ADDR_111
CompoundStmt
<Visited Children>
ADDR_018
3
ADDR_026
ADDR_027
ADDR_111
<FunctionDeclData>
ADDR_018
FunctionDecl
<TEST_DIR>/clava_issue10.cpp
18
1
<TEST_DIR>/clava_issue10.cpp
21
1
0
0
0
0
0
0
0
0

main
0
0
0
External
Default
ADDR_025
0
0
0
None
0
0
0
0
0
nullptr_decl
ADDR_018
nullptr_decl
0
<Id to Class Map>
ADDR_018
FunctionDecl
