<Compiler Instance Data>
<TEST_DIR>/predefined.c
1
0
1
1
0
0
0
0
0
0
0
1
1
1
0
0
0
0
0
0
0
8
32
64
<LONG_DOUBLE_WIDTH>
8
16
32
<LONG_WIDTH>
64
<Id-File Map>
0
<TEST_DIR>/predefined.c
<Includes>
<TEST_DIR>/predefined.c
stdio.h
1
1
<Top Level Nodes>
ADDR_001
<Visited Children>
ADDR_002
0
<BuiltinTypeData>
ADDR_002
BuiltinType
int
NONE
0
0
0
nullptr_type
Int
int
<Id to Class Map>
ADDR_002
BuiltinType
<Visited Children>
ADDR_003
0
<FunctionTypeData>
ADDR_003
FunctionNoProtoType
int ()
NONE
0
0
0
nullptr_type
0
0
0
0
0
0
0
C
ADDR_002
<Id to Class Map>
ADDR_003
FunctionNoProtoType
<Top Level Types>
ADDR_003
<Visited Children>
ADDR_004
0
<BuiltinTypeData>
ADDR_004
BuiltinType
char
NONE
0
0
0
nullptr_type
Char_S
char
<Id to Class Map>
ADDR_004
BuiltinType
<Visited Children>
ADDR_005
0
<QualTypeData>
ADDR_005
QualType
const char
NONE
0
0
0
nullptr_type
1
CONST
NONE
0
ADDR_004
<Id to Class Map>
ADDR_005
QualType
<Visited Children>
ADDR_006
0
<PointerTypeData>
ADDR_006
PointerType
const char *
NONE
0
0
0
nullptr_type
ADDR_005
<Id to Class Map>
ADDR_006
PointerType
<Visited Children>
ADDR_007
0
<FunctionProtoTypeData>
ADDR_007
FunctionProtoType
int (const char *, ...)
NONE
0
0
0
nullptr_type
0
0
0
0
0
0
0
C
ADDR_002
1
1
ADDR_006
0
1
None
None
0
<Id to Class Map>
ADDR_007
FunctionProtoType
<Top Level Types>
ADDR_007
<Visited Children>
ADDR_008
0
<AttributeData>
ADDR_008
BuiltinAttr
<invalid>
0
0
Builtin
1
1
0
0
<Id to Class Map>
ADDR_008
BuiltinAttr
<Top Level Attributes>
ADDR_008
<Visited Children>
ADDR_009
0
<FormatAttrData>
ADDR_009
FormatAttr
<SYSTEM_INCLUDE>/_printf.h
34
43
<SYSTEM_INCLUDE>/_printf.h
34
60
1
<SYSTEM_INCLUDE>/sys/cdefs.h
430
17
<SYSTEM_INCLUDE>/sys/cdefs.h
430
60
1
Format
0
0
0
0
printf
1
2
<Id to Class Map>
ADDR_009
FormatAttr
<Top Level Attributes>
ADDR_009
<Top Level Types>
ADDR_007
<Visited Children>
ADDR_010
0
<AttributeData>
ADDR_010
BuiltinAttr
<invalid>
0
0
Builtin
1
0
0
0
<Id to Class Map>
ADDR_010
BuiltinAttr
<Top Level Attributes>
ADDR_010
<Visited Children>
ADDR_011
0
<FormatAttrData>
ADDR_011
FormatAttr
<SYSTEM_INCLUDE>/_printf.h
34
6
<end>
0
1
Format
1
0
0
0
printf
1
2
<Id to Class Map>
ADDR_011
FormatAttr
<Top Level Attributes>
ADDR_011
<Top Level Types>
ADDR_007
<Visited Children>
ADDR_012
0
<FunctionDeclData>
ADDR_012
FunctionDecl
<SYSTEM_INCLUDE>/_printf.h
34
6
<end>
0
1
1
1
1
0
0
2
ADDR_010
ADDR_011

printf
0
0
0
External
Default
ADDR_007
0
0
0
Extern
0
0
0
0
0
nullptr_decl
ADDR_012
nullptr_decl
0
<Id to Class Map>
ADDR_012
FunctionDecl
<Visited Children>
ADDR_013
0
<QualTypeData>
ADDR_013
QualType
const char *restrict
NONE
0
0
0
nullptr_type
1
RESTRICT_C99
NONE
0
ADDR_006
<Id to Class Map>
ADDR_013
QualType
<Top Level Types>
ADDR_013
<Visited Children>
ADDR_014
0
<ParmVarDeclData>
ADDR_014
ParmVarDecl
<SYSTEM_INCLUDE>/_printf.h
34
13
<SYSTEM_INCLUDE>/_printf.h
34
24
0
1
0
0
0
0
0
0


0
0
0
None
Default
ADDR_013
0
None
NONE
0
CINIT
0
0
0
0
0
<Id to Class Map>
ADDR_014
ParmVarDecl
<Visited Children>
ADDR_015
1
ADDR_014
<FunctionDeclData>
ADDR_015
FunctionDecl
<SYSTEM_INCLUDE>/_printf.h
34
1
<SYSTEM_INCLUDE>/_printf.h
34
60
1
<SYSTEM_INCLUDE>/_printf.h
34
1
<SYSTEM_INCLUDE>/sys/cdefs.h
430
62
1
0
1
1
0
0
2
ADDR_008
ADDR_009

printf
0
0
0
External
Default
ADDR_007
0
0
0
None
0
0
0
0
0
ADDR_012
ADDR_012
nullptr_decl
0
<Id to Class Map>
ADDR_015
FunctionDecl
<Visited Children>
ADDR_016
0
<DeclRefExprData>
ADDR_016
DeclRefExpr
<TEST_DIR>/predefined.c
4
2
<end>
0
0
ADDR_007
0
0
0

0
ADDR_015
<Id to Class Map>
ADDR_016
DeclRefExpr
<Visited Children>
ADDR_017
0
<PointerTypeData>
ADDR_017
PointerType
int (*)(const char *, ...)
NONE
0
0
0
nullptr_type
ADDR_007
<Id to Class Map>
ADDR_017
PointerType
<Top Level Types>
ADDR_017
<Visited Children>
ADDR_018
1
ADDR_016
<ExprData>
ADDR_018
ImplicitCastExpr
<TEST_DIR>/predefined.c
4
2
<end>
0
0
ADDR_017
0
0
0
<Id to Class Map>
ADDR_018
ImplicitCastExpr
<Visited Children>
ADDR_019
0
<ConstantArrayTypeData>
ADDR_019
ConstantArrayType
char[9]
NONE
0
0
0
nullptr_type
Normal
0
ADDR_004
9
<Id to Class Map>
ADDR_019
ConstantArrayType
<Top Level Types>
ADDR_019
<Visited Children>
ADDR_020
0
<StringLiteralData>
ADDR_020
StringLiteral
<TEST_DIR>/predefined.c
4
9
<end>
0
0
ADDR_019
1
0
0
%CLAVA_SOURCE_BEGIN%
"Func: %s"
%CLAVA_SOURCE_END%
ORDINARY
8
1
8
70
117
110
99
58
32
37
115
<Id to Class Map>
ADDR_020
StringLiteral
<Visited Children>
ADDR_021
0
<PointerTypeData>
ADDR_021
PointerType
char *
NONE
0
0
0
nullptr_type
ADDR_004
<Id to Class Map>
ADDR_021
PointerType
<Top Level Types>
ADDR_021
<Visited Children>
ADDR_022
1
ADDR_020
<ExprData>
ADDR_022
ImplicitCastExpr
<TEST_DIR>/predefined.c
4
9
<end>
0
0
ADDR_021
0
0
0
<Id to Class Map>
ADDR_022
ImplicitCastExpr
<Top Level Types>
ADDR_006
<Visited Children>
ADDR_023
1
ADDR_022
<ExprData>
ADDR_023
ImplicitCastExpr
<TEST_DIR>/predefined.c
4
9
<end>
0
0
ADDR_006
0
0
0
<Id to Class Map>
ADDR_023
ImplicitCastExpr
<Visited Children>
ADDR_024
0
<ConstantArrayTypeData>
ADDR_024
ConstantArrayType
const char[5]
NONE
0
0
0
nullptr_type
Normal
0
ADDR_005
5
<Id to Class Map>
ADDR_024
ConstantArrayType
<Top Level Types>
ADDR_024
<Visited Children>
ADDR_025
0
<StringLiteralData>
ADDR_025
StringLiteral
<TEST_DIR>/predefined.c
4
21
<end>
0
0
ADDR_024
1
0
0
%CLAVA_SOURCE_BEGIN%
__func__
%CLAVA_SOURCE_END%
ORDINARY
4
1
4
109
97
105
110
<Id to Class Map>
ADDR_025
StringLiteral
<Top Level Types>
ADDR_024
<Visited Children>
ADDR_026
1
ADDR_025
<PredefinedExprData>
ADDR_026
PredefinedExpr
<TEST_DIR>/predefined.c
4
21
<end>
0
0
ADDR_024
1
0
0
Func
<Id to Class Map>
ADDR_026
PredefinedExpr
<Top Level Types>
ADDR_006
<Visited Children>
ADDR_027
1
ADDR_026
<ExprData>
ADDR_027
ImplicitCastExpr
<TEST_DIR>/predefined.c
4
21
<end>
0
0
ADDR_006
0
0
0
<Id to Class Map>
ADDR_027
ImplicitCastExpr
<Top Level Types>
ADDR_002
<Visited Children>
ADDR_028
3
ADDR_018
ADDR_023
ADDR_027
<CallExprData>
ADDR_028
CallExpr
<TEST_DIR>/predefined.c
4
2
<TEST_DIR>/predefined.c
4
30
0
0
ADDR_002
0
0
0
ADDR_015
<Id to Class Map>
ADDR_028
CallExpr
<Visited Children>
ADDR_029
1
ADDR_028
<StmtData>
ADDR_029
CompoundStmt
<TEST_DIR>/predefined.c
3
12
<TEST_DIR>/predefined.c
5
1
0
0
<Id to Class Map>
ADDR_029
CompoundStmt
<Visited Children>
ADDR_001
1
ADDR_029
<FunctionDeclData>
ADDR_001
FunctionDecl
<TEST_DIR>/predefined.c
3
1
<TEST_DIR>/predefined.c
5
1
0
0
0
0
0
0
0
0

main
0
0
0
External
Default
ADDR_003
0
0
0
None
0
0
0
0
0
nullptr_decl
ADDR_001
nullptr_decl
0
<Id to Class Map>
ADDR_001
FunctionDecl
