<Compiler Instance Data>
<TEST_DIR>/classes.cpp
1
0
0
0
1
1
1
1
0
0
0
1
1
1
0
0
0
0
1
0
1
8
32
64
<LONG_DOUBLE_WIDTH>
8
16
32
<LONG_WIDTH>
64
<Id-File Map>
0
<TEST_DIR>/classes.cpp
<Includes>
<TEST_DIR>/classes.cpp
list
1
1
<Top Level Nodes>
ADDR_001
<Visited Children>
ADDR_002
0
<BuiltinTypeData>
ADDR_002
BuiltinType
unsigned long
NONE
0
0
0
nullptr_type
ULong
unsigned long
<Id to Class Map>
ADDR_002
BuiltinType
<Visited Children>
ADDR_003
0
<TypedefTypeData>
ADDR_003
TypedefType
std::size_t
NONE
0
0
0
ADDR_002
ADDR_004
<Id to Class Map>
ADDR_003
TypedefType
<Visited Children>
ADDR_004
0
<TypedefNameDeclData>
ADDR_004
TypedefDecl
<SYSTEM_INCLUDE>/c++/bits/c++config.h
310
3
<SYSTEM_INCLUDE>/c++/bits/c++config.h
310
26
0
1
0
0
1
0
0
0
std
size_t
0
0
0
None
Default
ADDR_003
ADDR_002
<Id to Class Map>
ADDR_004
TypedefDecl
<Visited Children>
ADDR_005
0
<BuiltinTypeData>
ADDR_005
BuiltinType
long
NONE
0
0
0
nullptr_type
Long
long
<Id to Class Map>
ADDR_005
BuiltinType
<Visited Children>
ADDR_006
0
<TypedefTypeData>
ADDR_006
TypedefType
std::ptrdiff_t
NONE
0
0
0
ADDR_005
ADDR_007
<Id to Class Map>
ADDR_006
TypedefType
<Visited Children>
ADDR_007
0
<TypedefNameDeclData>
ADDR_007
TypedefDecl
<SYSTEM_INCLUDE>/c++/bits/c++config.h
311
3
<SYSTEM_INCLUDE>/c++/bits/c++config.h
311
28
0
1
0
0
1
0
0
0
std
ptrdiff_t
0
0
0
None
Default
ADDR_006
ADDR_005
<Id to Class Map>
ADDR_007
TypedefDecl
<Visited Children>
ADDR_008
0
<BuiltinTypeData>
ADDR_008
BuiltinType
std::nullptr_t
NONE
0
0
0
nullptr_type
NullPtr
std::nullptr_t
<Id to Class Map>
ADDR_008
BuiltinType
<Top Level Types>
ADDR_008
<Visited Children>
ADDR_009
0
<ExprData>
ADDR_009
CXXNullPtrLiteralExpr
<SYSTEM_INCLUDE>/c++/bits/c++config.h
314
20
<end>
0
1
ADDR_008
0
0
0
<Id to Class Map>
ADDR_009
CXXNullPtrLiteralExpr
<Visited Children>
ADDR_010
0
<DecltypeTypeData>
ADDR_010
DecltypeType
decltype(nullptr)
NONE
0
0
0
ADDR_008
1
ADDR_009
<Id to Class Map>
ADDR_010
DecltypeType
<Visited Children>
ADDR_011
0
<TypedefTypeData>
ADDR_011
TypedefType
std::nullptr_t
NONE
0
0
0
ADDR_010
ADDR_012
<Id to Class Map>
ADDR_011
TypedefType
<Visited Children>
ADDR_012
0
<TypedefNameDeclData>
ADDR_012
TypedefDecl
<SYSTEM_INCLUDE>/c++/bits/c++config.h
314
3
<SYSTEM_INCLUDE>/c++/bits/c++config.h
314
29
0
1
0
0
1
0
0
0
std
nullptr_t
0
0
0
None
Default
ADDR_011
ADDR_010
<Id to Class Map>
ADDR_012
TypedefDecl
<Visited Children>
ADDR_013
0
<LinkageSpecDeclData>
ADDR_013
LinkageSpecDecl
<SYSTEM_INCLUDE>/c++/bits/c++config.h
320
3
<SYSTEM_INCLUDE>/c++/bits/c++config.h
325
3
0
1
0
0
0
0
0
0
CXX
<Id to Class Map>
ADDR_013
LinkageSpecDecl
<Visited Children>
ADDR_014
4
ADDR_004
ADDR_007
ADDR_012
ADDR_013
<NamespaceDeclData>
ADDR_014
NamespaceDecl
<SYSTEM_INCLUDE>/c++/bits/c++config.h
308
1
<SYSTEM_INCLUDE>/c++/bits/c++config.h
327
1
0
1
0
0
0
0
0
0

std
0
0
0
External
Default
%CLAVA_SYSTEM_SOURCE_BLOCK%
<Id to Class Map>
ADDR_014
NamespaceDecl
<Visited Children>
ADDR_001
0
<UsingDirectiveDeclData>
ADDR_001
UsingDirectiveDecl
<TEST_DIR>/classes.cpp
3
1
<TEST_DIR>/classes.cpp
3
17
0
0
0
0
0
0
0
0

<using-directive>
10
0
0
None
Default
%CLAVA_SOURCE_BEGIN%
using namespace std
%CLAVA_SOURCE_END%
ADDR_014
ADDR_014
<Id to Class Map>
ADDR_001
UsingDirectiveDecl
<Top Level Nodes>
ADDR_015
<Visited Children>
ADDR_016
0
<TagTypeData>
ADDR_016
RecordType
testspace::BondMap
NONE
0
0
0
nullptr_type
ADDR_017
<Id to Class Map>
ADDR_016
RecordType
<Visited Children>
ADDR_018
0
<AccessSpecDeclData>
ADDR_018
AccessSpecDecl
<TEST_DIR>/classes.cpp
10
4
<TEST_DIR>/classes.cpp
10
10
0
0
0
0
0
0
0
0
PUBLIC
<Id to Class Map>
ADDR_018
AccessSpecDecl
<Visited Children>
ADDR_019
0
<BuiltinTypeData>
ADDR_019
BuiltinType
int
NONE
0
0
0
nullptr_type
Int
int
<Id to Class Map>
ADDR_019
BuiltinType
<Top Level Types>
ADDR_019
<Visited Children>
ADDR_020
2
nullptr_expr
nullptr_expr
<FieldDeclData>
ADDR_020
FieldDecl
<TEST_DIR>/classes.cpp
17
4
<TEST_DIR>/classes.cpp
17
8
0
0
0
0
0
0
0
0
testspace::BondMap::MAtom
a
0
1
1
External
Default
ADDR_019
0
0
<Id to Class Map>
ADDR_020
FieldDecl
<Visited Children>
ADDR_021
1
ADDR_020
<CXXRecordDeclData>
ADDR_021
CXXRecordDecl
<TEST_DIR>/classes.cpp
16
4
<TEST_DIR>/classes.cpp
18
7
0
0
0
0
0
0
0
0
testspace::BondMap
MAtom
0
1
0
External
Default
ADDR_022
Struct
1
0
0
ADDR_021
<Id to Class Map>
ADDR_021
CXXRecordDecl
<Visited Children>
ADDR_022
0
<TagTypeData>
ADDR_022
RecordType
testspace::BondMap::MAtom
NONE
0
0
0
nullptr_type
ADDR_021
<Id to Class Map>
ADDR_022
RecordType
<Visited Children>
ADDR_023
0
<CXXRecordDeclData>
ADDR_023
CXXRecordDecl
<TEST_DIR>/classes.cpp
11
7
<TEST_DIR>/classes.cpp
11
14
0
0
0
0
0
0
0
0
testspace::BondMap
MAtom
0
1
0
External
Default
ADDR_022
Struct
0
0
0
ADDR_021
<Id to Class Map>
ADDR_023
CXXRecordDecl
<Visited Children>
ADDR_024
0
<TagTypeData>
ADDR_024
RecordType
testspace::BondMap::MBond
NONE
0
0
0
nullptr_type
ADDR_025
<Id to Class Map>
ADDR_024
RecordType
<Visited Children>
ADDR_026
0
<AttributeData>
ADDR_026
PointerAttr
<invalid>
0
0
Pointer
1
0
0
0
<Id to Class Map>
ADDR_026
PointerAttr
<Top Level Attributes>
ADDR_026
<Visited Children>
ADDR_027
0
<TemplateTypeParmTypeData>
ADDR_027
TemplateTypeParmType
_Tp
DEPENDENT
0
0
0
nullptr_type
0
0
0
ADDR_028
<Id to Class Map>
ADDR_027
TemplateTypeParmType
<Visited Children>
ADDR_028
0
<TemplateTypeParmDeclData>
ADDR_028
TemplateTypeParmDecl
<SYSTEM_INCLUDE>/c++/bits/stl_list.h
252
12
<SYSTEM_INCLUDE>/c++/bits/stl_list.h
252
21
0
1
0
0
1
0
0
0
std::_List_iterator
_Tp
0
1
0
None
Default
ADDR_027
TYPENAME
0
nullptr_type
<Id to Class Map>
ADDR_028
TemplateTypeParmDecl
<Visited Children>
ADDR_029
0
<SubstTemplateTypeParmTypeData>
ADDR_029
SubstTemplateTypeParmType
testspace::BondMap::MAtom
NONE
0
0
0
ADDR_022
ADDR_028
ADDR_022
<Id to Class Map>
ADDR_029
SubstTemplateTypeParmType
<Visited Children>
ADDR_030
0
<AttributeData>
ADDR_030
PointerAttr
<invalid>
0
0
Pointer
1
0
0
0
<Id to Class Map>
ADDR_030
PointerAttr
<Top Level Attributes>
ADDR_030
<Visited Children>
ADDR_031
0
<TypeData>
ADDR_031
InjectedClassNameType
_List_iterator<type-parameter-0-0>
DEPENDENT
0
0
0
nullptr_type
<Id to Class Map>
ADDR_031
InjectedClassNameType
<Visited Children>
ADDR_032
0
<CXXRecordDeclData>
ADDR_032
CXXRecordDecl
<SYSTEM_INCLUDE>/c++/bits/stl_list.h
253
5
<SYSTEM_INCLUDE>/c++/bits/stl_list.h
330
5
0
1
0
0
0
0
0
1
ADDR_030
std
_List_iterator
0
0
0
External
Default
ADDR_031
Struct
1
0
0
ADDR_032
<Id to Class Map>
ADDR_032
CXXRecordDecl
<Visited Children>
ADDR_033
0
<TemplateDeclData>
ADDR_033
ClassTemplateDecl
<SYSTEM_INCLUDE>/c++/bits/stl_list.h
252
3
<SYSTEM_INCLUDE>/c++/bits/stl_list.h
330
5
0
1
0
0
0
0
0
0
std
_List_iterator
0
0
0
External
Default
1
ADDR_028
ADDR_032
<Id to Class Map>
ADDR_033
ClassTemplateDecl
<Visited Children>
ADDR_034
0
<TemplateSpecializationTypeData>
ADDR_034
TemplateSpecializationType
_List_iterator<testspace::BondMap::MAtom>
NONE
0
0
0
ADDR_035
0
nullptr_type
_List_iterator
ADDR_033
1
Type
ADDR_029
<Id to Class Map>
ADDR_034
TemplateSpecializationType
<Visited Children>
ADDR_036
0
<ElaboratedTypeData>
ADDR_036
ElaboratedType
_List_iterator<MAtom>
NONE
0
0
0
ADDR_034
None

ADDR_034
<Id to Class Map>
ADDR_036
ElaboratedType
<Visited Children>
ADDR_037
0
<TypedefTypeData>
ADDR_037
TypedefType
std::_List_iterator<testspace::BondMap::MAtom>::_Self
NONE
0
0
0
ADDR_036
ADDR_038
<Id to Class Map>
ADDR_037
TypedefType
<Visited Children>
ADDR_038
0
<TypedefNameDeclData>
ADDR_038
TypedefDecl
<SYSTEM_INCLUDE>/c++/bits/stl_list.h
255
7
<SYSTEM_INCLUDE>/c++/bits/stl_list.h
255
36
0
1
0
0
1
0
0
0
std::_List_iterator<testspace::BondMap::MAtom>
_Self
0
1
0
None
Default
ADDR_037
ADDR_036
<Id to Class Map>
ADDR_038
TypedefDecl
<Visited Children>
ADDR_039
0
<TemplateTypeParmTypeData>
ADDR_039
TemplateTypeParmType
_Tp
DEPENDENT
0
0
0
nullptr_type
0
0
0
ADDR_040
<Id to Class Map>
ADDR_039
TemplateTypeParmType
<Visited Children>
ADDR_040
0
<TemplateTypeParmDeclData>
ADDR_040
TemplateTypeParmDecl
<SYSTEM_INCLUDE>/c++/bits/stl_list.h
233
12
<SYSTEM_INCLUDE>/c++/bits/stl_list.h
233
21
0
1
0
0
1
0
0
0
std::_List_node
_Tp
0
1
0
None
Default
ADDR_039
TYPENAME
0
nullptr_type
<Id to Class Map>
ADDR_040
TemplateTypeParmDecl
<Visited Children>
ADDR_041
0
<TypeData>
ADDR_041
InjectedClassNameType
_List_node<_Tp>
DEPENDENT
0
0
0
nullptr_type
<Id to Class Map>
ADDR_041
InjectedClassNameType
<Visited Children>
ADDR_042
0
<CXXRecordDeclData>
ADDR_042
CXXRecordDecl
<SYSTEM_INCLUDE>/c++/bits/stl_list.h
81
5
<SYSTEM_INCLUDE>/c++/bits/stl_list.h
101
5
0
1
0
0
1
0
0
0
std::__detail
_List_node_base
0
0
0
External
Default
ADDR_043
Struct
1
0
0
ADDR_042
<Id to Class Map>
ADDR_042
CXXRecordDecl
<Visited Children>
ADDR_043
0
<TagTypeData>
ADDR_043
RecordType
std::__detail::_List_node_base
NONE
0
0
0
nullptr_type
ADDR_042
<Id to Class Map>
ADDR_043
RecordType
<Visited Children>
ADDR_044
0
<ElaboratedTypeData>
ADDR_044
ElaboratedType
__detail::_List_node_base
NONE
0
0
0
ADDR_043
None
__detail::
ADDR_043
<Id to Class Map>
ADDR_044
ElaboratedType
<Visited Children>
ADDR_045
0
<CXXRecordDeclData>
ADDR_045
CXXRecordDecl
<SYSTEM_INCLUDE>/c++/bits/stl_list.h
234
5
<SYSTEM_INCLUDE>/c++/bits/stl_list.h
245
5
0
1
0
0
0
0
0
0
std
_List_node
0
0
0
External
Default
ADDR_041
Struct
1
0
1
0
0
PUBLIC
PUBLIC
ADDR_044
ADDR_045
<Id to Class Map>
ADDR_045
CXXRecordDecl
<Visited Children>
ADDR_046
0
<TemplateDeclData>
ADDR_046
ClassTemplateDecl
<SYSTEM_INCLUDE>/c++/bits/stl_list.h
233
3
<SYSTEM_INCLUDE>/c++/bits/stl_list.h
245
5
0
1
0
0
0
0
0
0
std
_List_node
0
0
0
External
Default
1
ADDR_040
ADDR_045
<Id to Class Map>
ADDR_046
ClassTemplateDecl
<Visited Children>
ADDR_047
0
<ClassTemplateSpecializationDeclData>
ADDR_047
ClassTemplateSpecializationDecl
<SYSTEM_INCLUDE>/c++/bits/stl_list.h
233
3
<SYSTEM_INCLUDE>/c++/bits/stl_list.h
245
5
0
1
0
0
0
0
0
0
std
_List_node
0
0
0
External
Default
ADDR_048
Struct
0
0
0
nullptr_decl
ADDR_046
Undeclared
1
Type
ADDR_022
<Id to Class Map>
ADDR_047
ClassTemplateSpecializationDecl
<Visited Children>
ADDR_048
0
<TagTypeData>
ADDR_048
RecordType
std::_List_node<testspace::BondMap::MAtom>
NONE
0
0
0
nullptr_type
ADDR_047
<Id to Class Map>
ADDR_048
RecordType
<Visited Children>
ADDR_049
0
<TemplateSpecializationTypeData>
ADDR_049
TemplateSpecializationType
_List_node<testspace::BondMap::MAtom>
NONE
0
0
0
ADDR_048
0
nullptr_type
_List_node
ADDR_046
1
Type
ADDR_029
<Id to Class Map>
ADDR_049
TemplateSpecializationType
<Visited Children>
ADDR_050
0
<ElaboratedTypeData>
ADDR_050
ElaboratedType
_List_node<MAtom>
NONE
0
0
0
ADDR_049
None

ADDR_049
<Id to Class Map>
ADDR_050
ElaboratedType
<Visited Children>
ADDR_051
0
<TypedefNameDeclData>
ADDR_051
TypedefDecl
<SYSTEM_INCLUDE>/c++/bits/stl_list.h
256
7
<SYSTEM_INCLUDE>/c++/bits/stl_list.h
256
33
0
1
0
0
1
0
0
0
std::_List_iterator<testspace::BondMap::MAtom>
_Node
0
1
0
None
Default
nullptr_type
ADDR_050
<Id to Class Map>
ADDR_051
TypedefDecl
<Visited Children>
ADDR_052
0
<ElaboratedTypeData>
ADDR_052
ElaboratedType
ptrdiff_t
NONE
0
0
0
ADDR_006
None

ADDR_006
<Id to Class Map>
ADDR_052
ElaboratedType
<Visited Children>
ADDR_053
0
<TypedefNameDeclData>
ADDR_053
TypedefDecl
<SYSTEM_INCLUDE>/c++/bits/stl_list.h
258
7
<SYSTEM_INCLUDE>/c++/bits/stl_list.h
258
28
0
1
0
0
0
0
0
0
std::_List_iterator<testspace::BondMap::MAtom>
difference_type
0
1
0
None
Default
nullptr_type
ADDR_052
<Id to Class Map>
ADDR_053
TypedefDecl
<Visited Children>
ADDR_054
0
<CXXRecordDeclData>
ADDR_054
CXXRecordDecl
<SYSTEM_INCLUDE>/c++/bits/stl_iterator_base_types.h
93
3
<SYSTEM_INCLUDE>/c++/bits/stl_iterator_base_types.h
93
31
0
1
0
0
1
0
0
0
std
input_iterator_tag
0
0
0
External
Default
ADDR_055
Struct
1
0
0
ADDR_054
<Id to Class Map>
ADDR_054
CXXRecordDecl
<Visited Children>
ADDR_055
0
<TagTypeData>
ADDR_055
RecordType
std::input_iterator_tag
NONE
0
0
0
nullptr_type
ADDR_054
<Id to Class Map>
ADDR_055
RecordType
<Visited Children>
ADDR_056
0
<ElaboratedTypeData>
ADDR_056
ElaboratedType
input_iterator_tag
NONE
0
0
0
ADDR_055
None

ADDR_055
<Id to Class Map>
ADDR_056
ElaboratedType
<Visited Children>
ADDR_057
0
<CXXRecordDeclData>
ADDR_057
CXXRecordDecl
<SYSTEM_INCLUDE>/c++/bits/stl_iterator_base_types.h
99
3
<SYSTEM_INCLUDE>/c++/bits/stl_iterator_base_types.h
99
61
0
1
0
0
1
0
0
0
std
forward_iterator_tag
0
0
0
External
Default
ADDR_058
Struct
1
0
1
0
0
PUBLIC
PUBLIC
ADDR_056
ADDR_057
<Id to Class Map>
ADDR_057
CXXRecordDecl
<Visited Children>
ADDR_058
0
<TagTypeData>
ADDR_058
RecordType
std::forward_iterator_tag
NONE
0
0
0
nullptr_type
ADDR_057
<Id to Class Map>
ADDR_058
RecordType
<Visited Children>
ADDR_059
0
<ElaboratedTypeData>
ADDR_059
ElaboratedType
forward_iterator_tag
NONE
0
0
0
ADDR_058
None

ADDR_058
<Id to Class Map>
ADDR_059
ElaboratedType
<Visited Children>
ADDR_060
0
<CXXRecordDeclData>
ADDR_060
CXXRecordDecl
<SYSTEM_INCLUDE>/c++/bits/stl_iterator_base_types.h
103
3
<SYSTEM_INCLUDE>/c++/bits/stl_iterator_base_types.h
103
69
0
1
0
0
1
0
0
0
std
bidirectional_iterator_tag
0
0
0
External
Default
ADDR_061
Struct
1
0
1
0
0
PUBLIC
PUBLIC
ADDR_059
ADDR_060
<Id to Class Map>
ADDR_060
CXXRecordDecl
<Visited Children>
ADDR_061
0
<TagTypeData>
ADDR_061
RecordType
std::bidirectional_iterator_tag
NONE
0
0
0
nullptr_type
ADDR_060
<Id to Class Map>
ADDR_061
RecordType
<Visited Children>
ADDR_062
0
<ElaboratedTypeData>
ADDR_062
ElaboratedType
std::bidirectional_iterator_tag
NONE
0
0
0
ADDR_061
None
std::
ADDR_061
<Id to Class Map>
ADDR_062
ElaboratedType
<Visited Children>
ADDR_063
0
<TypedefNameDeclData>
ADDR_063
TypedefDecl
<SYSTEM_INCLUDE>/c++/bits/stl_list.h
259
7
<SYSTEM_INCLUDE>/c++/bits/stl_list.h
259
47
0
1
0
0
0
0
0
0
std::_List_iterator<testspace::BondMap::MAtom>
iterator_category
0
1
0
None
Default
nullptr_type
ADDR_062
<Id to Class Map>
ADDR_063
TypedefDecl
<Visited Children>
ADDR_064
0
<TypedefNameDeclData>
ADDR_064
TypedefDecl
<SYSTEM_INCLUDE>/c++/bits/stl_list.h
260
7
<SYSTEM_INCLUDE>/c++/bits/stl_list.h
260
22
0
1
0
0
0
0
0
0
std::_List_iterator<testspace::BondMap::MAtom>
value_type
0
1
0
None
Default
nullptr_type
ADDR_029
<Id to Class Map>
ADDR_064
TypedefDecl
<Visited Children>
ADDR_065
0
<PointerTypeData>
ADDR_065
PointerType
testspace::BondMap::MAtom *
NONE
0
0
0
nullptr_type
ADDR_029
<Id to Class Map>
ADDR_065
PointerType
<Visited Children>
ADDR_066
0
<TypedefTypeData>
ADDR_066
TypedefType
std::_List_iterator<testspace::BondMap::MAtom>::pointer
NONE
0
0
0
ADDR_065
ADDR_067
<Id to Class Map>
ADDR_066
TypedefType
<Visited Children>
ADDR_067
0
<TypedefNameDeclData>
ADDR_067
TypedefDecl
<SYSTEM_INCLUDE>/c++/bits/stl_list.h
261
7
<SYSTEM_INCLUDE>/c++/bits/stl_list.h
261
23
0
1
0
0
1
0
0
0
std::_List_iterator<testspace::BondMap::MAtom>
pointer
0
1
0
None
Default
ADDR_066
ADDR_065
<Id to Class Map>
ADDR_067
TypedefDecl
<Visited Children>
ADDR_068
0
<ReferenceTypeData>
ADDR_068
LValueReferenceType
testspace::BondMap::MAtom &
NONE
0
0
0
nullptr_type
ADDR_029
<Id to Class Map>
ADDR_068
LValueReferenceType
<Visited Children>
ADDR_069
0
<TypedefTypeData>
ADDR_069
TypedefType
std::_List_iterator<testspace::BondMap::MAtom>::reference
NONE
0
0
0
ADDR_068
ADDR_070
<Id to Class Map>
ADDR_069
TypedefType
<Visited Children>
ADDR_070
0
<TypedefNameDeclData>
ADDR_070
TypedefDecl
<SYSTEM_INCLUDE>/c++/bits/stl_list.h
262
7
<SYSTEM_INCLUDE>/c++/bits/stl_list.h
262
23
0
1
0
0
1
0
0
0
std::_List_iterator<testspace::BondMap::MAtom>
reference
0
1
0
None
Default
ADDR_069
ADDR_068
<Id to Class Map>
ADDR_070
TypedefDecl
<Visited Children>
ADDR_071
0
<BuiltinTypeData>
ADDR_071
BuiltinType
void
NONE
0
0
0
nullptr_type
Void
void
<Id to Class Map>
ADDR_071
BuiltinType
<Visited Children>
ADDR_072
0
<FunctionProtoTypeData>
ADDR_072
FunctionProtoType
void () noexcept
NONE
0
0
0
nullptr_type
0
0
0
0
0
0
0
C
ADDR_071
0
0
0
0
None
BasicNoexcept
0
<Id to Class Map>
ADDR_072
FunctionProtoType
<Top Level Types>
ADDR_072
<Visited Children>
ADDR_073
0
<PointerTypeData>
ADDR_073
PointerType
std::_List_iterator<testspace::BondMap::MAtom> *
NONE
0
0
0
nullptr_type
ADDR_035
<Id to Class Map>
ADDR_073
PointerType
<Visited Children>
ADDR_074
0
<CXXConstructorDeclData>
ADDR_074
CXXConstructorDecl
<SYSTEM_INCLUDE>/c++/bits/stl_list.h
264
7
<SYSTEM_INCLUDE>/c++/bits/stl_list.h
265
21
0
1
0
0
0
0
0
0
std::_List_iterator<testspace::BondMap::MAtom>
_List_iterator
3
1
1
External
Default
ADDR_072
0
0
2
None
0
0
0
0
0
nullptr_decl
ADDR_074
nullptr_decl
0
ADDR_075
0
0
1
0
0
0
0
0
ADDR_073
ADDR_035
1
0
0
1
0
ResolvedFalse
nullptr_expr
0
<Id to Class Map>
ADDR_074
CXXConstructorDecl
<Visited Children>
ADDR_076
0
<PointerTypeData>
ADDR_076
PointerType
__detail::_List_node_base *
NONE
0
0
0
nullptr_type
ADDR_044
<Id to Class Map>
ADDR_076
PointerType
<Visited Children>
ADDR_077
0
<FunctionProtoTypeData>
ADDR_077
FunctionProtoType
void (__detail::_List_node_base *) noexcept
NONE
0
0
0
nullptr_type
0
0
0
0
0
0
0
C
ADDR_071
1
1
ADDR_076
0
0
None
BasicNoexcept
0
<Id to Class Map>
ADDR_077
FunctionProtoType
<Top Level Types>
ADDR_077
<Visited Children>
ADDR_078
0
<CXXConstructorDeclData>
ADDR_078
CXXConstructorDecl
<SYSTEM_INCLUDE>/c++/bits/stl_list.h
267
7
<SYSTEM_INCLUDE>/c++/bits/stl_list.h
269
24
0
1
0
0
0
0
0
0
std::_List_iterator<testspace::BondMap::MAtom>
_List_iterator
3
1
1
External
Default
ADDR_077
0
0
2
None
0
0
0
0
0
nullptr_decl
ADDR_078
nullptr_decl
0
ADDR_075
0
0
1
0
0
0
0
0
ADDR_073
ADDR_035
1
0
0
0
1
ResolvedTrue
nullptr_expr
1
<Id to Class Map>
ADDR_078
CXXConstructorDecl
<Visited Children>
ADDR_079
0
<ElaboratedTypeData>
ADDR_079
ElaboratedType
_Self
NONE
0
0
0
ADDR_037
None

ADDR_037
<Id to Class Map>
ADDR_079
ElaboratedType
<Visited Children>
ADDR_080
0
<FunctionProtoTypeData>
ADDR_080
FunctionProtoType
_Self () const noexcept
NONE
0
0
0
nullptr_type
1
0
0
0
0
0
0
C
ADDR_079
0
0
0
0
None
BasicNoexcept
0
<Id to Class Map>
ADDR_080
FunctionProtoType
<Top Level Types>
ADDR_080
<Visited Children>
ADDR_081
0
<QualTypeData>
ADDR_081
QualType
const std::_List_iterator<testspace::BondMap::MAtom>
NONE
0
0
0
nullptr_type
1
CONST
NONE
0
ADDR_035
<Id to Class Map>
ADDR_081
QualType
<Visited Children>
ADDR_082
0
<PointerTypeData>
ADDR_082
PointerType
const std::_List_iterator<testspace::BondMap::MAtom> *
NONE
0
0
0
nullptr_type
ADDR_081
<Id to Class Map>
ADDR_082
PointerType
<Visited Children>
ADDR_083
0
<CXXMethodDeclData>
ADDR_083
CXXMethodDecl
<SYSTEM_INCLUDE>/c++/bits/stl_list.h
271
7
<SYSTEM_INCLUDE>/c++/bits/stl_list.h
273
23
0
1
0
0
0
0
0
0
std::_List_iterator<testspace::BondMap::MAtom>
_M_const_cast
0
1
1
External
Default
ADDR_080
0
0
2
None
0
0
0
0
0
nullptr_decl
ADDR_083
nullptr_decl
0
ADDR_075
0
0
1
1
0
0
0
0
ADDR_082
ADDR_081
1
0
<Id to Class Map>
ADDR_083
CXXMethodDecl
<Visited Children>
ADDR_084
0
<AttributeData>
ADDR_084
WarnUnusedResultAttr
<SYSTEM_INCLUDE>/c++/bits/stl_list.h
276
7
<end>
1
<SYSTEM_INCLUDE>/c++/bits/c++config.h
153
31
<end>
1
WarnUnusedResult
0
0
0
0
<Id to Class Map>
ADDR_084
WarnUnusedResultAttr
<Top Level Attributes>
ADDR_084
<Visited Children>
ADDR_085
0
<ElaboratedTypeData>
ADDR_085
ElaboratedType
reference
NONE
0
0
0
ADDR_069
None

ADDR_069
<Id to Class Map>
ADDR_085
ElaboratedType
<Visited Children>
ADDR_086
0
<FunctionProtoTypeData>
ADDR_086
FunctionProtoType
reference () const noexcept
NONE
0
0
0
nullptr_type
1
0
0
0
0
0
0
C
ADDR_085
0
0
0
0
None
BasicNoexcept
0
<Id to Class Map>
ADDR_086
FunctionProtoType
<Top Level Types>
ADDR_086
<Visited Children>
ADDR_087
0
<CXXMethodDeclData>
ADDR_087
CXXMethodDecl
<SYSTEM_INCLUDE>/c++/bits/stl_list.h
277
7
<SYSTEM_INCLUDE>/c++/bits/stl_list.h
279
60
0
1
0
0
0
0
0
1
ADDR_084
std::_List_iterator<testspace::BondMap::MAtom>
operator*
6
1
1
External
Default
ADDR_086
0
0
2
None
0
0
0
0
0
nullptr_decl
ADDR_087
nullptr_decl
0
ADDR_075
0
0
1
1
0
0
0
0
ADDR_082
ADDR_081
1
0
<Id to Class Map>
ADDR_087
CXXMethodDecl
<Visited Children>
ADDR_088
0
<AttributeData>
ADDR_088
WarnUnusedResultAttr
<SYSTEM_INCLUDE>/c++/bits/stl_list.h
281
7
<end>
1
<SYSTEM_INCLUDE>/c++/bits/c++config.h
153
31
<end>
1
WarnUnusedResult
0
0
0
0
<Id to Class Map>
ADDR_088
WarnUnusedResultAttr
<Top Level Attributes>
ADDR_088
<Visited Children>
ADDR_089
0
<ElaboratedTypeData>
ADDR_089
ElaboratedType
pointer
NONE
0
0
0
ADDR_066
None

ADDR_066
<Id to Class Map>
ADDR_089
ElaboratedType
<Visited Children>
ADDR_090
0
<FunctionProtoTypeData>
ADDR_090
FunctionProtoType
pointer () const noexcept
NONE
0
0
0
nullptr_type
1
0
0
0
0
0
0
C
ADDR_089
0
0
0
0
None
BasicNoexcept
0
<Id to Class Map>
ADDR_090
FunctionProtoType
<Top Level Types>
ADDR_090
<Visited Children>
ADDR_091
0
<CXXMethodDeclData>
ADDR_091
CXXMethodDecl
<SYSTEM_INCLUDE>/c++/bits/stl_list.h
282
7
<SYSTEM_INCLUDE>/c++/bits/stl_list.h
284
59
0
1
0
0
0
0
0
1
ADDR_088
std::_List_iterator<testspace::BondMap::MAtom>
operator->
6
1
1
External
Default
ADDR_090
0
0
2
None
0
0
0
0
0
nullptr_decl
ADDR_091
nullptr_decl
0
ADDR_075
0
0
1
1
0
0
0
0
ADDR_082
ADDR_081
1
0
<Id to Class Map>
ADDR_091
CXXMethodDecl
<Visited Children>
ADDR_092
0
<ReferenceTypeData>
ADDR_092
LValueReferenceType
_Self &
NONE
0
0
0
nullptr_type
ADDR_079
<Id to Class Map>
ADDR_092
LValueReferenceType
<Visited Children>
ADDR_093
0
<FunctionProtoTypeData>
ADDR_093
FunctionProtoType
_Self &() noexcept
NONE
0
0
0
nullptr_type
0
0
0
0
0
0
0
C
ADDR_092
0
0
0
0
None
BasicNoexcept
0
<Id to Class Map>
ADDR_093
FunctionProtoType
<Top Level Types>
ADDR_093
<Visited Children>
ADDR_094
0
<CXXMethodDeclData>
ADDR_094
CXXMethodDecl
<SYSTEM_INCLUDE>/c++/bits/stl_list.h
286
7
<SYSTEM_INCLUDE>/c++/bits/stl_list.h
291
7
0
1
0
0
0
0
0
0
std::_List_iterator<testspace::BondMap::MAtom>
operator++
6
1
1
External
Default
ADDR_093
0
0
2
None
0
0
0
0
0
nullptr_decl
ADDR_094
nullptr_decl
0
ADDR_075
0
0
1
0
0
0
0
0
ADDR_073
ADDR_035
1
0
<Id to Class Map>
ADDR_094
CXXMethodDecl
<Visited Children>
ADDR_095
0
<FunctionProtoTypeData>
ADDR_095
FunctionProtoType
_Self (int) noexcept
NONE
0
0
0
nullptr_type
0
0
0
0
0
0
0
C
ADDR_079
1
1
ADDR_019
0
0
None
BasicNoexcept
0
<Id to Class Map>
ADDR_095
FunctionProtoType
<Top Level Types>
ADDR_095
<Visited Children>
ADDR_096
0
<CXXMethodDeclData>
ADDR_096
CXXMethodDecl
<SYSTEM_INCLUDE>/c++/bits/stl_list.h
293
7
<SYSTEM_INCLUDE>/c++/bits/stl_list.h
299
7
0
1
0
0
0
0
0
0
std::_List_iterator<testspace::BondMap::MAtom>
operator++
6
1
1
External
Default
ADDR_095
0
0
2
None
0
0
0
0
0
nullptr_decl
ADDR_096
nullptr_decl
0
ADDR_075
0
0
1
0
0
0
0
0
ADDR_073
ADDR_035
1
0
<Id to Class Map>
ADDR_096
CXXMethodDecl
<Top Level Types>
ADDR_093
<Visited Children>
ADDR_097
0
<CXXMethodDeclData>
ADDR_097
CXXMethodDecl
<SYSTEM_INCLUDE>/c++/bits/stl_list.h
301
7
<SYSTEM_INCLUDE>/c++/bits/stl_list.h
306
7
0
1
0
0
0
0
0
0
std::_List_iterator<testspace::BondMap::MAtom>
operator--
6
1
1
External
Default
ADDR_093
0
0
2
None
0
0
0
0
0
nullptr_decl
ADDR_097
nullptr_decl
0
ADDR_075
0
0
1
0
0
0
0
0
ADDR_073
ADDR_035
1
0
<Id to Class Map>
ADDR_097
CXXMethodDecl
<Top Level Types>
ADDR_095
<Visited Children>
ADDR_098
0
<CXXMethodDeclData>
ADDR_098
CXXMethodDecl
<SYSTEM_INCLUDE>/c++/bits/stl_list.h
308
7
<SYSTEM_INCLUDE>/c++/bits/stl_list.h
314
7
0
1
0
0
0
0
0
0
std::_List_iterator<testspace::BondMap::MAtom>
operator--
6
1
1
External
Default
ADDR_095
0
0
2
None
0
0
0
0
0
nullptr_decl
ADDR_098
nullptr_decl
0
ADDR_075
0
0
1
0
0
0
0
0
ADDR_073
ADDR_035
1
0
<Id to Class Map>
ADDR_098
CXXMethodDecl
<Visited Children>
ADDR_099
0
<DeclData>
ADDR_099
FriendDecl
<SYSTEM_INCLUDE>/c++/bits/stl_list.h
317
7
<SYSTEM_INCLUDE>/c++/bits/stl_list.h
319
44
0
1
0
0
0
0
0
0
<Id to Class Map>
ADDR_099
FriendDecl
<Visited Children>
ADDR_100
0
<DeclData>
ADDR_100
FriendDecl
<SYSTEM_INCLUDE>/c++/bits/stl_list.h
323
7
<SYSTEM_INCLUDE>/c++/bits/stl_list.h
325
44
0
1
0
0
0
0
0
0
<Id to Class Map>
ADDR_100
FriendDecl
<Top Level Types>
ADDR_076
<Visited Children>
ADDR_101
0
<FieldDeclData>
ADDR_101
FieldDecl
<SYSTEM_INCLUDE>/c++/bits/stl_list.h
329
7
<SYSTEM_INCLUDE>/c++/bits/stl_list.h
329
34
0
1
0
0
0
0
0
0
std::_List_iterator<testspace::BondMap::MAtom>
_M_node
0
1
1
External
Default
ADDR_076
0
0
<Id to Class Map>
ADDR_101
FieldDecl
<Visited Children>
ADDR_075
19
ADDR_038
ADDR_051
ADDR_053
ADDR_063
ADDR_064
ADDR_067
ADDR_070
ADDR_074
ADDR_078
ADDR_083
ADDR_087
ADDR_091
ADDR_094
ADDR_096
ADDR_097
ADDR_098
ADDR_099
ADDR_100
ADDR_101
<ClassTemplateSpecializationDeclData>
ADDR_075
ClassTemplateSpecializationDecl
<SYSTEM_INCLUDE>/c++/bits/stl_list.h
252
3
<SYSTEM_INCLUDE>/c++/bits/stl_list.h
330
5
0
1
0
0
0
0
0
1
ADDR_026
std
_List_iterator
0
0
0
External
Default
ADDR_035
Struct
1
0
0
ADDR_075
ADDR_033
ImplicitInstantiation
1
Type
ADDR_022
<Id to Class Map>
ADDR_075
ClassTemplateSpecializationDecl
<Visited Children>
ADDR_035
0
<TagTypeData>
ADDR_035
RecordType
std::_List_iterator<testspace::BondMap::MAtom>
NONE
0
0
0
nullptr_type
ADDR_075
<Id to Class Map>
ADDR_035
RecordType
<Visited Children>
ADDR_102
0
<TemplateTypeParmTypeData>
ADDR_102
TemplateTypeParmType
_Tp
DEPENDENT
0
0
0
nullptr_type
0
0
0
ADDR_103
<Id to Class Map>
ADDR_102
TemplateTypeParmType
<Visited Children>
ADDR_103
0
<TemplateTypeParmDeclData>
ADDR_103
TemplateTypeParmDecl
<SYSTEM_INCLUDE>/c++/bits/stl_list.h
631
12
<SYSTEM_INCLUDE>/c++/bits/stl_list.h
631
21
0
1
0
0
1
0
0
0

_Tp
0
0
0
None
Default
ADDR_102
TYPENAME
0
nullptr_type
<Id to Class Map>
ADDR_103
TemplateTypeParmDecl
<Visited Children>
ADDR_104
0
<SubstTemplateTypeParmTypeData>
ADDR_104
SubstTemplateTypeParmType
testspace::BondMap::MAtom
NONE
0
0
0
ADDR_022
ADDR_103
ADDR_022
<Id to Class Map>
ADDR_104
SubstTemplateTypeParmType
<Visited Children>
ADDR_105
0
<TemplateSpecializationTypeData>
ADDR_105
TemplateSpecializationType
_List_iterator<testspace::BondMap::MAtom>
NONE
0
0
0
ADDR_035
0
nullptr_type
_List_iterator
ADDR_033
1
Type
ADDR_104
<Id to Class Map>
ADDR_105
TemplateSpecializationType
<Visited Children>
ADDR_106
0
<ElaboratedTypeData>
ADDR_106
ElaboratedType
_List_iterator<MAtom>
NONE
0
0
0
ADDR_105
None

ADDR_105
<Id to Class Map>
ADDR_106
ElaboratedType
<Visited Children>
ADDR_107
0
<TypedefNameDeclData>
ADDR_107
TypedefDecl
<SYSTEM_INCLUDE>/c++/bits/stl_list.h
664
7
<SYSTEM_INCLUDE>/c++/bits/stl_list.h
664
38
0
1
0
0
1
0
0
0
std::list<testspace::BondMap::MAtom>
iterator
0
1
0
None
Default
ADDR_108
ADDR_106
<Id to Class Map>
ADDR_107
TypedefDecl
<Visited Children>
ADDR_108
0
<TypedefTypeData>
ADDR_108
TypedefType
std::list<testspace::BondMap::MAtom>::iterator
NONE
0
0
0
ADDR_106
ADDR_107
<Id to Class Map>
ADDR_108
TypedefType
<Visited Children>
ADDR_109
0
<ElaboratedTypeData>
ADDR_109
ElaboratedType
list<struct MAtom>::iterator
NONE
0
0
0
ADDR_108
None
list<struct MAtom>::
ADDR_108
<Id to Class Map>
ADDR_109
ElaboratedType
<Top Level Types>
ADDR_109
<Visited Children>
ADDR_110
2
nullptr_expr
nullptr_expr
<FieldDeclData>
ADDR_110
FieldDecl
<TEST_DIR>/classes.cpp
13
12
<TEST_DIR>/classes.cpp
13
41
0
0
0
0
0
0
0
0
testspace::BondMap::MBond
atom1
0
1
1
External
Default
ADDR_109
0
0
<Id to Class Map>
ADDR_110
FieldDecl
<Visited Children>
ADDR_025
1
ADDR_110
<CXXRecordDeclData>
ADDR_025
CXXRecordDecl
<TEST_DIR>/classes.cpp
12
4
<TEST_DIR>/classes.cpp
14
4
0
0
0
0
0
0
0
0
testspace::BondMap
MBond
0
1
0
External
Default
ADDR_024
Struct
1
0
0
ADDR_025
<Id to Class Map>
ADDR_025
CXXRecordDecl
<Visited Children>
ADDR_017
4
ADDR_018
ADDR_023
ADDR_025
ADDR_021
<CXXRecordDeclData>
ADDR_017
CXXRecordDecl
<TEST_DIR>/classes.cpp
7
1
<TEST_DIR>/classes.cpp
19
1
0
0
0
0
0
0
0
0
testspace
BondMap
0
0
0
External
Default
ADDR_016
Class
1
0
0
ADDR_017
<Id to Class Map>
ADDR_017
CXXRecordDecl
<Visited Children>
ADDR_111
0
<TagTypeData>
ADDR_111
RecordType
testspace::Top
NONE
0
0
0
nullptr_type
ADDR_112
<Id to Class Map>
ADDR_111
RecordType
<Visited Children>
ADDR_112
0
<CXXRecordDeclData>
ADDR_112
CXXRecordDecl
<TEST_DIR>/classes.cpp
22
1
<TEST_DIR>/classes.cpp
22
12
0
0
0
0
1
0
0
0
testspace
Top
0
0
0
External
Default
ADDR_111
Class
1
0
0
ADDR_112
<Id to Class Map>
ADDR_112
CXXRecordDecl
<Visited Children>
ADDR_113
0
<TagTypeData>
ADDR_113
RecordType
testspace::Top2
NONE
0
0
0
nullptr_type
ADDR_114
<Id to Class Map>
ADDR_113
RecordType
<Visited Children>
ADDR_114
0
<CXXRecordDeclData>
ADDR_114
CXXRecordDecl
<TEST_DIR>/classes.cpp
23
1
<TEST_DIR>/classes.cpp
23
13
0
0
0
0
1
0
0
0
testspace
Top2
0
0
0
External
Default
ADDR_113
Class
1
0
0
ADDR_114
<Id to Class Map>
ADDR_114
CXXRecordDecl
<Visited Children>
ADDR_115
0
<TagTypeData>
ADDR_115
RecordType
testspace::Derived1
NONE
0
0
0
nullptr_type
ADDR_116
<Id to Class Map>
ADDR_115
RecordType
<Visited Children>
ADDR_117
0
<ElaboratedTypeData>
ADDR_117
ElaboratedType
Top
NONE
0
0
0
ADDR_111
None

ADDR_111
<Id to Class Map>
ADDR_117
ElaboratedType
<Visited Children>
ADDR_116
0
<CXXRecordDeclData>
ADDR_116
CXXRecordDecl
<TEST_DIR>/classes.cpp
25
1
<TEST_DIR>/classes.cpp
25
30
0
0
0
0
0
0
0
0
testspace
Derived1
0
0
0
External
Default
ADDR_115
Class
1
0
1
0
0
PUBLIC
PUBLIC
ADDR_117
ADDR_116
<Id to Class Map>
ADDR_116
CXXRecordDecl
<Visited Children>
ADDR_118
0
<TagTypeData>
ADDR_118
RecordType
testspace::Derived2
NONE
0
0
0
nullptr_type
ADDR_119
<Id to Class Map>
ADDR_118
RecordType
<Visited Children>
ADDR_120
0
<ElaboratedTypeData>
ADDR_120
ElaboratedType
Top2
NONE
0
0
0
ADDR_113
None

ADDR_113
<Id to Class Map>
ADDR_120
ElaboratedType
<Visited Children>
ADDR_119
0
<CXXRecordDeclData>
ADDR_119
CXXRecordDecl
<TEST_DIR>/classes.cpp
26
1
<TEST_DIR>/classes.cpp
26
51
0
0
0
0
0
0
0
0
testspace
Derived2
0
0
0
External
Default
ADDR_118
Class
1
0
2
1
0
PUBLIC
PUBLIC
ADDR_117
0
0
PUBLIC
PUBLIC
ADDR_120
ADDR_119
<Id to Class Map>
ADDR_119
CXXRecordDecl
<Visited Children>
ADDR_015
5
ADDR_017
ADDR_112
ADDR_114
ADDR_116
ADDR_119
<NamespaceDeclData>
ADDR_015
NamespaceDecl
<TEST_DIR>/classes.cpp
5
1
<TEST_DIR>/classes.cpp
28
1
0
0
0
0
0
0
0
0

testspace
0
0
0
External
Default
%CLAVA_SOURCE_BEGIN%
namespace testspace {

class BondMap {
   
   
   public:
      struct MAtom;
	  struct MBond {
           list<struct MAtom>::iterator atom1;
	  };
	
	  struct MAtom {
			int a;
      };
};


class Top {};
class Top2 {};

class Derived1 : public Top {};
class Derived2 : public virtual Top, public Top2 {};

}
%CLAVA_SOURCE_END%
<Id to Class Map>
ADDR_015
NamespaceDecl
