<Compiler Instance Data>
<TEST_DIR>/decl.cpp
1
0
0
0
1
1
1
1
0
0
0
1
1
1
0
0
0
0
1
0
1
8
32
64
<LONG_DOUBLE_WIDTH>
8
16
32
<LONG_WIDTH>
64
<Id-File Map>
0
<TEST_DIR>/decl.cpp
<Includes>
<TEST_DIR>/decl.cpp
vector
1
1
<Includes>
<TEST_DIR>/decl.cpp
string
2
1
<Includes>
<TEST_DIR>/decl.cpp
typeinfo
3
1
<Includes>
<TEST_DIR>/decl.cpp
array
4
1
<Top Level Nodes>
ADDR_001
<Visited Children>
ADDR_002
0
<BuiltinTypeData>
ADDR_002
BuiltinType
int
NONE
0
0
0
nullptr_type
Int
int
<Id to Class Map>
ADDR_002
BuiltinType
<Top Level Types>
ADDR_002
<Top Level Types>
ADDR_002
<Visited Children>
ADDR_003
0
<IntegerLiteralData>
ADDR_003
IntegerLiteral
<TEST_DIR>/decl.cpp
6
18
<end>
1
<CLANG_INCLUDE>/__stddef_null.h
23
14
<end>
0
ADDR_002
0
0
0
%CLAVA_SOURCE_BLOCK%
0
<Id to Class Map>
ADDR_003
IntegerLiteral
<Visited Children>
ADDR_001
1
ADDR_003
<VarDeclData>
ADDR_001
VarDecl
<TEST_DIR>/decl.cpp
6
1
<TEST_DIR>/decl.cpp
6
18
1
<TEST_DIR>/decl.cpp
6
1
<CLANG_INCLUDE>/__stddef_null.h
23
14
0
0
0
0
0
0
0

nullGlobal
0
0
0
External
Default
ADDR_002
0
None
NONE
0
CINIT
0
0
0
1
<Id to Class Map>
ADDR_001
VarDecl
<Top Level Nodes>
ADDR_004
<Top Level Types>
ADDR_002
<Top Level Types>
ADDR_002
<Visited Children>
ADDR_005
0
<IntegerLiteralData>
ADDR_005
IntegerLiteral
<TEST_DIR>/decl.cpp
7
19
<end>
1
<CLANG_INCLUDE>/__stddef_null.h
23
14
<end>
0
ADDR_002
0
0
0
%CLAVA_SOURCE_BLOCK%
0
<Id to Class Map>
ADDR_005
IntegerLiteral
<Top Level Types>
ADDR_002
<Visited Children>
ADDR_006
0
<IntegerLiteralData>
ADDR_006
IntegerLiteral
<TEST_DIR>/decl.cpp
7
26
<end>
0
0
ADDR_002
0
0
0
%CLAVA_SOURCE_BLOCK%
1
<Id to Class Map>
ADDR_006
IntegerLiteral
<Top Level Types>
ADDR_002
<Visited Children>
ADDR_007
2
ADDR_005
ADDR_006
<BinaryOperatorData>
ADDR_007
BinaryOperator
<TEST_DIR>/decl.cpp
7
19
<TEST_DIR>/decl.cpp
7
26
1
<CLANG_INCLUDE>/__stddef_null.h
23
14
<TEST_DIR>/decl.cpp
7
26
0
ADDR_002
0
0
0
Add
<Id to Class Map>
ADDR_007
BinaryOperator
<Visited Children>
ADDR_004
1
ADDR_007
<VarDeclData>
ADDR_004
VarDecl
<TEST_DIR>/decl.cpp
7
1
<TEST_DIR>/decl.cpp
7
26
0
0
0
0
0
0
0
0

nullGlobal2
0
0
0
External
Default
ADDR_002
0
None
NONE
0
CINIT
0
0
0
1
<Id to Class Map>
ADDR_004
VarDecl
<Top Level Nodes>
ADDR_008
<Visited Children>
ADDR_009
0
<TagTypeData>
ADDR_009
RecordType
A
NONE
0
0
0
nullptr_type
ADDR_008
<Id to Class Map>
ADDR_009
RecordType
<Visited Children>
ADDR_010
0
<QualTypeData>
ADDR_010
QualType
const int
NONE
0
0
0
nullptr_type
1
CONST
NONE
0
ADDR_002
<Id to Class Map>
ADDR_010
QualType
<Top Level Types>
ADDR_010
<Top Level Types>
ADDR_002
<Visited Children>
ADDR_011
0
<IntegerLiteralData>
ADDR_011
IntegerLiteral
<TEST_DIR>/decl.cpp
10
38
<end>
0
0
ADDR_002
0
0
0
%CLAVA_SOURCE_BLOCK%
3
<Id to Class Map>
ADDR_011
IntegerLiteral
<Visited Children>
ADDR_012
1
ADDR_011
<VarDeclData>
ADDR_012
VarDecl
<TEST_DIR>/decl.cpp
10
2
<TEST_DIR>/decl.cpp
10
38
0
0
0
0
0
0
0
0
A
constexprInt
0
1
0
External
Default
ADDR_010
0
Static
NONE
0
CINIT
1
1
0
1
<Id to Class Map>
ADDR_012
VarDecl
<Visited Children>
ADDR_013
0
<BuiltinTypeData>
ADDR_013
BuiltinType
void
NONE
0
0
0
nullptr_type
Void
void
<Id to Class Map>
ADDR_013
BuiltinType
<Visited Children>
ADDR_014
0
<PointerTypeData>
ADDR_014
PointerType
int *
NONE
0
0
0
nullptr_type
ADDR_002
<Id to Class Map>
ADDR_014
PointerType
<Visited Children>
ADDR_015
0
<FunctionProtoTypeData>
ADDR_015
FunctionProtoType
void (int *)
NONE
0
0
0
nullptr_type
0
0
0
0
0
0
0
C
ADDR_013
1
1
ADDR_014
0
0
None
None
0
<Id to Class Map>
ADDR_015
FunctionProtoType
<Top Level Types>
ADDR_015
<Top Level Types>
ADDR_014
<Visited Children>
ADDR_016
0
<BuiltinTypeData>
ADDR_016
BuiltinType
std::nullptr_t
NONE
0
0
0
nullptr_type
NullPtr
std::nullptr_t
<Id to Class Map>
ADDR_016
BuiltinType
<Top Level Types>
ADDR_016
<Visited Children>
ADDR_017
0
<ExprData>
ADDR_017
CXXNullPtrLiteralExpr
<TEST_DIR>/decl.cpp
11
35
<end>
0
0
ADDR_016
0
0
0
<Id to Class Map>
ADDR_017
CXXNullPtrLiteralExpr
<Top Level Types>
ADDR_014
<Visited Children>
ADDR_018
1
ADDR_017
<ExprData>
ADDR_018
ImplicitCastExpr
<TEST_DIR>/decl.cpp
11
35
<end>
0
0
ADDR_014
0
0
0
<Id to Class Map>
ADDR_018
ImplicitCastExpr
<Visited Children>
ADDR_019
1
ADDR_018
<ParmVarDeclData>
ADDR_019
ParmVarDecl
<TEST_DIR>/decl.cpp
11
26
<TEST_DIR>/decl.cpp
11
35
0
0
0
0
0
0
0
0

a
0
0
0
None
Default
ADDR_014
0
None
NONE
0
CINIT
0
0
0
0
0
<Id to Class Map>
ADDR_019
ParmVarDecl
<Visited Children>
ADDR_020
0
<PointerTypeData>
ADDR_020
PointerType
A *
NONE
0
0
0
nullptr_type
ADDR_009
<Id to Class Map>
ADDR_020
PointerType
<Visited Children>
ADDR_021
1
ADDR_019
<CXXMethodDeclData>
ADDR_021
CXXMethodDecl
<TEST_DIR>/decl.cpp
11
5
<TEST_DIR>/decl.cpp
11
42
0
0
0
0
0
0
0
0
A
defaultInitDecl
0
1
1
External
Default
ADDR_015
0
0
0
None
0
0
0
0
0
nullptr_decl
ADDR_021
nullptr_decl
0
ADDR_008
0
0
1
0
0
0
0
0
ADDR_020
ADDR_009
0
0
<Id to Class Map>
ADDR_021
CXXMethodDecl
<Top Level Types>
ADDR_015
<Top Level Types>
ADDR_014
<Visited Children>
ADDR_022
0
<ParmVarDeclData>
ADDR_022
ParmVarDecl
<TEST_DIR>/decl.cpp
12
23
<TEST_DIR>/decl.cpp
12
28
0
0
0
0
0
0
0
0

a
0
0
0
None
Default
ADDR_014
0
None
NONE
0
CINIT
0
0
0
0
0
<Id to Class Map>
ADDR_022
ParmVarDecl
<Visited Children>
ADDR_023
1
ADDR_022
<CXXMethodDeclData>
ADDR_023
CXXMethodDecl
<TEST_DIR>/decl.cpp
12
2
<TEST_DIR>/decl.cpp
12
29
0
0
0
0
0
0
0
0
A
defaultInitImpl
0
1
1
External
Default
ADDR_015
0
0
0
None
0
0
0
0
0
nullptr_decl
ADDR_023
nullptr_decl
0
ADDR_008
0
0
1
0
0
0
0
0
ADDR_020
ADDR_009
0
0
<Id to Class Map>
ADDR_023
CXXMethodDecl
<Visited Children>
ADDR_024
0
<FunctionProtoTypeData>
ADDR_024
FunctionProtoType
void (int *, int *)
NONE
0
0
0
nullptr_type
0
0
0
0
0
0
0
C
ADDR_013
2
2
ADDR_014
ADDR_014
0
0
None
None
0
<Id to Class Map>
ADDR_024
FunctionProtoType
<Top Level Types>
ADDR_024
<Top Level Types>
ADDR_014
<Visited Children>
ADDR_025
0
<ParmVarDeclData>
ADDR_025
ParmVarDecl
<TEST_DIR>/decl.cpp
13
23
<TEST_DIR>/decl.cpp
13
28
0
0
0
0
0
0
0
0

a
0
0
0
None
Default
ADDR_014
0
None
NONE
0
CINIT
0
0
0
0
0
<Id to Class Map>
ADDR_025
ParmVarDecl
<Top Level Types>
ADDR_014
<Top Level Types>
ADDR_016
<Visited Children>
ADDR_026
0
<ExprData>
ADDR_026
CXXNullPtrLiteralExpr
<TEST_DIR>/decl.cpp
13
40
<end>
0
0
ADDR_016
0
0
0
<Id to Class Map>
ADDR_026
CXXNullPtrLiteralExpr
<Top Level Types>
ADDR_014
<Visited Children>
ADDR_027
1
ADDR_026
<ExprData>
ADDR_027
ImplicitCastExpr
<TEST_DIR>/decl.cpp
13
40
<end>
0
0
ADDR_014
0
0
0
<Id to Class Map>
ADDR_027
ImplicitCastExpr
<Visited Children>
ADDR_028
1
ADDR_027
<ParmVarDeclData>
ADDR_028
ParmVarDecl
<TEST_DIR>/decl.cpp
13
31
<TEST_DIR>/decl.cpp
13
40
0
0
0
0
0
0
0
0

b
0
0
0
None
Default
ADDR_014
0
None
NONE
0
CINIT
0
0
0
0
0
<Id to Class Map>
ADDR_028
ParmVarDecl
<Visited Children>
ADDR_029
2
ADDR_025
ADDR_028
<CXXMethodDeclData>
ADDR_029
CXXMethodDecl
<TEST_DIR>/decl.cpp
13
2
<TEST_DIR>/decl.cpp
13
47
0
0
0
0
0
0
0
0
A
defaultInitImpl
0
1
1
External
Default
ADDR_024
0
0
0
None
0
0
0
0
0
nullptr_decl
ADDR_029
nullptr_decl
0
ADDR_008
0
0
1
0
0
0
0
0
ADDR_020
ADDR_009
0
0
<Id to Class Map>
ADDR_029
CXXMethodDecl
<Visited Children>
ADDR_008
4
ADDR_012
ADDR_021
ADDR_023
ADDR_029
<CXXRecordDeclData>
ADDR_008
CXXRecordDecl
<TEST_DIR>/decl.cpp
9
1
<TEST_DIR>/decl.cpp
14
1
0
0
0
0
0
0
0
0

A
0
0
0
External
Default
ADDR_009
Class
1
0
0
ADDR_008
<Id to Class Map>
ADDR_008
CXXRecordDecl
<Top Level Nodes>
ADDR_030
<Top Level Types>
ADDR_015
<Top Level Types>
ADDR_014
<Visited Children>
ADDR_031
1
ADDR_018
<ParmVarDeclData>
ADDR_031
ParmVarDecl
<TEST_DIR>/decl.cpp
16
25
<TEST_DIR>/decl.cpp
16
30
0
0
0
0
0
0
0
0

a
0
0
0
None
Default
ADDR_014
0
None
NONE
0
CINIT
0
0
0
0
1
<Id to Class Map>
ADDR_031
ParmVarDecl
<Visited Children>
ADDR_032
0
<StmtData>
ADDR_032
CompoundStmt
<TEST_DIR>/decl.cpp
16
33
<TEST_DIR>/decl.cpp
16
34
0
0
<Id to Class Map>
ADDR_032
CompoundStmt
<Visited Children>
ADDR_030
2
ADDR_031
ADDR_032
<CXXMethodDeclData>
ADDR_030
CXXMethodDecl
<TEST_DIR>/decl.cpp
16
1
<TEST_DIR>/decl.cpp
16
34
0
0
0
0
0
0
0
0
A
defaultInitDecl
0
1
1
External
Default
ADDR_015
0
0
0
None
0
0
0
0
0
ADDR_021
ADDR_021
nullptr_decl
0
ADDR_008
0
0
1
0
0
0
0
0
ADDR_020
ADDR_009
0
0
<Id to Class Map>
ADDR_030
CXXMethodDecl
<Top Level Nodes>
ADDR_033
<Top Level Types>
ADDR_015
<Top Level Types>
ADDR_014
<Top Level Types>
ADDR_016
<Visited Children>
ADDR_034
0
<ExprData>
ADDR_034
CXXNullPtrLiteralExpr
<TEST_DIR>/decl.cpp
17
34
<end>
0
0
ADDR_016
0
0
0
<Id to Class Map>
ADDR_034
CXXNullPtrLiteralExpr
<Top Level Types>
ADDR_014
<Visited Children>
ADDR_035
1
ADDR_034
<ExprData>
ADDR_035
ImplicitCastExpr
<TEST_DIR>/decl.cpp
17
34
<end>
0
0
ADDR_014
0
0
0
<Id to Class Map>
ADDR_035
ImplicitCastExpr
<Visited Children>
ADDR_036
1
ADDR_035
<ParmVarDeclData>
ADDR_036
ParmVarDecl
<TEST_DIR>/decl.cpp
17
25
<TEST_DIR>/decl.cpp
17
34
0
0
0
0
0
0
0
0

a
0
0
0
None
Default
ADDR_014
0
None
NONE
0
CINIT
0
0
0
0
0
<Id to Class Map>
ADDR_036
ParmVarDecl
<Visited Children>
ADDR_037
0
<StmtData>
ADDR_037
CompoundStmt
<TEST_DIR>/decl.cpp
17
43
<TEST_DIR>/decl.cpp
17
44
0
0
<Id to Class Map>
ADDR_037
CompoundStmt
<Visited Children>
ADDR_033
2
ADDR_036
ADDR_037
<CXXMethodDeclData>
ADDR_033
CXXMethodDecl
<TEST_DIR>/decl.cpp
17
1
<TEST_DIR>/decl.cpp
17
44
0
0
0
0
0
0
0
0
A
defaultInitImpl
0
1
1
External
Default
ADDR_015
0
0
0
None
0
0
0
0
0
ADDR_023
ADDR_023
nullptr_decl
0
ADDR_008
0
0
1
0
0
0
0
0
ADDR_020
ADDR_009
0
0
<Id to Class Map>
ADDR_033
CXXMethodDecl
<Top Level Nodes>
ADDR_038
<Top Level Types>
ADDR_024
<Top Level Types>
ADDR_014
<Top Level Types>
ADDR_016
<Visited Children>
ADDR_039
0
<ExprData>
ADDR_039
CXXNullPtrLiteralExpr
<TEST_DIR>/decl.cpp
18
34
<end>
0
0
ADDR_016
0
0
0
<Id to Class Map>
ADDR_039
CXXNullPtrLiteralExpr
<Top Level Types>
ADDR_014
<Visited Children>
ADDR_040
1
ADDR_039
<ExprData>
ADDR_040
ImplicitCastExpr
<TEST_DIR>/decl.cpp
18
34
<end>
0
0
ADDR_014
0
0
0
<Id to Class Map>
ADDR_040
ImplicitCastExpr
<Visited Children>
ADDR_041
1
ADDR_040
<ParmVarDeclData>
ADDR_041
ParmVarDecl
<TEST_DIR>/decl.cpp
18
25
<TEST_DIR>/decl.cpp
18
34
0
0
0
0
0
0
0
0

a
0
0
0
None
Default
ADDR_014
0
None
NONE
0
CINIT
0
0
0
0
0
<Id to Class Map>
ADDR_041
ParmVarDecl
<Top Level Types>
ADDR_014
<Visited Children>
ADDR_042
1
ADDR_027
<ParmVarDeclData>
ADDR_042
ParmVarDecl
<TEST_DIR>/decl.cpp
18
43
<TEST_DIR>/decl.cpp
18
48
0
0
0
0
0
0
0
0

b
0
0
0
None
Default
ADDR_014
0
None
NONE
0
CINIT
0
0
0
0
1
<Id to Class Map>
ADDR_042
ParmVarDecl
<Visited Children>
ADDR_043
0
<StmtData>
ADDR_043
CompoundStmt
<TEST_DIR>/decl.cpp
18
51
<TEST_DIR>/decl.cpp
18
52
0
0
<Id to Class Map>
ADDR_043
CompoundStmt
<Visited Children>
ADDR_038
3
ADDR_041
ADDR_042
ADDR_043
<CXXMethodDeclData>
ADDR_038
CXXMethodDecl
<TEST_DIR>/decl.cpp
18
1
<TEST_DIR>/decl.cpp
18
52
0
0
0
0
0
0
0
0
A
defaultInitImpl
0
1
1
External
Default
ADDR_024
0
0
0
None
0
0
0
0
0
ADDR_029
ADDR_029
nullptr_decl
0
ADDR_008
0
0
1
0
0
0
0
0
ADDR_020
ADDR_009
0
0
<Id to Class Map>
ADDR_038
CXXMethodDecl
<Top Level Nodes>
ADDR_044
<Visited Children>
ADDR_045
0
<FunctionProtoTypeData>
ADDR_045
FunctionProtoType
void (int)
NONE
0
0
0
nullptr_type
0
0
0
0
0
0
0
C
ADDR_013
1
1
ADDR_002
0
0
None
None
0
<Id to Class Map>
ADDR_045
FunctionProtoType
<Top Level Types>
ADDR_045
<Top Level Types>
ADDR_002
<Visited Children>
ADDR_046
0
<ParmVarDeclData>
ADDR_046
ParmVarDecl
<TEST_DIR>/decl.cpp
21
11
<TEST_DIR>/decl.cpp
21
15
0
0
0
0
0
0
0
0

a
0
0
0
None
Default
ADDR_002
0
None
NONE
0
CINIT
0
0
0
0
0
<Id to Class Map>
ADDR_046
ParmVarDecl
<Visited Children>
ADDR_044
1
ADDR_046
<FunctionDeclData>
ADDR_044
FunctionDecl
<TEST_DIR>/decl.cpp
21
1
<TEST_DIR>/decl.cpp
21
16
0
0
0
0
0
0
0
0

foo1
0
0
0
External
Default
ADDR_045
0
0
0
None
0
0
0
0
0
nullptr_decl
ADDR_044
nullptr_decl
0
<Id to Class Map>
ADDR_044
FunctionDecl
<Top Level Nodes>
ADDR_047
<Top Level Types>
ADDR_045
<Top Level Types>
ADDR_002
<Top Level Types>
ADDR_002
<Visited Children>
ADDR_048
0
<IntegerLiteralData>
ADDR_048
IntegerLiteral
<TEST_DIR>/decl.cpp
22
19
<end>
0
0
ADDR_002
0
0
0
%CLAVA_SOURCE_BLOCK%
2
<Id to Class Map>
ADDR_048
IntegerLiteral
<Visited Children>
ADDR_049
1
ADDR_048
<ParmVarDeclData>
ADDR_049
ParmVarDecl
<TEST_DIR>/decl.cpp
22
11
<TEST_DIR>/decl.cpp
22
19
0
0
0
0
0
0
0
0

a
0
0
0
None
Default
ADDR_002
0
None
NONE
0
CINIT
0
0
0
0
0
<Id to Class Map>
ADDR_049
ParmVarDecl
<Visited Children>
ADDR_047
1
ADDR_049
<FunctionDeclData>
ADDR_047
FunctionDecl
<TEST_DIR>/decl.cpp
22
1
<TEST_DIR>/decl.cpp
22
20
0
0
0
0
0
0
0
0

foo1
0
0
0
External
Default
ADDR_045
0
0
0
None
0
0
0
0
0
ADDR_044
ADDR_044
nullptr_decl
0
<Id to Class Map>
ADDR_047
FunctionDecl
<Top Level Nodes>
ADDR_050
<Top Level Types>
ADDR_045
<Top Level Types>
ADDR_002
<Visited Children>
ADDR_051
1
ADDR_048
<ParmVarDeclData>
ADDR_051
ParmVarDecl
<TEST_DIR>/decl.cpp
23
11
<TEST_DIR>/decl.cpp
23
15
0
0
0
0
0
0
0
0

a
0
0
0
None
Default
ADDR_002
0
None
NONE
0
CINIT
0
0
0
0
1
<Id to Class Map>
ADDR_051
ParmVarDecl
<Visited Children>
ADDR_052
0
<StmtData>
ADDR_052
CompoundStmt
<TEST_DIR>/decl.cpp
23
18
<TEST_DIR>/decl.cpp
23
19
0
0
<Id to Class Map>
ADDR_052
CompoundStmt
<Visited Children>
ADDR_050
2
ADDR_051
ADDR_052
<FunctionDeclData>
ADDR_050
FunctionDecl
<TEST_DIR>/decl.cpp
23
1
<TEST_DIR>/decl.cpp
23
19
0
0
0
0
0
0
0
0

foo1
0
0
0
External
Default
ADDR_045
0
0
0
None
0
0
0
0
0
ADDR_047
ADDR_044
nullptr_decl
0
<Id to Class Map>
ADDR_050
FunctionDecl
<Top Level Nodes>
ADDR_053
<Top Level Attributes>
ADDR_054
<Visited Children>
ADDR_055
0
<ClassTemplateSpecializationDeclData>
ADDR_055
ClassTemplateSpecializationDecl
<SYSTEM_INCLUDE>/c++/vector
386
1
<SYSTEM_INCLUDE>/c++/vector
962
1
0
1
0
0
0
0
0
1
ADDR_054
std
vector
0
0
0
External
Default
ADDR_056
Class
1
0
0
ADDR_055
ADDR_057
ImplicitInstantiation
2
Type
ADDR_058
Type
ADDR_059
<Id to Class Map>
ADDR_055
ClassTemplateSpecializationDecl
<Visited Children>
ADDR_056
0
<TagTypeData>
ADDR_056
RecordType
std::vector<std::string>
NONE
0
0
0
nullptr_type
ADDR_055
<Id to Class Map>
ADDR_056
RecordType
<Top Level Attributes>
ADDR_060
<Top Level Attributes>
ADDR_061
<Visited Children>
ADDR_062
0
<ClassTemplateSpecializationDeclData>
ADDR_062
ClassTemplateSpecializationDecl
<SYSTEM_INCLUDE>/c++/__fwd/string.h
45
1
<SYSTEM_INCLUDE>/c++/__fwd/string.h
46
28
0
1
0
0
0
0
0
2
ADDR_060
ADDR_061
std
basic_string
0
0
0
External
Default
ADDR_058
Class
1
0
0
ADDR_062
ADDR_063
ImplicitInstantiation
3
Type
ADDR_064
Type
ADDR_065
Type
ADDR_066
<Id to Class Map>
ADDR_062
ClassTemplateSpecializationDecl
<Visited Children>
ADDR_058
0
<TagTypeData>
ADDR_058
RecordType
std::string
NONE
0
0
0
nullptr_type
ADDR_062
<Id to Class Map>
ADDR_058
RecordType
<Visited Children>
ADDR_064
0
<BuiltinTypeData>
ADDR_064
BuiltinType
char
NONE
0
0
0
nullptr_type
Char_S
char
<Id to Class Map>
ADDR_064
BuiltinType
<Visited Children>
ADDR_063
0
<TemplateDeclData>
ADDR_063
ClassTemplateDecl
<SYSTEM_INCLUDE>/c++/__fwd/string.h
45
1
<SYSTEM_INCLUDE>/c++/__fwd/string.h
46
28
0
1
0
0
0
0
0
0
std
basic_string
0
0
0
External
Default
3
ADDR_067
ADDR_068
ADDR_069
ADDR_070
<Id to Class Map>
ADDR_063
ClassTemplateDecl
<Visited Children>
ADDR_071
0
<TemplateSpecializationTypeData>
ADDR_071
TemplateSpecializationType
string
NONE
0
0
0
ADDR_058
0
nullptr_type
basic_string
ADDR_063
1
Type
ADDR_064
<Id to Class Map>
ADDR_071
TemplateSpecializationType
<Visited Children>
ADDR_072
0
<ElaboratedTypeData>
ADDR_072
ElaboratedType
string
NONE
0
0
0
ADDR_071
None

ADDR_071
<Id to Class Map>
ADDR_072
ElaboratedType
<Visited Children>
ADDR_073
0
<TypedefNameDeclData>
ADDR_073
TypeAliasDecl
<SYSTEM_INCLUDE>/c++/__fwd/string.h
48
1
<SYSTEM_INCLUDE>/c++/__fwd/string.h
48
33
0
1
0
0
1
0
0
0
std
string
0
0
0
None
Default
ADDR_074
ADDR_072
<Id to Class Map>
ADDR_073
TypeAliasDecl
<Visited Children>
ADDR_074
0
<TypedefTypeData>
ADDR_074
TypedefType
std::string
NONE
0
0
0
ADDR_072
ADDR_073
<Id to Class Map>
ADDR_074
TypedefType
<Visited Children>
ADDR_075
0
<ElaboratedTypeData>
ADDR_075
ElaboratedType
std::string
NONE
0
0
0
ADDR_074
None
std::
ADDR_074
<Id to Class Map>
ADDR_075
ElaboratedType
<Visited Children>
ADDR_057
0
<TemplateDeclData>
ADDR_057
ClassTemplateDecl
<SYSTEM_INCLUDE>/c++/vector
386
1
<SYSTEM_INCLUDE>/c++/vector
962
1
0
1
0
0
0
0
0
0
std
vector
0
0
0
External
Default
2
ADDR_076
ADDR_077
ADDR_078
<Id to Class Map>
ADDR_057
ClassTemplateDecl
<Visited Children>
ADDR_079
0
<TemplateSpecializationTypeData>
ADDR_079
TemplateSpecializationType
vector<std::string>
NONE
0
0
0
ADDR_056
0
nullptr_type
vector
ADDR_057
1
Type
ADDR_075
<Id to Class Map>
ADDR_079
TemplateSpecializationType
<Visited Children>
ADDR_080
0
<ElaboratedTypeData>
ADDR_080
ElaboratedType
std::vector<std::string>
NONE
0
0
0
ADDR_079
None
std::
ADDR_079
<Id to Class Map>
ADDR_080
ElaboratedType
<Visited Children>
ADDR_081
0
<FunctionProtoTypeData>
ADDR_081
FunctionProtoType
std::vector<std::string> ()
NONE
0
0
0
nullptr_type
0
0
0
0
0
0
0
C
ADDR_080
0
0
0
0
None
None
0
<Id to Class Map>
ADDR_081
FunctionProtoType
<Top Level Types>
ADDR_081
<Visited Children>
ADDR_082
0
<TemplateSpecializationTypeData>
ADDR_082
TemplateSpecializationType
vector<std::string>
NONE
0
0
0
ADDR_056
0
nullptr_type
vector
ADDR_057
1
Type
ADDR_075
<Id to Class Map>
ADDR_082
TemplateSpecializationType
<Visited Children>
ADDR_083
0
<ElaboratedTypeData>
ADDR_083
ElaboratedType
std::vector<std::string>
NONE
0
0
0
ADDR_082
None
std::
ADDR_082
<Id to Class Map>
ADDR_083
ElaboratedType
<Top Level Types>
ADDR_083
<Top Level Types>
ADDR_083
<Top Level Attributes>
ADDR_084
<Top Level Attributes>
ADDR_085
<Top Level Types>
ADDR_086
<Visited Children>
ADDR_087
0
<CXXConstructorDeclData>
ADDR_087
CXXConstructorDecl
<SYSTEM_INCLUDE>/c++/vector
415
33
<SYSTEM_INCLUDE>/c++/vector
416
76
1
<SYSTEM_INCLUDE>/c++/__config
782
57
<SYSTEM_INCLUDE>/c++/vector
416
76
1
0
1
1
0
0
2
ADDR_084
ADDR_085
std::vector<std::string>
vector
3
1
1
External
Default
ADDR_086
0
0
2
None
0
0
0
0
0
nullptr_decl
ADDR_087
nullptr_decl
0
ADDR_055
0
0
1
0
0
0
0
0
ADDR_088
ADDR_056
1
0
0
1
0
ResolvedFalse
nullptr_expr
0
<Id to Class Map>
ADDR_087
CXXConstructorDecl
<Visited Children>
ADDR_089
0
<CXXConstructExprData>
ADDR_089
CXXConstructExpr
<TEST_DIR>/decl.cpp
26
27
<end>
0
0
ADDR_083
0
0
0
0
0
0
0
Complete
1
ADDR_087
<Id to Class Map>
ADDR_089
CXXConstructExpr
<Visited Children>
ADDR_090
1
ADDR_089
<VarDeclData>
ADDR_090
VarDecl
<TEST_DIR>/decl.cpp
26
2
<TEST_DIR>/decl.cpp
26
27
0
0
0
1
1
0
0
0

aString
0
0
0
None
Default
ADDR_083
0
None
NONE
1
CALL_INIT
0
0
0
0
<Id to Class Map>
ADDR_090
VarDecl
<Visited Children>
ADDR_091
1
ADDR_090
<StmtData>
ADDR_091
DeclStmt
<TEST_DIR>/decl.cpp
26
2
<TEST_DIR>/decl.cpp
26
34
0
0
<Id to Class Map>
ADDR_091
DeclStmt
<Top Level Types>
ADDR_083
<Visited Children>
ADDR_092
0
<DeclRefExprData>
ADDR_092
DeclRefExpr
<TEST_DIR>/decl.cpp
28
9
<end>
0
0
ADDR_083
1
0
0

0
ADDR_090
<Id to Class Map>
ADDR_092
DeclRefExpr
<Top Level Types>
ADDR_083
<Visited Children>
ADDR_093
1
ADDR_092
<ExprData>
ADDR_093
ImplicitCastExpr
<TEST_DIR>/decl.cpp
28
9
<end>
0
0
ADDR_083
2
0
0
<Id to Class Map>
ADDR_093
ImplicitCastExpr
<Top Level Types>
ADDR_080
<Top Level Attributes>
ADDR_094
<Top Level Attributes>
ADDR_095
<Top Level Types>
ADDR_096
<Visited Children>
ADDR_097
0
<CXXConstructorDeclData>
ADDR_097
CXXConstructorDecl
<SYSTEM_INCLUDE>/c++/vector
520
33
<SYSTEM_INCLUDE>/c++/vector
522
7
1
<SYSTEM_INCLUDE>/c++/__config
782
57
<SYSTEM_INCLUDE>/c++/vector
522
7
1
0
1
1
0
0
2
ADDR_094
ADDR_095
std::vector<std::string>
vector
3
1
1
External
Default
ADDR_096
0
0
2
None
0
0
0
0
0
nullptr_decl
ADDR_097
nullptr_decl
0
ADDR_055
0
0
1
0
0
0
0
0
ADDR_088
ADDR_056
0
0
0
0
0
ResolvedFalse
nullptr_expr
0
<Id to Class Map>
ADDR_097
CXXConstructorDecl
<Visited Children>
ADDR_098
1
ADDR_093
<CXXConstructExprData>
ADDR_098
CXXConstructExpr
<TEST_DIR>/decl.cpp
28
9
<end>
0
0
ADDR_080
0
0
0
0
0
0
0
Complete
1
ADDR_097
<Id to Class Map>
ADDR_098
CXXConstructExpr
<Visited Children>
ADDR_099
1
ADDR_098
<StmtData>
ADDR_099
ReturnStmt
<TEST_DIR>/decl.cpp
28
2
<TEST_DIR>/decl.cpp
28
9
0
0
<Id to Class Map>
ADDR_099
ReturnStmt
<Visited Children>
ADDR_100
2
ADDR_091
ADDR_099
<StmtData>
ADDR_100
CompoundStmt
<TEST_DIR>/decl.cpp
25
32
<TEST_DIR>/decl.cpp
29
1
0
0
<Id to Class Map>
ADDR_100
CompoundStmt
<Visited Children>
ADDR_053
1
ADDR_100
<FunctionDeclData>
ADDR_053
FunctionDecl
<TEST_DIR>/decl.cpp
25
1
<TEST_DIR>/decl.cpp
29
1
0
0
0
0
0
0
0
0

foo
0
0
0
External
Default
ADDR_081
0
0
0
None
0
0
0
0
0
nullptr_decl
ADDR_053
nullptr_decl
0
<Id to Class Map>
ADDR_053
FunctionDecl
<Top Level Nodes>
ADDR_101
<Visited Children>
ADDR_102
0
<QualTypeData>
ADDR_102
QualType
const std::string
NONE
0
0
0
nullptr_type
1
CONST
NONE
0
ADDR_058
<Id to Class Map>
ADDR_102
QualType
<Visited Children>
ADDR_103
0
<QualTypeData>
ADDR_103
QualType
const string
NONE
0
0
0
ADDR_058
1
CONST
NONE
0
ADDR_071
<Id to Class Map>
ADDR_103
QualType
<Visited Children>
ADDR_104
0
<QualTypeData>
ADDR_104
QualType
const string
NONE
0
0
0
ADDR_071
1
CONST
NONE
0
ADDR_072
<Id to Class Map>
ADDR_104
QualType
<Visited Children>
ADDR_105
0
<QualTypeData>
ADDR_105
QualType
const std::string
NONE
0
0
0
ADDR_072
1
CONST
NONE
0
ADDR_074
<Id to Class Map>
ADDR_105
QualType
<Visited Children>
ADDR_106
0
<QualTypeData>
ADDR_106
QualType
const std::string
NONE
0
0
0
ADDR_074
1
CONST
NONE
0
ADDR_075
<Id to Class Map>
ADDR_106
QualType
<Visited Children>
ADDR_107
0
<ReferenceTypeData>
ADDR_107
LValueReferenceType
const std::string &
NONE
0
0
0
nullptr_type
ADDR_106
<Id to Class Map>
ADDR_107
LValueReferenceType
<Visited Children>
ADDR_108
0
<FunctionProtoTypeData>
ADDR_108
FunctionProtoType
const std::string &(const std::string &)
NONE
0
0
0
nullptr_type
0
0
0
0
0
0
0
C
ADDR_107
1
1
ADDR_107
0
0
None
None
0
<Id to Class Map>
ADDR_108
FunctionProtoType
<Top Level Types>
ADDR_108
<Top Level Types>
ADDR_107
<Visited Children>
ADDR_109
0
<ParmVarDeclData>
ADDR_109
ParmVarDecl
<TEST_DIR>/decl.cpp
31
27
<TEST_DIR>/decl.cpp
31
46
0
0
0
1
1
0
0
0

aString
0
0
0
None
Default
ADDR_107
0
None
NONE
0
CINIT
0
0
0
0
0
<Id to Class Map>
ADDR_109
ParmVarDecl
<Top Level Types>
ADDR_106
<Visited Children>
ADDR_110
0
<DeclRefExprData>
ADDR_110
DeclRefExpr
<TEST_DIR>/decl.cpp
32
9
<end>
0
0
ADDR_106
1
0
0

0
ADDR_109
<Id to Class Map>
ADDR_110
DeclRefExpr
<Visited Children>
ADDR_111
1
ADDR_110
<StmtData>
ADDR_111
ReturnStmt
<TEST_DIR>/decl.cpp
32
2
<TEST_DIR>/decl.cpp
32
9
0
0
<Id to Class Map>
ADDR_111
ReturnStmt
<Visited Children>
ADDR_112
1
ADDR_111
<StmtData>
ADDR_112
CompoundStmt
<TEST_DIR>/decl.cpp
31
55
<TEST_DIR>/decl.cpp
33
1
0
0
<Id to Class Map>
ADDR_112
CompoundStmt
<Visited Children>
ADDR_101
2
ADDR_109
ADDR_112
<FunctionDeclData>
ADDR_101
FunctionDecl
<TEST_DIR>/decl.cpp
31
1
<TEST_DIR>/decl.cpp
33
1
0
0
0
0
0
0
0
0

fooRef
0
0
0
External
Default
ADDR_108
0
0
0
None
0
0
0
0
0
nullptr_decl
ADDR_101
nullptr_decl
0
<Id to Class Map>
ADDR_101
FunctionDecl
<Top Level Nodes>
ADDR_113
<Top Level Types>
ADDR_002
<Visited Children>
ADDR_113
0
<VarDeclData>
ADDR_113
VarDecl
<TEST_DIR>/decl.cpp
35
1
<TEST_DIR>/decl.cpp
35
12
0
0
0
0
0
0
0
0

a
0
0
0
Internal
Default
ADDR_002
0
Static
NONE
0
CINIT
0
0
0
1
<Id to Class Map>
ADDR_113
VarDecl
<Top Level Nodes>
ADDR_114
<Visited Children>
ADDR_115
0
<FunctionProtoTypeData>
ADDR_115
FunctionProtoType
int ()
NONE
0
0
0
nullptr_type
0
0
0
0
0
0
0
C
ADDR_002
0
0
0
0
None
None
0
<Id to Class Map>
ADDR_115
FunctionProtoType
<Top Level Types>
ADDR_115
<Top Level Types>
ADDR_002
<Visited Children>
ADDR_116
0
<VarDeclData>
ADDR_116
VarDecl
<TEST_DIR>/decl.cpp
40
2
<TEST_DIR>/decl.cpp
40
6
0
0
0
0
0
0
0
0

a
0
0
0
None
Default
ADDR_002
0
None
NONE
0
CINIT
0
0
0
0
<Id to Class Map>
ADDR_116
VarDecl
<Visited Children>
ADDR_117
1
ADDR_116
<StmtData>
ADDR_117
DeclStmt
<TEST_DIR>/decl.cpp
40
2
<TEST_DIR>/decl.cpp
40
7
0
0
<Id to Class Map>
ADDR_117
DeclStmt
<Top Level Types>
ADDR_002
<Visited Children>
ADDR_118
0
<VarDeclData>
ADDR_118
VarDecl
<TEST_DIR>/decl.cpp
41
2
<TEST_DIR>/decl.cpp
41
6
0
0
0
0
0
0
0
0

b
0
0
0
None
Default
ADDR_002
0
None
NONE
0
CINIT
0
0
0
0
<Id to Class Map>
ADDR_118
VarDecl
<Top Level Types>
ADDR_002
<Top Level Types>
ADDR_002
<Visited Children>
ADDR_119
0
<IntegerLiteralData>
ADDR_119
IntegerLiteral
<TEST_DIR>/decl.cpp
41
11
<end>
0
0
ADDR_002
0
0
0
%CLAVA_SOURCE_BLOCK%
0
<Id to Class Map>
ADDR_119
IntegerLiteral
<Visited Children>
ADDR_120
1
ADDR_119
<VarDeclData>
ADDR_120
VarDecl
<TEST_DIR>/decl.cpp
41
2
<TEST_DIR>/decl.cpp
41
11
0
0
0
0
0
0
0
0

c
0
0
0
None
Default
ADDR_002
0
None
NONE
0
CINIT
0
0
0
0
<Id to Class Map>
ADDR_120
VarDecl
<Top Level Types>
ADDR_002
<Visited Children>
ADDR_121
0
<VarDeclData>
ADDR_121
VarDecl
<TEST_DIR>/decl.cpp
41
2
<TEST_DIR>/decl.cpp
41
14
0
0
0
0
0
0
0
0

d
0
0
0
None
Default
ADDR_002
0
None
NONE
0
CINIT
0
0
0
0
<Id to Class Map>
ADDR_121
VarDecl
<Visited Children>
ADDR_122
3
ADDR_118
ADDR_120
ADDR_121
<StmtData>
ADDR_122
DeclStmt
<TEST_DIR>/decl.cpp
41
2
<TEST_DIR>/decl.cpp
41
15
0
0
<Id to Class Map>
ADDR_122
DeclStmt
<Top Level Types>
ADDR_010
<Top Level Types>
ADDR_002
<Visited Children>
ADDR_123
0
<IntegerLiteralData>
ADDR_123
IntegerLiteral
<TEST_DIR>/decl.cpp
43
14
<end>
0
0
ADDR_002
0
0
0
%CLAVA_SOURCE_BLOCK%
2
<Id to Class Map>
ADDR_123
IntegerLiteral
<Visited Children>
ADDR_124
1
ADDR_123
<VarDeclData>
ADDR_124
VarDecl
<TEST_DIR>/decl.cpp
43
2
<TEST_DIR>/decl.cpp
43
14
0
0
0
0
0
0
0
0

e
0
0
0
None
Default
ADDR_010
0
None
NONE
0
CINIT
0
0
0
0
<Id to Class Map>
ADDR_124
VarDecl
<Top Level Types>
ADDR_010
<Top Level Types>
ADDR_002
<Visited Children>
ADDR_125
0
<IntegerLiteralData>
ADDR_125
IntegerLiteral
<TEST_DIR>/decl.cpp
43
19
<end>
0
0
ADDR_002
0
0
0
%CLAVA_SOURCE_BLOCK%
3
<Id to Class Map>
ADDR_125
IntegerLiteral
<Visited Children>
ADDR_126
1
ADDR_125
<VarDeclData>
ADDR_126
VarDecl
<TEST_DIR>/decl.cpp
43
2
<TEST_DIR>/decl.cpp
43
19
0
0
0
0
0
0
0
0

f
0
0
0
None
Default
ADDR_010
0
None
NONE
0
CINIT
0
0
0
0
<Id to Class Map>
ADDR_126
VarDecl
<Visited Children>
ADDR_127
2
ADDR_124
ADDR_126
<StmtData>
ADDR_127
DeclStmt
<TEST_DIR>/decl.cpp
43
2
<TEST_DIR>/decl.cpp
43
20
0
0
<Id to Class Map>
ADDR_127
DeclStmt
<Top Level Types>
ADDR_010
<Top Level Types>
ADDR_002
<Visited Children>
ADDR_128
0
<IntegerLiteralData>
ADDR_128
IntegerLiteral
<TEST_DIR>/decl.cpp
44
34
<end>
0
0
ADDR_002
0
0
0
%CLAVA_SOURCE_BLOCK%
1
<Id to Class Map>
ADDR_128
IntegerLiteral
<Visited Children>
ADDR_129
1
ADDR_128
<VarDeclData>
ADDR_129
VarDecl
<TEST_DIR>/decl.cpp
44
2
<TEST_DIR>/decl.cpp
44
34
0
0
0
0
0
0
0
0

constexpr_local
0
0
0
None
Default
ADDR_010
0
None
NONE
0
CINIT
1
0
0
0
<Id to Class Map>
ADDR_129
VarDecl
<Visited Children>
ADDR_130
1
ADDR_129
<StmtData>
ADDR_130
DeclStmt
<TEST_DIR>/decl.cpp
44
2
<TEST_DIR>/decl.cpp
44
35
0
0
<Id to Class Map>
ADDR_130
DeclStmt
<Top Level Types>
ADDR_002
<Top Level Types>
ADDR_002
<Visited Children>
ADDR_131
0
<IntegerLiteralData>
ADDR_131
IntegerLiteral
<TEST_DIR>/decl.cpp
45
10
<end>
0
0
ADDR_002
0
0
0
%CLAVA_SOURCE_BLOCK%
4
<Id to Class Map>
ADDR_131
IntegerLiteral
<Visited Children>
ADDR_132
1
ADDR_131
<VarDeclData>
ADDR_132
VarDecl
<TEST_DIR>/decl.cpp
45
2
<TEST_DIR>/decl.cpp
45
10
0
0
0
0
0
0
0
0

g
0
0
0
None
Default
ADDR_002
0
None
NONE
0
CINIT
0
0
0
0
<Id to Class Map>
ADDR_132
VarDecl
<Visited Children>
ADDR_133
1
ADDR_132
<StmtData>
ADDR_133
DeclStmt
<TEST_DIR>/decl.cpp
45
2
<TEST_DIR>/decl.cpp
45
11
0
0
<Id to Class Map>
ADDR_133
DeclStmt
<Top Level Attributes>
ADDR_134
<Visited Children>
ADDR_135
0
<ClassTemplateSpecializationDeclData>
ADDR_135
ClassTemplateSpecializationDecl
<SYSTEM_INCLUDE>/c++/vector
386
1
<SYSTEM_INCLUDE>/c++/vector
962
1
0
1
0
0
0
0
0
1
ADDR_134
std
vector
0
0
0
External
Default
ADDR_136
Class
1
0
0
ADDR_135
ADDR_057
ImplicitInstantiation
2
Type
ADDR_002
Type
ADDR_137
<Id to Class Map>
ADDR_135
ClassTemplateSpecializationDecl
<Visited Children>
ADDR_136
0
<TagTypeData>
ADDR_136
RecordType
std::vector<int>
NONE
0
0
0
nullptr_type
ADDR_135
<Id to Class Map>
ADDR_136
RecordType
<Visited Children>
ADDR_138
0
<TemplateSpecializationTypeData>
ADDR_138
TemplateSpecializationType
vector<int>
NONE
0
0
0
ADDR_136
0
nullptr_type
vector
ADDR_057
1
Type
ADDR_002
<Id to Class Map>
ADDR_138
TemplateSpecializationType
<Visited Children>
ADDR_139
0
<ElaboratedTypeData>
ADDR_139
ElaboratedType
std::vector<int>
NONE
0
0
0
ADDR_138
None
std::
ADDR_138
<Id to Class Map>
ADDR_139
ElaboratedType
<Top Level Types>
ADDR_139
<Top Level Types>
ADDR_139
<Top Level Attributes>
ADDR_140
<Top Level Attributes>
ADDR_141
<Top Level Types>
ADDR_142
<Visited Children>
ADDR_143
0
<CXXConstructorDeclData>
ADDR_143
CXXConstructorDecl
<SYSTEM_INCLUDE>/c++/vector
415
33
<SYSTEM_INCLUDE>/c++/vector
416
76
1
<SYSTEM_INCLUDE>/c++/__config
782
57
<SYSTEM_INCLUDE>/c++/vector
416
76
1
0
1
1
0
0
2
ADDR_140
ADDR_141
std::vector<int>
vector
3
1
1
External
Default
ADDR_142
0
0
2
None
0
0
0
0
0
nullptr_decl
ADDR_143
nullptr_decl
0
ADDR_135
0
0
1
0
0
0
0
0
ADDR_144
ADDR_136
1
0
0
1
0
ResolvedFalse
nullptr_expr
0
<Id to Class Map>
ADDR_143
CXXConstructorDecl
<Visited Children>
ADDR_145
0
<CXXConstructExprData>
ADDR_145
CXXConstructExpr
<TEST_DIR>/decl.cpp
46
19
<end>
0
0
ADDR_139
0
0
0
0
0
0
0
Complete
1
ADDR_143
<Id to Class Map>
ADDR_145
CXXConstructExpr
<Visited Children>
ADDR_146
1
ADDR_145
<VarDeclData>
ADDR_146
VarDecl
<TEST_DIR>/decl.cpp
46
2
<TEST_DIR>/decl.cpp
46
19
0
0
0
0
0
0
0
0

v1
0
0
0
None
Default
ADDR_139
0
None
NONE
0
CALL_INIT
0
0
0
0
<Id to Class Map>
ADDR_146
VarDecl
<Top Level Types>
ADDR_139
<Top Level Types>
ADDR_139
<Visited Children>
ADDR_147
0
<CXXConstructExprData>
ADDR_147
CXXConstructExpr
<TEST_DIR>/decl.cpp
46
23
<end>
0
0
ADDR_139
0
0
0
0
0
0
0
Complete
1
ADDR_143
<Id to Class Map>
ADDR_147
CXXConstructExpr
<Visited Children>
ADDR_148
1
ADDR_147
<VarDeclData>
ADDR_148
VarDecl
<TEST_DIR>/decl.cpp
46
2
<TEST_DIR>/decl.cpp
46
23
0
0
0
0
0
0
0
0

v2
0
0
0
None
Default
ADDR_139
0
None
NONE
0
CALL_INIT
0
0
0
0
<Id to Class Map>
ADDR_148
VarDecl
<Visited Children>
ADDR_149
2
ADDR_146
ADDR_148
<StmtData>
ADDR_149
DeclStmt
<TEST_DIR>/decl.cpp
46
2
<TEST_DIR>/decl.cpp
46
25
0
0
<Id to Class Map>
ADDR_149
DeclStmt
<Top Level Types>
ADDR_002
<Visited Children>
ADDR_150
0
<VarDeclData>
ADDR_150
VarDecl
<TEST_DIR>/decl.cpp
49
3
<TEST_DIR>/decl.cpp
49
7
0
0
0
0
0
0
0
0

aa
0
0
0
None
Default
ADDR_002
0
None
NONE
0
CINIT
0
0
0
0
<Id to Class Map>
ADDR_150
VarDecl
<Top Level Types>
ADDR_002
<Visited Children>
ADDR_151
0
<VarDeclData>
ADDR_151
VarDecl
<TEST_DIR>/decl.cpp
49
3
<TEST_DIR>/decl.cpp
49
11
0
0
0
0
0
0
0
0

bb
0
0
0
None
Default
ADDR_002
0
None
NONE
0
CINIT
0
0
0
0
<Id to Class Map>
ADDR_151
VarDecl
<Visited Children>
ADDR_152
2
ADDR_150
ADDR_151
<StmtData>
ADDR_152
DeclStmt
<TEST_DIR>/decl.cpp
49
3
<TEST_DIR>/decl.cpp
49
13
0
0
<Id to Class Map>
ADDR_152
DeclStmt
<Visited Children>
ADDR_153
1
ADDR_152
<StmtData>
ADDR_153
CompoundStmt
<TEST_DIR>/decl.cpp
48
2
<TEST_DIR>/decl.cpp
50
2
0
0
<Id to Class Map>
ADDR_153
CompoundStmt
<Visited Children>
ADDR_154
0
<AutoTypeData>
ADDR_154
AutoType
std::vector<std::string>
NONE
0
0
0
ADDR_080
ADDR_080
<Id to Class Map>
ADDR_154
AutoType
<Top Level Types>
ADDR_154
<Top Level Types>
ADDR_081
<Visited Children>
ADDR_155
0
<DeclRefExprData>
ADDR_155
DeclRefExpr
<TEST_DIR>/decl.cpp
52
19
<end>
0
0
ADDR_081
1
0
0

0
ADDR_053
<Id to Class Map>
ADDR_155
DeclRefExpr
<Visited Children>
ADDR_156
0
<PointerTypeData>
ADDR_156
PointerType
std::vector<std::string> (*)()
NONE
0
0
0
nullptr_type
ADDR_081
<Id to Class Map>
ADDR_156
PointerType
<Top Level Types>
ADDR_156
<Visited Children>
ADDR_157
1
ADDR_155
<ExprData>
ADDR_157
ImplicitCastExpr
<TEST_DIR>/decl.cpp
52
19
<end>
0
0
ADDR_156
0
0
0
<Id to Class Map>
ADDR_157
ImplicitCastExpr
<Top Level Types>
ADDR_080
<Visited Children>
ADDR_158
1
ADDR_157
<CallExprData>
ADDR_158
CallExpr
<TEST_DIR>/decl.cpp
52
19
<TEST_DIR>/decl.cpp
52
23
0
0
ADDR_080
0
0
0
ADDR_053
<Id to Class Map>
ADDR_158
CallExpr
<Top Level Types>
ADDR_080
<Visited Children>
ADDR_159
1
ADDR_158
<ExprData>
ADDR_159
CXXBindTemporaryExpr
<TEST_DIR>/decl.cpp
52
19
<TEST_DIR>/decl.cpp
52
23
0
0
ADDR_080
0
0
0
<Id to Class Map>
ADDR_159
CXXBindTemporaryExpr
<Top Level Types>
ADDR_080
<Visited Children>
ADDR_160
1
ADDR_159
<ExprData>
ADDR_160
ExprWithCleanups
<TEST_DIR>/decl.cpp
52
19
<TEST_DIR>/decl.cpp
52
23
0
0
ADDR_080
0
0
0
<Id to Class Map>
ADDR_160
ExprWithCleanups
<Visited Children>
ADDR_161
1
ADDR_160
<VarDeclData>
ADDR_161
VarDecl
<TEST_DIR>/decl.cpp
52
2
<TEST_DIR>/decl.cpp
52
23
0
0
0
0
0
0
0
0

fooResult
0
0
0
None
Default
ADDR_154
0
None
NONE
0
CINIT
0
0
0
0
<Id to Class Map>
ADDR_161
VarDecl
<Visited Children>
ADDR_162
1
ADDR_161
<StmtData>
ADDR_162
DeclStmt
<TEST_DIR>/decl.cpp
52
2
<TEST_DIR>/decl.cpp
52
24
0
0
<Id to Class Map>
ADDR_162
DeclStmt
<Visited Children>
ADDR_163
0
<AutoTypeData>
ADDR_163
AutoType
std::string
NONE
0
0
0
ADDR_075
ADDR_075
<Id to Class Map>
ADDR_163
AutoType
<Top Level Types>
ADDR_163
<Top Level Types>
ADDR_108
<Visited Children>
ADDR_164
0
<DeclRefExprData>
ADDR_164
DeclRefExpr
<TEST_DIR>/decl.cpp
53
25
<end>
0
0
ADDR_108
1
0
0

0
ADDR_101
<Id to Class Map>
ADDR_164
DeclRefExpr
<Visited Children>
ADDR_165
0
<PointerTypeData>
ADDR_165
PointerType
const std::string &(*)(const std::string &)
NONE
0
0
0
nullptr_type
ADDR_108
<Id to Class Map>
ADDR_165
PointerType
<Top Level Types>
ADDR_165
<Visited Children>
ADDR_166
1
ADDR_164
<ExprData>
ADDR_166
ImplicitCastExpr
<TEST_DIR>/decl.cpp
53
25
<end>
0
0
ADDR_165
0
0
0
<Id to Class Map>
ADDR_166
ImplicitCastExpr
<Visited Children>
ADDR_167
0
<QualTypeData>
ADDR_167
QualType
const char
NONE
0
0
0
nullptr_type
1
CONST
NONE
0
ADDR_064
<Id to Class Map>
ADDR_167
QualType
<Visited Children>
ADDR_168
0
<ConstantArrayTypeData>
ADDR_168
ConstantArrayType
const char[6]
NONE
0
0
0
nullptr_type
Normal
0
ADDR_167
6
<Id to Class Map>
ADDR_168
ConstantArrayType
<Top Level Types>
ADDR_168
<Visited Children>
ADDR_169
0
<StringLiteralData>
ADDR_169
StringLiteral
<TEST_DIR>/decl.cpp
53
32
<end>
0
0
ADDR_168
1
0
0
%CLAVA_SOURCE_BLOCK%
ORDINARY
5
1
5
72
101
108
108
111
<Id to Class Map>
ADDR_169
StringLiteral
<Visited Children>
ADDR_170
0
<PointerTypeData>
ADDR_170
PointerType
const char *
NONE
0
0
0
nullptr_type
ADDR_167
<Id to Class Map>
ADDR_170
PointerType
<Top Level Types>
ADDR_170
<Visited Children>
ADDR_171
1
ADDR_169
<ExprData>
ADDR_171
ImplicitCastExpr
<TEST_DIR>/decl.cpp
53
32
<end>
0
0
ADDR_170
0
0
0
<Id to Class Map>
ADDR_171
ImplicitCastExpr
<Top Level Types>
ADDR_106
<Top Level Attributes>
ADDR_172
<Top Level Attributes>
ADDR_173
<Top Level Types>
ADDR_174
<Visited Children>
ADDR_175
0
<CXXConstructorDeclData>
ADDR_175
CXXConstructorDecl
<SYSTEM_INCLUDE>/c++/string
951
3
<SYSTEM_INCLUDE>/c++/string
955
3
1
<SYSTEM_INCLUDE>/c++/__config
782
57
<SYSTEM_INCLUDE>/c++/string
955
3
1
0
1
1
0
0
2
ADDR_172
ADDR_173
std::string
basic_string
3
1
1
External
Default
ADDR_174
0
0
3
None
0
0
0
0
0
nullptr_decl
ADDR_175
ADDR_176
1
Integral
0
ADDR_062
0
0
1
0
0
0
0
0
ADDR_177
ADDR_058
1
0
0
0
0
ResolvedFalse
nullptr_expr
0
<Id to Class Map>
ADDR_175
CXXConstructorDecl
<Visited Children>
ADDR_178
1
ADDR_171
<CXXConstructExprData>
ADDR_178
CXXConstructExpr
<TEST_DIR>/decl.cpp
53
32
<end>
0
0
ADDR_106
0
0
0
0
0
0
0
Complete
1
ADDR_175
<Id to Class Map>
ADDR_178
CXXConstructExpr
<Top Level Types>
ADDR_106
<Visited Children>
ADDR_179
1
ADDR_178
<ExprData>
ADDR_179
CXXBindTemporaryExpr
<TEST_DIR>/decl.cpp
53
32
<end>
0
0
ADDR_106
0
0
0
<Id to Class Map>
ADDR_179
CXXBindTemporaryExpr
<Top Level Types>
ADDR_106
<Visited Children>
ADDR_180
1
ADDR_179
<MaterializeTemporaryExprData>
ADDR_180
MaterializeTemporaryExpr
<TEST_DIR>/decl.cpp
53
32
<end>
0
0
ADDR_106
1
0
0
nullptr_decl
<Id to Class Map>
ADDR_180
MaterializeTemporaryExpr
<Top Level Types>
ADDR_106
<Visited Children>
ADDR_181
2
ADDR_166
ADDR_180
<CallExprData>
ADDR_181
CallExpr
<TEST_DIR>/decl.cpp
53
25
<TEST_DIR>/decl.cpp
53
39
0
0
ADDR_106
1
0
0
ADDR_101
<Id to Class Map>
ADDR_181
CallExpr
<Top Level Types>
ADDR_163
<Top Level Types>
ADDR_182
<Visited Children>
ADDR_183
0
<CXXConstructorDeclData>
ADDR_183
CXXConstructorDecl
<SYSTEM_INCLUDE>/c++/string
896
71
<SYSTEM_INCLUDE>/c++/string
903
3
0
1
0
1
1
0
0
0
std::string
basic_string
3
1
1
External
Default
ADDR_182
0
0
2
None
0
0
0
0
0
nullptr_decl
ADDR_183
nullptr_decl
0
ADDR_062
0
0
1
0
0
0
0
0
ADDR_177
ADDR_058
1
0
0
0
0
ResolvedFalse
nullptr_expr
0
<Id to Class Map>
ADDR_183
CXXConstructorDecl
<Visited Children>
ADDR_184
1
ADDR_181
<CXXConstructExprData>
ADDR_184
CXXConstructExpr
<TEST_DIR>/decl.cpp
53
25
<TEST_DIR>/decl.cpp
53
39
0
0
ADDR_163
0
0
0
0
0
0
0
Complete
1
ADDR_183
<Id to Class Map>
ADDR_184
CXXConstructExpr
<Top Level Types>
ADDR_163
<Visited Children>
ADDR_185
1
ADDR_184
<ExprData>
ADDR_185
ExprWithCleanups
<TEST_DIR>/decl.cpp
53
25
<TEST_DIR>/decl.cpp
53
39
0
0
ADDR_163
0
0
0
<Id to Class Map>
ADDR_185
ExprWithCleanups
<Visited Children>
ADDR_186
1
ADDR_185
<VarDeclData>
ADDR_186
VarDecl
<TEST_DIR>/decl.cpp
53
5
<TEST_DIR>/decl.cpp
53
39
0
0
0
0
0
0
0
0

fooRefResult
0
0
0
None
Default
ADDR_163
0
None
NONE
0
CINIT
0
0
0
0
<Id to Class Map>
ADDR_186
VarDecl
<Visited Children>
ADDR_187
1
ADDR_186
<StmtData>
ADDR_187
DeclStmt
<TEST_DIR>/decl.cpp
53
5
<TEST_DIR>/decl.cpp
53
40
0
0
<Id to Class Map>
ADDR_187
DeclStmt
<Visited Children>
ADDR_188
0
<TemplateSpecializationTypeData>
ADDR_188
TemplateSpecializationType
vector<int>
NONE
0
0
0
ADDR_136
0
nullptr_type
vector
ADDR_057
1
Type
ADDR_002
<Id to Class Map>
ADDR_188
TemplateSpecializationType
<Visited Children>
ADDR_189
0
<ElaboratedTypeData>
ADDR_189
ElaboratedType
std::vector<int>
NONE
0
0
0
ADDR_188
None
std::
ADDR_188
<Id to Class Map>
ADDR_189
ElaboratedType
<Top Level Types>
ADDR_189
<Visited Children>
ADDR_190
0
<TemplateSpecializationTypeData>
ADDR_190
TemplateSpecializationType
vector<int>
NONE
0
0
0
ADDR_136
0
nullptr_type
vector
ADDR_057
1
Type
ADDR_002
<Id to Class Map>
ADDR_190
TemplateSpecializationType
<Visited Children>
ADDR_191
0
<ElaboratedTypeData>
ADDR_191
ElaboratedType
std::vector<int>
NONE
0
0
0
ADDR_190
None
std::
ADDR_190
<Id to Class Map>
ADDR_191
ElaboratedType
<Top Level Types>
ADDR_191
<Visited Children>
ADDR_192
0
<CXXTemporaryObjectExprData>
ADDR_192
CXXTemporaryObjectExpr
<TEST_DIR>/decl.cpp
56
23
<TEST_DIR>/decl.cpp
56
41
0
0
ADDR_191
0
0
0
0
0
1
0
Complete
1
ADDR_143
<Id to Class Map>
ADDR_192
CXXTemporaryObjectExpr
<Top Level Types>
ADDR_191
<Visited Children>
ADDR_193
1
ADDR_192
<ExprData>
ADDR_193
CXXBindTemporaryExpr
<TEST_DIR>/decl.cpp
56
23
<TEST_DIR>/decl.cpp
56
41
0
0
ADDR_191
0
0
0
<Id to Class Map>
ADDR_193
CXXBindTemporaryExpr
<Top Level Types>
ADDR_191
<Visited Children>
ADDR_194
1
ADDR_193
<ExprData>
ADDR_194
ExprWithCleanups
<TEST_DIR>/decl.cpp
56
23
<TEST_DIR>/decl.cpp
56
41
0
0
ADDR_191
0
0
0
<Id to Class Map>
ADDR_194
ExprWithCleanups
<Visited Children>
ADDR_195
1
ADDR_194
<VarDeclData>
ADDR_195
VarDecl
<TEST_DIR>/decl.cpp
56
2
<TEST_DIR>/decl.cpp
56
41
0
0
0
1
1
0
0
0

t
0
0
0
None
Default
ADDR_189
0
None
NONE
0
CINIT
0
0
0
0
<Id to Class Map>
ADDR_195
VarDecl
<Visited Children>
ADDR_196
1
ADDR_195
<StmtData>
ADDR_196
DeclStmt
<TEST_DIR>/decl.cpp
56
2
<TEST_DIR>/decl.cpp
56
42
0
0
<Id to Class Map>
ADDR_196
DeclStmt
<Visited Children>
ADDR_197
0
<ElaboratedTypeData>
ADDR_197
ElaboratedType
vector<int>
NONE
0
0
0
ADDR_136
None

ADDR_136
<Id to Class Map>
ADDR_197
ElaboratedType
<Visited Children>
ADDR_198
0
<ReferenceTypeData>
ADDR_198
LValueReferenceType
vector<int> &
NONE
0
0
0
nullptr_type
ADDR_197
<Id to Class Map>
ADDR_198
LValueReferenceType
<Visited Children>
ADDR_199
0
<ReferenceTypeData>
ADDR_199
RValueReferenceType
vector<int> &&
NONE
0
0
0
nullptr_type
ADDR_197
<Id to Class Map>
ADDR_199
RValueReferenceType
<Top Level Types>
ADDR_200
<Visited Children>
ADDR_201
0
<ExprData>
ADDR_201
ConstantExpr
<SYSTEM_INCLUDE>/c++/vector
530
7
<end>
1
<SYSTEM_INCLUDE>/c++/vector
530
18
<SYSTEM_INCLUDE>/c++/vector
530
86
1
ADDR_200
0
0
0
<Id to Class Map>
ADDR_201
ConstantExpr
<Visited Children>
ADDR_202
0
<FunctionProtoTypeData>
ADDR_202
FunctionProtoType
vector<int> &(vector<int> &&) noexcept((__noexcept_move_assign_container<allocator<int>, __alloc_traits>::value))
NONE
0
0
0
nullptr_type
0
0
0
0
0
0
0
C
ADDR_198
1
1
ADDR_199
0
0
None
NoexceptTrue
0
<Id to Class Map>
ADDR_202
FunctionProtoType
<Top Level Types>
ADDR_202
<Top Level Attributes>
ADDR_203
<Top Level Attributes>
ADDR_204
<Top Level Types>
ADDR_202
<Visited Children>
ADDR_205
0
<CXXMethodDeclData>
ADDR_205
CXXMethodDecl
<SYSTEM_INCLUDE>/c++/vector
529
33
<SYSTEM_INCLUDE>/c++/vector
530
7
1
<SYSTEM_INCLUDE>/c++/__config
782
57
<SYSTEM_INCLUDE>/c++/__config
621
37
1
0
1
1
0
0
2
ADDR_203
ADDR_204
std::vector<int>
operator=
6
1
1
External
Default
ADDR_202
0
0
2
None
0
0
0
0
0
nullptr_decl
ADDR_205
nullptr_decl
0
ADDR_135
0
0
1
0
0
0
0
1
ADDR_144
ADDR_136
0
0
<Id to Class Map>
ADDR_205
CXXMethodDecl
<Visited Children>
ADDR_206
0
<DeclRefExprData>
ADDR_206
DeclRefExpr
<TEST_DIR>/decl.cpp
57
7
<end>
0
0
ADDR_202
1
0
0

0
ADDR_205
<Id to Class Map>
ADDR_206
DeclRefExpr
<Visited Children>
ADDR_207
0
<PointerTypeData>
ADDR_207
PointerType
vector<int> &(*)(vector<int> &&) noexcept((__noexcept_move_assign_container<allocator<int>, __alloc_traits>::value))
NONE
0
0
0
nullptr_type
ADDR_202
<Id to Class Map>
ADDR_207
PointerType
<Top Level Types>
ADDR_207
<Visited Children>
ADDR_208
1
ADDR_206
<ExprData>
ADDR_208
ImplicitCastExpr
<TEST_DIR>/decl.cpp
57
7
<end>
0
0
ADDR_207
0
0
0
<Id to Class Map>
ADDR_208
ImplicitCastExpr
<Top Level Types>
ADDR_189
<Visited Children>
ADDR_209
0
<DeclRefExprData>
ADDR_209
DeclRefExpr
<TEST_DIR>/decl.cpp
57
5
<end>
0
0
ADDR_189
1
0
0

0
ADDR_195
<Id to Class Map>
ADDR_209
DeclRefExpr
<Visited Children>
ADDR_210
0
<TemplateSpecializationTypeData>
ADDR_210
TemplateSpecializationType
vector<int>
NONE
0
0
0
ADDR_136
0
nullptr_type
vector
ADDR_057
1
Type
ADDR_002
<Id to Class Map>
ADDR_210
TemplateSpecializationType
<Visited Children>
ADDR_211
0
<ElaboratedTypeData>
ADDR_211
ElaboratedType
std::vector<int>
NONE
0
0
0
ADDR_210
None
std::
ADDR_210
<Id to Class Map>
ADDR_211
ElaboratedType
<Top Level Types>
ADDR_211
<Visited Children>
ADDR_212
0
<CXXTemporaryObjectExprData>
ADDR_212
CXXTemporaryObjectExpr
<TEST_DIR>/decl.cpp
57
9
<TEST_DIR>/decl.cpp
57
27
0
0
ADDR_211
0
0
0
0
0
1
0
Complete
1
ADDR_143
<Id to Class Map>
ADDR_212
CXXTemporaryObjectExpr
<Top Level Types>
ADDR_211
<Visited Children>
ADDR_213
1
ADDR_212
<ExprData>
ADDR_213
CXXBindTemporaryExpr
<TEST_DIR>/decl.cpp
57
9
<TEST_DIR>/decl.cpp
57
27
0
0
ADDR_211
0
0
0
<Id to Class Map>
ADDR_213
CXXBindTemporaryExpr
<Top Level Types>
ADDR_211
<Visited Children>
ADDR_214
1
ADDR_213
<MaterializeTemporaryExprData>
ADDR_214
MaterializeTemporaryExpr
<TEST_DIR>/decl.cpp
57
9
<TEST_DIR>/decl.cpp
57
27
0
0
ADDR_211
2
0
0
nullptr_decl
<Id to Class Map>
ADDR_214
MaterializeTemporaryExpr
<Top Level Types>
ADDR_197
<Visited Children>
ADDR_215
3
ADDR_208
ADDR_209
ADDR_214
<CallExprData>
ADDR_215
CXXOperatorCallExpr
<TEST_DIR>/decl.cpp
57
5
<TEST_DIR>/decl.cpp
57
27
0
0
ADDR_197
1
0
0
ADDR_205
<Id to Class Map>
ADDR_215
CXXOperatorCallExpr
<Top Level Types>
ADDR_197
<Visited Children>
ADDR_216
1
ADDR_215
<ExprData>
ADDR_216
ExprWithCleanups
<TEST_DIR>/decl.cpp
57
5
<TEST_DIR>/decl.cpp
57
27
0
0
ADDR_197
1
0
0
<Id to Class Map>
ADDR_216
ExprWithCleanups
<Visited Children>
ADDR_217
0
<ClassTemplateSpecializationDeclData>
ADDR_217
ClassTemplateSpecializationDecl
<SYSTEM_INCLUDE>/c++/initializer_list
58
1
<SYSTEM_INCLUDE>/c++/initializer_list
83
1
0
1
0
0
0
0
0
0
std
initializer_list
0
0
0
External
Default
ADDR_218
Class
1
0
0
ADDR_217
ADDR_219
ImplicitInstantiation
1
Type
ADDR_002
<Id to Class Map>
ADDR_217
ClassTemplateSpecializationDecl
<Visited Children>
ADDR_218
0
<TagTypeData>
ADDR_218
RecordType
std::initializer_list<int>
NONE
0
0
0
nullptr_type
ADDR_217
<Id to Class Map>
ADDR_218
RecordType
<Visited Children>
ADDR_076
0
<TemplateTypeParmDeclData>
ADDR_076
TemplateTypeParmDecl
<SYSTEM_INCLUDE>/c++/vector
386
11
<SYSTEM_INCLUDE>/c++/vector
386
17
0
1
0
0
1
0
0
0

_Tp
0
0
0
None
Default
ADDR_220
CLASS
0
nullptr_type
<Id to Class Map>
ADDR_076
TemplateTypeParmDecl
<Visited Children>
ADDR_221
0
<SubstTemplateTypeParmTypeData>
ADDR_221
SubstTemplateTypeParmType
int
NONE
0
0
0
ADDR_002
ADDR_076
ADDR_002
<Id to Class Map>
ADDR_221
SubstTemplateTypeParmType
<Visited Children>
ADDR_222
0
<TypedefNameDeclData>
ADDR_222
TypedefDecl
<SYSTEM_INCLUDE>/c++/vector
393
3
<SYSTEM_INCLUDE>/c++/vector
393
15
0
1
0
0
1
0
0
0
std::vector<int>
value_type
0
1
0
None
Default
ADDR_223
ADDR_221
<Id to Class Map>
ADDR_222
TypedefDecl
<Visited Children>
ADDR_223
0
<TypedefTypeData>
ADDR_223
TypedefType
std::vector<int>::value_type
NONE
0
0
0
ADDR_221
ADDR_222
<Id to Class Map>
ADDR_223
TypedefType
<Visited Children>
ADDR_224
0
<ElaboratedTypeData>
ADDR_224
ElaboratedType
value_type
NONE
0
0
0
ADDR_223
None

ADDR_223
<Id to Class Map>
ADDR_224
ElaboratedType
<Visited Children>
ADDR_219
0
<TemplateDeclData>
ADDR_219
ClassTemplateDecl
<SYSTEM_INCLUDE>/c++/initializer_list
58
1
<SYSTEM_INCLUDE>/c++/initializer_list
83
1
0
1
0
0
0
0
0
0
std
initializer_list
0
0
0
External
Default
1
ADDR_225
ADDR_226
<Id to Class Map>
ADDR_219
ClassTemplateDecl
<Visited Children>
ADDR_227
0
<TemplateSpecializationTypeData>
ADDR_227
TemplateSpecializationType
initializer_list<value_type>
NONE
0
0
0
ADDR_218
0
nullptr_type
initializer_list
ADDR_219
1
Type
ADDR_224
<Id to Class Map>
ADDR_227
TemplateSpecializationType
<Visited Children>
ADDR_228
0
<ElaboratedTypeData>
ADDR_228
ElaboratedType
initializer_list<value_type>
NONE
0
0
0
ADDR_227
None

ADDR_227
<Id to Class Map>
ADDR_228
ElaboratedType
<Visited Children>
ADDR_229
0
<FunctionProtoTypeData>
ADDR_229
FunctionProtoType
vector<int> &(initializer_list<value_type>)
NONE
0
0
0
nullptr_type
0
0
0
0
0
0
0
C
ADDR_198
1
1
ADDR_228
0
0
None
None
0
<Id to Class Map>
ADDR_229
FunctionProtoType
<Top Level Types>
ADDR_229
<Top Level Attributes>
ADDR_230
<Top Level Attributes>
ADDR_231
<Top Level Types>
ADDR_229
<Visited Children>
ADDR_232
0
<CXXMethodDeclData>
ADDR_232
CXXMethodDecl
<SYSTEM_INCLUDE>/c++/vector
514
33
<SYSTEM_INCLUDE>/c++/vector
517
3
1
<SYSTEM_INCLUDE>/c++/__config
782
57
<SYSTEM_INCLUDE>/c++/vector
517
3
1
0
1
1
0
0
2
ADDR_230
ADDR_231
std::vector<int>
operator=
6
1
1
External
Default
ADDR_229
0
0
2
None
0
0
0
0
0
nullptr_decl
ADDR_232
nullptr_decl
0
ADDR_135
0
0
1
0
0
0
0
0
ADDR_144
ADDR_136
1
0
<Id to Class Map>
ADDR_232
CXXMethodDecl
<Visited Children>
ADDR_233
0
<DeclRefExprData>
ADDR_233
DeclRefExpr
<TEST_DIR>/decl.cpp
58
4
<end>
0
0
ADDR_229
1
0
0

0
ADDR_232
<Id to Class Map>
ADDR_233
DeclRefExpr
<Visited Children>
ADDR_234
0
<PointerTypeData>
ADDR_234
PointerType
vector<int> &(*)(initializer_list<value_type>)
NONE
0
0
0
nullptr_type
ADDR_229
<Id to Class Map>
ADDR_234
PointerType
<Top Level Types>
ADDR_234
<Visited Children>
ADDR_235
1
ADDR_233
<ExprData>
ADDR_235
ImplicitCastExpr
<TEST_DIR>/decl.cpp
58
4
<end>
0
0
ADDR_234
0
0
0
<Id to Class Map>
ADDR_235
ImplicitCastExpr
<Top Level Types>
ADDR_189
<Visited Children>
ADDR_236
0
<DeclRefExprData>
ADDR_236
DeclRefExpr
<TEST_DIR>/decl.cpp
58
2
<end>
0
0
ADDR_189
1
0
0

0
ADDR_195
<Id to Class Map>
ADDR_236
DeclRefExpr
<Top Level Types>
ADDR_002
<Visited Children>
ADDR_237
0
<IntegerLiteralData>
ADDR_237
IntegerLiteral
<TEST_DIR>/decl.cpp
58
7
<end>
0
0
ADDR_002
0
0
0
%CLAVA_SOURCE_BLOCK%
0
<Id to Class Map>
ADDR_237
IntegerLiteral
<Visited Children>
ADDR_238
0
<ConstantArrayTypeData>
ADDR_238
ConstantArrayType
const int[1]
NONE
0
0
0
nullptr_type
Normal
0
ADDR_010
1
<Id to Class Map>
ADDR_238
ConstantArrayType
<Top Level Types>
ADDR_238
<Top Level Types>
ADDR_238
<Visited Children>
ADDR_239
1
ADDR_237
<InitListExprData>
ADDR_239
InitListExpr
<TEST_DIR>/decl.cpp
58
6
<TEST_DIR>/decl.cpp
58
8
0
0
ADDR_238
0
0
0
nullptr_expr
1
0
nullptr_expr
ADDR_240
<Id to Class Map>
ADDR_239
InitListExpr
<Visited Children>
ADDR_240
1
ADDR_237
<InitListExprData>
ADDR_240
InitListExpr
<TEST_DIR>/decl.cpp
58
6
<TEST_DIR>/decl.cpp
58
8
0
0
ADDR_238
0
0
0
nullptr_expr
1
0
ADDR_239
nullptr_expr
<Id to Class Map>
ADDR_240
InitListExpr
<Top Level Types>
ADDR_238
<Visited Children>
ADDR_241
1
ADDR_240
<MaterializeTemporaryExprData>
ADDR_241
MaterializeTemporaryExpr
<TEST_DIR>/decl.cpp
58
6
<TEST_DIR>/decl.cpp
58
8
0
0
ADDR_238
2
0
0
nullptr_decl
<Id to Class Map>
ADDR_241
MaterializeTemporaryExpr
<Top Level Types>
ADDR_228
<Visited Children>
ADDR_242
1
ADDR_241
<ExprData>
ADDR_242
CXXStdInitializerListExpr
<TEST_DIR>/decl.cpp
58
6
<TEST_DIR>/decl.cpp
58
8
0
0
ADDR_228
0
0
0
<Id to Class Map>
ADDR_242
CXXStdInitializerListExpr
<Top Level Types>
ADDR_197
<Visited Children>
ADDR_243
3
ADDR_235
ADDR_236
ADDR_242
<CallExprData>
ADDR_243
CXXOperatorCallExpr
<TEST_DIR>/decl.cpp
58
2
<TEST_DIR>/decl.cpp
58
8
0
0
ADDR_197
1
0
0
ADDR_232
<Id to Class Map>
ADDR_243
CXXOperatorCallExpr
<Top Level Types>
ADDR_197
<Visited Children>
ADDR_244
1
ADDR_243
<ExprData>
ADDR_244
ExprWithCleanups
<TEST_DIR>/decl.cpp
58
2
<TEST_DIR>/decl.cpp
58
8
0
0
ADDR_197
1
0
0
<Id to Class Map>
ADDR_244
ExprWithCleanups
<Top Level Types>
ADDR_229
<Visited Children>
ADDR_245
0
<DeclRefExprData>
ADDR_245
DeclRefExpr
<TEST_DIR>/decl.cpp
59
7
<end>
0
0
ADDR_229
1
0
0

0
ADDR_232
<Id to Class Map>
ADDR_245
DeclRefExpr
<Top Level Types>
ADDR_234
<Visited Children>
ADDR_246
1
ADDR_245
<ExprData>
ADDR_246
ImplicitCastExpr
<TEST_DIR>/decl.cpp
59
7
<end>
0
0
ADDR_234
0
0
0
<Id to Class Map>
ADDR_246
ImplicitCastExpr
<Top Level Types>
ADDR_189
<Visited Children>
ADDR_247
0
<DeclRefExprData>
ADDR_247
DeclRefExpr
<TEST_DIR>/decl.cpp
59
5
<end>
0
0
ADDR_189
1
0
0

0
ADDR_195
<Id to Class Map>
ADDR_247
DeclRefExpr
<Top Level Types>
ADDR_228
<Top Level Attributes>
ADDR_248
<Top Level Attributes>
ADDR_249
<Top Level Types>
ADDR_250
<Visited Children>
ADDR_251
0
<CXXConstructorDeclData>
ADDR_251
CXXConstructorDecl
<SYSTEM_INCLUDE>/c++/initializer_list
76
3
<SYSTEM_INCLUDE>/c++/initializer_list
76
117
1
<SYSTEM_INCLUDE>/c++/__config
782
57
<SYSTEM_INCLUDE>/c++/initializer_list
76
117
1
0
1
1
0
0
2
ADDR_248
ADDR_249
std::initializer_list<int>
initializer_list
3
1
1
External
Default
ADDR_250
0
1
2
None
0
0
0
0
0
nullptr_decl
ADDR_251
nullptr_decl
0
ADDR_217
0
0
1
0
0
0
0
0
ADDR_252
ADDR_218
1
0
2
ANY_MEMBER_INITIALIZER
ADDR_253
ADDR_254
0
1
ANY_MEMBER_INITIALIZER
ADDR_255
ADDR_256
0
1
1
0
ResolvedFalse
nullptr_expr
0
<Id to Class Map>
ADDR_251
CXXConstructorDecl
<Visited Children>
ADDR_257
0
<CXXConstructExprData>
ADDR_257
CXXConstructExpr
<TEST_DIR>/decl.cpp
59
9
<TEST_DIR>/decl.cpp
59
10
0
0
ADDR_228
0
0
0
0
0
1
0
Complete
1
ADDR_251
<Id to Class Map>
ADDR_257
CXXConstructExpr
<Top Level Types>
ADDR_197
<Visited Children>
ADDR_258
3
ADDR_246
ADDR_247
ADDR_257
<CallExprData>
ADDR_258
CXXOperatorCallExpr
<TEST_DIR>/decl.cpp
59
5
<TEST_DIR>/decl.cpp
59
10
0
0
ADDR_197
1
0
0
ADDR_232
<Id to Class Map>
ADDR_258
CXXOperatorCallExpr
<Visited Children>
ADDR_259
0
<TemplateSpecializationTypeData>
ADDR_259
TemplateSpecializationType
vector<int>
NONE
0
0
0
ADDR_136
0
nullptr_type
vector
ADDR_057
1
Type
ADDR_002
<Id to Class Map>
ADDR_259
TemplateSpecializationType
<Visited Children>
ADDR_260
0
<ElaboratedTypeData>
ADDR_260
ElaboratedType
std::vector<int>
NONE
0
0
0
ADDR_259
None
std::
ADDR_259
<Id to Class Map>
ADDR_260
ElaboratedType
<Top Level Types>
ADDR_260
<Top Level Types>
ADDR_260
<Visited Children>
ADDR_261
0
<CXXConstructExprData>
ADDR_261
CXXConstructExpr
<TEST_DIR>/decl.cpp
60
23
<TEST_DIR>/decl.cpp
60
24
0
0
ADDR_260
0
0
0
0
0
1
0
Complete
1
ADDR_143
<Id to Class Map>
ADDR_261
CXXConstructExpr
<Visited Children>
ADDR_262
1
ADDR_261
<VarDeclData>
ADDR_262
VarDecl
<TEST_DIR>/decl.cpp
60
2
<TEST_DIR>/decl.cpp
60
24
0
0
0
0
0
0
0
0

v
0
0
0
None
Default
ADDR_260
0
None
NONE
0
CINIT
0
0
0
0
<Id to Class Map>
ADDR_262
VarDecl
<Visited Children>
ADDR_263
1
ADDR_262
<StmtData>
ADDR_263
DeclStmt
<TEST_DIR>/decl.cpp
60
2
<TEST_DIR>/decl.cpp
60
25
0
0
<Id to Class Map>
ADDR_263
DeclStmt
<Visited Children>
ADDR_264
0
<AutoTypeData>
ADDR_264
AutoType
const char *
NONE
0
0
0
ADDR_170
ADDR_170
<Id to Class Map>
ADDR_264
AutoType
<Top Level Types>
ADDR_264
<Visited Children>
ADDR_265
0
<CXXRecordDeclData>
ADDR_265
CXXRecordDecl
<SYSTEM_INCLUDE>/c++/typeinfo
280
1
<SYSTEM_INCLUDE>/c++/typeinfo
314
1
0
1
0
0
1
0
0
0
std
type_info
0
0
0
External
Default
ADDR_266
Class
1
0
0
ADDR_265
<Id to Class Map>
ADDR_265
CXXRecordDecl
<Visited Children>
ADDR_266
0
<TagTypeData>
ADDR_266
RecordType
std::type_info
NONE
0
0
0
nullptr_type
ADDR_265
<Id to Class Map>
ADDR_266
RecordType
<Visited Children>
ADDR_267
0
<QualTypeData>
ADDR_267
QualType
const std::type_info
NONE
0
0
0
nullptr_type
1
CONST
NONE
0
ADDR_266
<Id to Class Map>
ADDR_267
QualType
<Top Level Types>
ADDR_267
<Visited Children>
ADDR_268
0
<CXXTypeidExprData>
ADDR_268
CXXTypeidExpr
<TEST_DIR>/decl.cpp
63
16
<TEST_DIR>/decl.cpp
63
26
0
0
ADDR_267
1
0
0
1
ADDR_002
<Id to Class Map>
ADDR_268
CXXTypeidExpr
<Visited Children>
ADDR_269
0
<BuiltinTypeData>
ADDR_269
BuiltinType
<bound member function type>
NONE
0
0
0
nullptr_type
BoundMember
<bound member function type>
<Id to Class Map>
ADDR_269
BuiltinType
<Top Level Types>
ADDR_269
<Top Level Attributes>
ADDR_270
<Top Level Attributes>
ADDR_271
<Top Level Types>
ADDR_272
<Visited Children>
ADDR_273
0
<CXXMethodDeclData>
ADDR_273
CXXMethodDecl
<SYSTEM_INCLUDE>/c++/typeinfo
294
3
<SYSTEM_INCLUDE>/c++/typeinfo
294
113
1
<SYSTEM_INCLUDE>/c++/__config
782
57
<SYSTEM_INCLUDE>/c++/typeinfo
294
113
1
0
1
1
0
0
2
ADDR_270
ADDR_271
std::type_info
name
0
1
1
External
Default
ADDR_272
0
0
0
None
0
0
0
0
0
nullptr_decl
ADDR_273
nullptr_decl
0
ADDR_265
0
0
1
1
0
0
0
0
ADDR_274
ADDR_267
1
0
<Id to Class Map>
ADDR_273
CXXMethodDecl
<Visited Children>
ADDR_275
1
ADDR_268
<MemberExprData>
ADDR_275
MemberExpr
<TEST_DIR>/decl.cpp
63
16
<TEST_DIR>/decl.cpp
63
28
0
0
ADDR_269
0
0
0
0
name
ADDR_273
ADDR_273
PUBLIC
<Id to Class Map>
ADDR_275
MemberExpr
<Top Level Types>
ADDR_170
<Visited Children>
ADDR_276
1
ADDR_275
<CXXMemberCallExprData>
ADDR_276
CXXMemberCallExpr
<TEST_DIR>/decl.cpp
63
16
<TEST_DIR>/decl.cpp
63
33
0
0
ADDR_170
0
0
0
ADDR_273
ADDR_273
<Id to Class Map>
ADDR_276
CXXMemberCallExpr
<Visited Children>
ADDR_277
1
ADDR_276
<VarDeclData>
ADDR_277
VarDecl
<TEST_DIR>/decl.cpp
63
2
<TEST_DIR>/decl.cpp
63
33
0
0
0
0
0
0
0
0

typeId
0
0
0
None
Default
ADDR_264
0
None
NONE
0
CINIT
0
0
0
0
<Id to Class Map>
ADDR_277
VarDecl
<Visited Children>
ADDR_278
1
ADDR_277
<StmtData>
ADDR_278
DeclStmt
<TEST_DIR>/decl.cpp
63
2
<TEST_DIR>/decl.cpp
63
34
0
0
<Id to Class Map>
ADDR_278
DeclStmt
<Top Level Types>
ADDR_264
<Top Level Types>
ADDR_002
<Visited Children>
ADDR_279
0
<IntegerLiteralData>
ADDR_279
IntegerLiteral
<TEST_DIR>/decl.cpp
64
24
<end>
0
0
ADDR_002
0
0
0
%CLAVA_SOURCE_BLOCK%
1
<Id to Class Map>
ADDR_279
IntegerLiteral
<Top Level Types>
ADDR_267
<Visited Children>
ADDR_280
1
ADDR_279
<CXXTypeidExprData>
ADDR_280
CXXTypeidExpr
<TEST_DIR>/decl.cpp
64
17
<TEST_DIR>/decl.cpp
64
25
0
0
ADDR_267
1
0
0
0
ADDR_279
<Id to Class Map>
ADDR_280
CXXTypeidExpr
<Top Level Types>
ADDR_269
<Visited Children>
ADDR_281
1
ADDR_280
<MemberExprData>
ADDR_281
MemberExpr
<TEST_DIR>/decl.cpp
64
17
<TEST_DIR>/decl.cpp
64
27
0
0
ADDR_269
0
0
0
0
name
ADDR_273
ADDR_273
PUBLIC
<Id to Class Map>
ADDR_281
MemberExpr
<Top Level Types>
ADDR_170
<Visited Children>
ADDR_282
1
ADDR_281
<CXXMemberCallExprData>
ADDR_282
CXXMemberCallExpr
<TEST_DIR>/decl.cpp
64
17
<TEST_DIR>/decl.cpp
64
32
0
0
ADDR_170
0
0
0
ADDR_273
ADDR_273
<Id to Class Map>
ADDR_282
CXXMemberCallExpr
<Visited Children>
ADDR_283
1
ADDR_282
<VarDeclData>
ADDR_283
VarDecl
<TEST_DIR>/decl.cpp
64
2
<TEST_DIR>/decl.cpp
64
32
0
0
0
0
0
0
0
0

typeId2
0
0
0
None
Default
ADDR_264
0
None
NONE
0
CINIT
0
0
0
0
<Id to Class Map>
ADDR_283
VarDecl
<Visited Children>
ADDR_284
1
ADDR_283
<StmtData>
ADDR_284
DeclStmt
<TEST_DIR>/decl.cpp
64
2
<TEST_DIR>/decl.cpp
64
33
0
0
<Id to Class Map>
ADDR_284
DeclStmt
<Top Level Attributes>
ADDR_285
<Visited Children>
ADDR_286
0
<ClassTemplateSpecializationDeclData>
ADDR_286
ClassTemplateSpecializationDecl
<SYSTEM_INCLUDE>/c++/array
167
1
<SYSTEM_INCLUDE>/c++/array
263
1
0
1
0
0
0
0
0
1
ADDR_285
std
array
0
0
0
External
Default
ADDR_287
Struct
1
0
0
ADDR_286
ADDR_288
ImplicitInstantiation
2
Type
ADDR_002
Integral
3
<Id to Class Map>
ADDR_286
ClassTemplateSpecializationDecl
<Visited Children>
ADDR_287
0
<TagTypeData>
ADDR_287
RecordType
std::array<int, 3>
NONE
0
0
0
nullptr_type
ADDR_286
<Id to Class Map>
ADDR_287
RecordType
<Top Level Types>
ADDR_002
<Visited Children>
ADDR_289
0
<IntegerLiteralData>
ADDR_289
IntegerLiteral
<TEST_DIR>/decl.cpp
67
18
<end>
0
0
ADDR_002
0
0
0
%CLAVA_SOURCE_BLOCK%
3
<Id to Class Map>
ADDR_289
IntegerLiteral
<Visited Children>
ADDR_290
0
<BuiltinTypeData>
ADDR_290
BuiltinType
unsigned long
NONE
0
0
0
nullptr_type
ULong
unsigned long
<Id to Class Map>
ADDR_290
BuiltinType
<Visited Children>
ADDR_291
0
<TypedefNameDeclData>
ADDR_291
TypedefDecl
<SYSTEM_INCLUDE>/corecrt.h
35
19
<SYSTEM_INCLUDE>/corecrt.h
35
44
0
1
0
0
1
0
0
0

size_t
0
0
0
None
Default
ADDR_292
ADDR_290
<Id to Class Map>
ADDR_291
TypedefDecl
<Visited Children>
ADDR_292
0
<TypedefTypeData>
ADDR_292
TypedefType
size_t
NONE
0
0
0
ADDR_290
ADDR_291
<Id to Class Map>
ADDR_292
TypedefType
<Visited Children>
ADDR_293
0
<TypeData>
ADDR_293
UsingType
size_t
NONE
0
0
0
ADDR_292
<Id to Class Map>
ADDR_293
UsingType
<Visited Children>
ADDR_294
0
<ElaboratedTypeData>
ADDR_294
ElaboratedType
size_t
NONE
0
0
0
ADDR_293
None

ADDR_293
<Id to Class Map>
ADDR_294
ElaboratedType
<Top Level Types>
ADDR_294
<Visited Children>
ADDR_295
1
ADDR_289
<ExprData>
ADDR_295
ImplicitCastExpr
<TEST_DIR>/decl.cpp
67
18
<end>
0
0
ADDR_294
0
0
0
<Id to Class Map>
ADDR_295
ImplicitCastExpr
<Top Level Types>
ADDR_294
<Visited Children>
ADDR_296
1
ADDR_295
<ExprData>
ADDR_296
ConstantExpr
<TEST_DIR>/decl.cpp
67
18
<end>
0
0
ADDR_294
0
0
0
<Id to Class Map>
ADDR_296
ConstantExpr
<Visited Children>
ADDR_288
0
<TemplateDeclData>
ADDR_288
ClassTemplateDecl
<SYSTEM_INCLUDE>/c++/array
167
1
<SYSTEM_INCLUDE>/c++/array
263
1
0
1
0
0
0
0
0
0
std
array
0
0
0
External
Default
2
ADDR_297
ADDR_298
ADDR_299
<Id to Class Map>
ADDR_288
ClassTemplateDecl
<Visited Children>
ADDR_300
0
<TemplateSpecializationTypeData>
ADDR_300
TemplateSpecializationType
array<int, 3>
NONE
0
0
0
ADDR_287
0
nullptr_type
array
ADDR_288
2
Type
ADDR_002
Expression
ADDR_296
<Id to Class Map>
ADDR_300
TemplateSpecializationType
<Visited Children>
ADDR_301
0
<ElaboratedTypeData>
ADDR_301
ElaboratedType
std::array<int, 3>
NONE
0
0
0
ADDR_300
None
std::
ADDR_300
<Id to Class Map>
ADDR_301
ElaboratedType
<Top Level Types>
ADDR_301
<Top Level Types>
ADDR_002
<Visited Children>
ADDR_302
0
<IntegerLiteralData>
ADDR_302
IntegerLiteral
<TEST_DIR>/decl.cpp
67
41
<end>
0
0
ADDR_002
0
0
0
%CLAVA_SOURCE_BLOCK%
512
<Id to Class Map>
ADDR_302
IntegerLiteral
<Top Level Types>
ADDR_002
<Visited Children>
ADDR_303
0
<IntegerLiteralData>
ADDR_303
IntegerLiteral
<TEST_DIR>/decl.cpp
67
46
<end>
0
0
ADDR_002
0
0
0
%CLAVA_SOURCE_BLOCK%
256
<Id to Class Map>
ADDR_303
IntegerLiteral
<Top Level Types>
ADDR_002
<Visited Children>
ADDR_304
0
<IntegerLiteralData>
ADDR_304
IntegerLiteral
<TEST_DIR>/decl.cpp
67
51
<end>
0
0
ADDR_002
0
0
0
%CLAVA_SOURCE_BLOCK%
128
<Id to Class Map>
ADDR_304
IntegerLiteral
<Visited Children>
ADDR_297
0
<TemplateTypeParmDeclData>
ADDR_297
TemplateTypeParmDecl
<SYSTEM_INCLUDE>/c++/array
167
11
<SYSTEM_INCLUDE>/c++/array
167
17
0
1
0
0
1
0
0
0

_Tp
0
0
0
None
Default
ADDR_305
CLASS
0
nullptr_type
<Id to Class Map>
ADDR_297
TemplateTypeParmDecl
<Visited Children>
ADDR_306
0
<SubstTemplateTypeParmTypeData>
ADDR_306
SubstTemplateTypeParmType
int
NONE
0
0
0
ADDR_002
ADDR_297
ADDR_002
<Id to Class Map>
ADDR_306
SubstTemplateTypeParmType
<Visited Children>
ADDR_307
0
<ConstantArrayTypeData>
ADDR_307
ConstantArrayType
int[3]
NONE
0
0
0
nullptr_type
Normal
0
ADDR_306
3
<Id to Class Map>
ADDR_307
ConstantArrayType
<Top Level Types>
ADDR_307
<Visited Children>
ADDR_308
3
ADDR_302
ADDR_303
ADDR_304
<InitListExprData>
ADDR_308
InitListExpr
<TEST_DIR>/decl.cpp
67
41
<TEST_DIR>/decl.cpp
67
51
0
0
ADDR_307
0
0
0
nullptr_expr
1
0
nullptr_expr
nullptr_expr
<Id to Class Map>
ADDR_308
InitListExpr
<Top Level Types>
ADDR_301
<Top Level Types>
ADDR_301
<Visited Children>
ADDR_309
3
ADDR_302
ADDR_303
ADDR_304
<InitListExprData>
ADDR_309
InitListExpr
<TEST_DIR>/decl.cpp
67
40
<TEST_DIR>/decl.cpp
67
54
0
0
ADDR_301
0
0
0
nullptr_expr
1
0
nullptr_expr
ADDR_310
<Id to Class Map>
ADDR_309
InitListExpr
<Visited Children>
ADDR_310
1
ADDR_308
<InitListExprData>
ADDR_310
InitListExpr
<TEST_DIR>/decl.cpp
67
40
<TEST_DIR>/decl.cpp
67
54
0
0
ADDR_301
0
0
0
nullptr_expr
1
0
ADDR_309
nullptr_expr
<Id to Class Map>
ADDR_310
InitListExpr
<Visited Children>
ADDR_311
1
ADDR_310
<VarDeclData>
ADDR_311
VarDecl
<TEST_DIR>/decl.cpp
67
2
<TEST_DIR>/decl.cpp
67
54
0
0
0
0
0
0
0
0

listInitialized1
0
0
0
None
Default
ADDR_301
0
None
NONE
0
CINIT
0
0
0
0
<Id to Class Map>
ADDR_311
VarDecl
<Visited Children>
ADDR_312
1
ADDR_311
<StmtData>
ADDR_312
DeclStmt
<TEST_DIR>/decl.cpp
67
2
<TEST_DIR>/decl.cpp
67
55
0
0
<Id to Class Map>
ADDR_312
DeclStmt
<Top Level Types>
ADDR_002
<Visited Children>
ADDR_313
0
<IntegerLiteralData>
ADDR_313
IntegerLiteral
<TEST_DIR>/decl.cpp
68
18
<end>
0
0
ADDR_002
0
0
0
%CLAVA_SOURCE_BLOCK%
3
<Id to Class Map>
ADDR_313
IntegerLiteral
<Top Level Types>
ADDR_294
<Visited Children>
ADDR_314
1
ADDR_313
<ExprData>
ADDR_314
ImplicitCastExpr
<TEST_DIR>/decl.cpp
68
18
<end>
0
0
ADDR_294
0
0
0
<Id to Class Map>
ADDR_314
ImplicitCastExpr
<Top Level Types>
ADDR_294
<Visited Children>
ADDR_315
1
ADDR_314
<ExprData>
ADDR_315
ConstantExpr
<TEST_DIR>/decl.cpp
68
18
<end>
0
0
ADDR_294
0
0
0
<Id to Class Map>
ADDR_315
ConstantExpr
<Visited Children>
ADDR_316
0
<TemplateSpecializationTypeData>
ADDR_316
TemplateSpecializationType
array<int, 3>
NONE
0
0
0
ADDR_287
0
nullptr_type
array
ADDR_288
2
Type
ADDR_002
Expression
ADDR_315
<Id to Class Map>
ADDR_316
TemplateSpecializationType
<Visited Children>
ADDR_317
0
<ElaboratedTypeData>
ADDR_317
ElaboratedType
std::array<int, 3>
NONE
0
0
0
ADDR_316
None
std::
ADDR_316
<Id to Class Map>
ADDR_317
ElaboratedType
<Top Level Types>
ADDR_317
<Top Level Types>
ADDR_002
<Visited Children>
ADDR_318
0
<IntegerLiteralData>
ADDR_318
IntegerLiteral
<TEST_DIR>/decl.cpp
68
39
<end>
0
0
ADDR_002
0
0
0
%CLAVA_SOURCE_BLOCK%
512
<Id to Class Map>
ADDR_318
IntegerLiteral
<Top Level Types>
ADDR_002
<Visited Children>
ADDR_319
0
<IntegerLiteralData>
ADDR_319
IntegerLiteral
<TEST_DIR>/decl.cpp
68
44
<end>
0
0
ADDR_002
0
0
0
%CLAVA_SOURCE_BLOCK%
256
<Id to Class Map>
ADDR_319
IntegerLiteral
<Top Level Types>
ADDR_002
<Visited Children>
ADDR_320
0
<IntegerLiteralData>
ADDR_320
IntegerLiteral
<TEST_DIR>/decl.cpp
68
49
<end>
0
0
ADDR_002
0
0
0
%CLAVA_SOURCE_BLOCK%
128
<Id to Class Map>
ADDR_320
IntegerLiteral
<Top Level Types>
ADDR_307
<Top Level Types>
ADDR_307
<Visited Children>
ADDR_321
3
ADDR_318
ADDR_319
ADDR_320
<InitListExprData>
ADDR_321
InitListExpr
<TEST_DIR>/decl.cpp
68
38
<TEST_DIR>/decl.cpp
68
52
0
0
ADDR_307
0
0
0
nullptr_expr
1
0
nullptr_expr
ADDR_322
<Id to Class Map>
ADDR_321
InitListExpr
<Visited Children>
ADDR_322
3
ADDR_318
ADDR_319
ADDR_320
<InitListExprData>
ADDR_322
InitListExpr
<TEST_DIR>/decl.cpp
68
38
<TEST_DIR>/decl.cpp
68
52
0
0
ADDR_307
0
0
0
nullptr_expr
1
0
ADDR_321
nullptr_expr
<Id to Class Map>
ADDR_322
InitListExpr
<Top Level Types>
ADDR_317
<Top Level Types>
ADDR_317
<Visited Children>
ADDR_323
1
ADDR_321
<InitListExprData>
ADDR_323
InitListExpr
<TEST_DIR>/decl.cpp
68
37
<TEST_DIR>/decl.cpp
68
53
0
0
ADDR_317
0
0
0
nullptr_expr
1
0
nullptr_expr
ADDR_324
<Id to Class Map>
ADDR_323
InitListExpr
<Visited Children>
ADDR_324
1
ADDR_322
<InitListExprData>
ADDR_324
InitListExpr
<TEST_DIR>/decl.cpp
68
37
<TEST_DIR>/decl.cpp
68
53
0
0
ADDR_317
0
0
0
nullptr_expr
1
0
ADDR_323
nullptr_expr
<Id to Class Map>
ADDR_324
InitListExpr
<Visited Children>
ADDR_325
1
ADDR_324
<VarDeclData>
ADDR_325
VarDecl
<TEST_DIR>/decl.cpp
68
2
<TEST_DIR>/decl.cpp
68
53
0
0
0
0
0
0
0
0

listInitialized2
0
0
0
None
Default
ADDR_317
0
None
NONE
0
LIST_INIT
0
0
0
0
<Id to Class Map>
ADDR_325
VarDecl
<Visited Children>
ADDR_326
1
ADDR_325
<StmtData>
ADDR_326
DeclStmt
<TEST_DIR>/decl.cpp
68
2
<TEST_DIR>/decl.cpp
68
54
0
0
<Id to Class Map>
ADDR_326
DeclStmt
<Visited Children>
ADDR_327
0
<TemplateSpecializationTypeData>
ADDR_327
TemplateSpecializationType
vector<int>
NONE
0
0
0
ADDR_136
0
nullptr_type
vector
ADDR_057
1
Type
ADDR_002
<Id to Class Map>
ADDR_327
TemplateSpecializationType
<Visited Children>
ADDR_328
0
<ElaboratedTypeData>
ADDR_328
ElaboratedType
std::vector<int>
NONE
0
0
0
ADDR_327
None
std::
ADDR_327
<Id to Class Map>
ADDR_328
ElaboratedType
<Top Level Types>
ADDR_328
<Top Level Types>
ADDR_002
<Visited Children>
ADDR_329
0
<IntegerLiteralData>
ADDR_329
IntegerLiteral
<TEST_DIR>/decl.cpp
71
24
<end>
0
0
ADDR_002
0
0
0
%CLAVA_SOURCE_BLOCK%
34
<Id to Class Map>
ADDR_329
IntegerLiteral
<Top Level Types>
ADDR_002
<Visited Children>
ADDR_330
0
<IntegerLiteralData>
ADDR_330
IntegerLiteral
<TEST_DIR>/decl.cpp
71
27
<end>
0
0
ADDR_002
0
0
0
%CLAVA_SOURCE_BLOCK%
23
<Id to Class Map>
ADDR_330
IntegerLiteral
<Visited Children>
ADDR_331
0
<ConstantArrayTypeData>
ADDR_331
ConstantArrayType
const int[2]
NONE
0
0
0
nullptr_type
Normal
0
ADDR_010
2
<Id to Class Map>
ADDR_331
ConstantArrayType
<Top Level Types>
ADDR_331
<Top Level Types>
ADDR_331
<Visited Children>
ADDR_332
2
ADDR_329
ADDR_330
<InitListExprData>
ADDR_332
InitListExpr
<TEST_DIR>/decl.cpp
71
22
<TEST_DIR>/decl.cpp
71
30
0
0
ADDR_331
0
0
0
nullptr_expr
1
0
nullptr_expr
ADDR_333
<Id to Class Map>
ADDR_332
InitListExpr
<Visited Children>
ADDR_333
2
ADDR_329
ADDR_330
<InitListExprData>
ADDR_333
InitListExpr
<TEST_DIR>/decl.cpp
71
22
<TEST_DIR>/decl.cpp
71
30
0
0
ADDR_331
0
0
0
nullptr_expr
1
0
ADDR_332
nullptr_expr
<Id to Class Map>
ADDR_333
InitListExpr
<Top Level Types>
ADDR_331
<Visited Children>
ADDR_334
1
ADDR_333
<MaterializeTemporaryExprData>
ADDR_334
MaterializeTemporaryExpr
<TEST_DIR>/decl.cpp
71
22
<TEST_DIR>/decl.cpp
71
30
0
0
ADDR_331
2
0
0
nullptr_decl
<Id to Class Map>
ADDR_334
MaterializeTemporaryExpr
<Visited Children>
ADDR_335
0
<TemplateSpecializationTypeData>
ADDR_335
TemplateSpecializationType
initializer_list<value_type>
NONE
0
0
0
ADDR_218
0
nullptr_type
initializer_list
ADDR_219
1
Type
ADDR_224
<Id to Class Map>
ADDR_335
TemplateSpecializationType
<Visited Children>
ADDR_336
0
<ElaboratedTypeData>
ADDR_336
ElaboratedType
initializer_list<value_type>
NONE
0
0
0
ADDR_335
None

ADDR_335
<Id to Class Map>
ADDR_336
ElaboratedType
<Top Level Types>
ADDR_336
<Visited Children>
ADDR_337
1
ADDR_334
<ExprData>
ADDR_337
CXXStdInitializerListExpr
<TEST_DIR>/decl.cpp
71
22
<TEST_DIR>/decl.cpp
71
30
0
0
ADDR_336
0
0
0
<Id to Class Map>
ADDR_337
CXXStdInitializerListExpr
<Top Level Types>
ADDR_328
<Top Level Attributes>
ADDR_338
<Top Level Attributes>
ADDR_339
<Top Level Types>
ADDR_340
<Visited Children>
ADDR_341
0
<CXXConstructorDeclData>
ADDR_341
CXXConstructorDecl
<SYSTEM_INCLUDE>/c++/vector
509
33
<SYSTEM_INCLUDE>/c++/vector
509
95
1
<SYSTEM_INCLUDE>/c++/__config
782
57
<SYSTEM_INCLUDE>/c++/vector
509
95
1
0
1
1
0
0
2
ADDR_338
ADDR_339
std::vector<int>
vector
3
1
1
External
Default
ADDR_340
0
0
2
None
0
0
0
0
0
nullptr_decl
ADDR_341
nullptr_decl
0
ADDR_135
0
0
1
0
0
0
0
0
ADDR_144
ADDR_136
0
0
0
0
0
ResolvedFalse
nullptr_expr
0
<Id to Class Map>
ADDR_341
CXXConstructorDecl
<Visited Children>
ADDR_342
1
ADDR_337
<CXXConstructExprData>
ADDR_342
CXXConstructExpr
<TEST_DIR>/decl.cpp
71
19
<TEST_DIR>/decl.cpp
71
30
0
0
ADDR_328
0
0
0
0
0
1
1
Complete
1
ADDR_341
<Id to Class Map>
ADDR_342
CXXConstructExpr
<Top Level Types>
ADDR_328
<Visited Children>
ADDR_343
1
ADDR_342
<ExprData>
ADDR_343
ExprWithCleanups
<TEST_DIR>/decl.cpp
71
19
<TEST_DIR>/decl.cpp
71
30
0
0
ADDR_328
0
0
0
<Id to Class Map>
ADDR_343
ExprWithCleanups
<Visited Children>
ADDR_344
1
ADDR_343
<VarDeclData>
ADDR_344
VarDecl
<TEST_DIR>/decl.cpp
71
2
<TEST_DIR>/decl.cpp
71
30
0
0
0
0
0
0
0
0

v3
0
0
0
None
Default
ADDR_328
0
None
NONE
0
LIST_INIT
0
0
0
0
<Id to Class Map>
ADDR_344
VarDecl
<Visited Children>
ADDR_345
1
ADDR_344
<StmtData>
ADDR_345
DeclStmt
<TEST_DIR>/decl.cpp
71
2
<TEST_DIR>/decl.cpp
71
31
0
0
<Id to Class Map>
ADDR_345
DeclStmt
<Visited Children>
ADDR_346
0
<BuiltinTypeData>
ADDR_346
BuiltinType
bool
NONE
0
0
0
nullptr_type
Bool
bool
<Id to Class Map>
ADDR_346
BuiltinType
<Top Level Types>
ADDR_346
<Visited Children>
ADDR_347
0
<CXXBoolLiteralExprData>
ADDR_347
CXXBoolLiteralExpr
<TEST_DIR>/decl.cpp
74
19
<end>
0
0
ADDR_346
0
0
0
%CLAVA_SOURCE_BLOCK%
1
<Id to Class Map>
ADDR_347
CXXBoolLiteralExpr
<Top Level Types>
nullptr_type
<Visited Children>
ADDR_348
0
<StringLiteralData>
ADDR_348
StringLiteral
<TEST_DIR>/decl.cpp
74
25
<end>
0
0
nullptr_type
1
0
0
%CLAVA_SOURCE_BLOCK%
UNEVALUATED
21
1
21
84
104
105
115
32
105
115
32
97
32
115
116
97
116
105
99
32
100
101
99
108
<Id to Class Map>
ADDR_348
StringLiteral
<Visited Children>
ADDR_349
2
ADDR_347
ADDR_348
<StaticAssertDeclData>
ADDR_349
StaticAssertDecl
<TEST_DIR>/decl.cpp
74
5
<TEST_DIR>/decl.cpp
74
48
0
0
0
0
0
0
0
0
0
<Id to Class Map>
ADDR_349
StaticAssertDecl
<Visited Children>
ADDR_350
1
ADDR_349
<StmtData>
ADDR_350
DeclStmt
<TEST_DIR>/decl.cpp
74
5
<TEST_DIR>/decl.cpp
74
49
0
0
<Id to Class Map>
ADDR_350
DeclStmt
<Top Level Types>
ADDR_002
<Visited Children>
ADDR_351
0
<IntegerLiteralData>
ADDR_351
IntegerLiteral
<TEST_DIR>/decl.cpp
76
9
<end>
0
0
ADDR_002
0
0
0
%CLAVA_SOURCE_BLOCK%
0
<Id to Class Map>
ADDR_351
IntegerLiteral
<Visited Children>
ADDR_352
1
ADDR_351
<StmtData>
ADDR_352
ReturnStmt
<TEST_DIR>/decl.cpp
76
2
<TEST_DIR>/decl.cpp
76
9
0
0
<Id to Class Map>
ADDR_352
ReturnStmt
<Visited Children>
ADDR_353
21
ADDR_117
ADDR_122
ADDR_127
ADDR_130
ADDR_133
ADDR_149
ADDR_153
ADDR_162
ADDR_187
ADDR_196
ADDR_216
ADDR_244
ADDR_258
ADDR_263
ADDR_278
ADDR_284
ADDR_312
ADDR_326
ADDR_345
ADDR_350
ADDR_352
<StmtData>
ADDR_353
CompoundStmt
<TEST_DIR>/decl.cpp
37
12
<TEST_DIR>/decl.cpp
77
1
0
0
<Id to Class Map>
ADDR_353
CompoundStmt
<Visited Children>
ADDR_114
1
ADDR_353
<FunctionDeclData>
ADDR_114
FunctionDecl
<TEST_DIR>/decl.cpp
37
1
<TEST_DIR>/decl.cpp
77
1
0
0
0
0
0
0
0
0

main
0
0
0
External
Default
ADDR_115
0
0
0
None
0
0
0
0
0
nullptr_decl
ADDR_114
nullptr_decl
0
<Id to Class Map>
ADDR_114
FunctionDecl
