<Compiler Instance Data>
<TEST_DIR>/noexcept.cpp
1
0
0
0
1
1
1
1
0
0
0
1
1
1
0
0
0
0
1
0
1
8
32
64
<LONG_DOUBLE_WIDTH>
8
16
32
<LONG_WIDTH>
64
<Id-File Map>
0
<TEST_DIR>/noexcept.cpp
<Includes>
<TEST_DIR>/noexcept.cpp
iostream
1
1
<Includes>
<TEST_DIR>/noexcept.cpp
utility
2
1
<Includes>
<TEST_DIR>/noexcept.cpp
vector
3
1
<Top Level Nodes>
ADDR_001
<Visited Children>
ADDR_002
0
<BuiltinTypeData>
ADDR_002
BuiltinType
void
NONE
0
0
0
nullptr_type
Void
void
<Id to Class Map>
ADDR_002
BuiltinType
<Visited Children>
ADDR_003
0
<FunctionProtoTypeData>
ADDR_003
FunctionProtoType
void ()
NONE
0
0
0
nullptr_type
0
0
0
0
0
0
0
C
ADDR_002
0
0
0
0
None
None
0
<Id to Class Map>
ADDR_003
FunctionProtoType
<Top Level Types>
ADDR_003
<Visited Children>
ADDR_004
0
<FunctionDeclData>
ADDR_004
FunctionDecl
<TEST_DIR>/noexcept.cpp
5
1
<TEST_DIR>/noexcept.cpp
5
16
0
0
0
0
0
0
0
0

may_throw
0
0
0
External
Default
ADDR_003
0
0
0
None
0
0
0
0
0
nullptr_decl
ADDR_004
nullptr_decl
0
<Id to Class Map>
ADDR_004
FunctionDecl
<Top Level Nodes>
ADDR_005
<Visited Children>
ADDR_006
0
<FunctionProtoTypeData>
ADDR_006
FunctionProtoType
void () noexcept
NONE
0
0
0
nullptr_type
0
0
0
0
0
0
0
C
ADDR_002
0
0
0
0
None
BasicNoexcept
0
<Id to Class Map>
ADDR_006
FunctionProtoType
<Top Level Types>
ADDR_006
<Visited Children>
ADDR_007
0
<FunctionDeclData>
ADDR_007
FunctionDecl
<TEST_DIR>/noexcept.cpp
6
1
<TEST_DIR>/noexcept.cpp
6
17
0
0
0
0
0
0
0
0

no_throw
0
0
0
External
Default
ADDR_006
0
0
0
None
0
0
0
0
0
nullptr_decl
ADDR_007
nullptr_decl
0
<Id to Class Map>
ADDR_007
FunctionDecl
<Top Level Nodes>
ADDR_008
<Visited Children>
ADDR_009
0
<AutoTypeData>
ADDR_009
AutoType
void
NONE
0
0
0
ADDR_002
ADDR_002
<Id to Class Map>
ADDR_009
AutoType
<Visited Children>
ADDR_010
0
<FunctionProtoTypeData>
ADDR_010
FunctionProtoType
auto () const -> void
NONE
0
0
0
nullptr_type
1
0
0
0
0
0
0
C
ADDR_009
0
0
1
0
None
None
0
<Id to Class Map>
ADDR_010
FunctionProtoType
<Top Level Types>
ADDR_010
<Visited Children>
ADDR_011
0
<StmtData>
ADDR_011
CompoundStmt
<TEST_DIR>/noexcept.cpp
7
21
<TEST_DIR>/noexcept.cpp
7
22
0
0
<Id to Class Map>
ADDR_011
CompoundStmt
<Visited Children>
ADDR_012
0
<QualTypeData>
ADDR_012
QualType
const (lambda at <TEST_DIR>/noexcept.cpp:7:19)
NONE
0
0
0
nullptr_type
1
CONST
NONE
0
ADDR_013
<Id to Class Map>
ADDR_012
QualType
<Visited Children>
ADDR_014
0
<PointerTypeData>
ADDR_014
PointerType
const (lambda at <TEST_DIR>/noexcept.cpp:7:19) *
NONE
0
0
0
nullptr_type
ADDR_012
<Id to Class Map>
ADDR_014
PointerType
<Visited Children>
ADDR_015
1
ADDR_011
<CXXMethodDeclData>
ADDR_015
CXXMethodDecl
<TEST_DIR>/noexcept.cpp
7
20
<TEST_DIR>/noexcept.cpp
7
22
0
0
0
0
0
0
0
0
(anonymous class)
operator()
6
1
1
Internal
Default
ADDR_010
0
1
0
None
1
0
0
0
0
nullptr_decl
ADDR_015
nullptr_decl
0
ADDR_016
0
0
1
1
0
0
0
0
ADDR_014
ADDR_012
1
0
<Id to Class Map>
ADDR_015
CXXMethodDecl
<Visited Children>
ADDR_016
1
ADDR_015
<CXXRecordDeclData>
ADDR_016
CXXRecordDecl
<TEST_DIR>/noexcept.cpp
7
19
<end>
0
0
1
0
0
0
0
0


0
0
0
Internal
Default
ADDR_013
Class
1
0
0
ADDR_016
<Id to Class Map>
ADDR_016
CXXRecordDecl
<Visited Children>
ADDR_013
0
<TagTypeData>
ADDR_013
RecordType
(lambda at <TEST_DIR>/noexcept.cpp:7:19)
NONE
0
0
0
nullptr_type
ADDR_016
<Id to Class Map>
ADDR_013
RecordType
<Visited Children>
ADDR_017
0
<AutoTypeData>
ADDR_017
AutoType
(lambda at <TEST_DIR>/noexcept.cpp:7:19)
NONE
0
0
0
ADDR_013
ADDR_013
<Id to Class Map>
ADDR_017
AutoType
<Top Level Types>
ADDR_017
<Top Level Types>
ADDR_013
<Visited Children>
ADDR_018
1
ADDR_011
<LambdaExprData>
ADDR_018
LambdaExpr
<TEST_DIR>/noexcept.cpp
7
19
<TEST_DIR>/noexcept.cpp
7
22
0
0
ADDR_013
0
0
0
0
0
0
0
None
ADDR_016
0
<Id to Class Map>
ADDR_018
LambdaExpr
<Visited Children>
ADDR_019
1
ADDR_018
<VarDeclData>
ADDR_019
VarDecl
<TEST_DIR>/noexcept.cpp
7
1
<TEST_DIR>/noexcept.cpp
7
22
0
0
0
0
0
0
0
0

lmay_throw
0
0
0
External
Default
ADDR_017
0
None
NONE
0
CINIT
0
0
0
1
<Id to Class Map>
ADDR_019
VarDecl
<Top Level Nodes>
ADDR_020
<Visited Children>
ADDR_021
0
<FunctionProtoTypeData>
ADDR_021
FunctionProtoType
void () const noexcept
NONE
0
0
0
nullptr_type
1
0
0
0
0
0
0
C
ADDR_009
0
0
0
0
None
BasicNoexcept
0
<Id to Class Map>
ADDR_021
FunctionProtoType
<Top Level Types>
ADDR_021
<Visited Children>
ADDR_022
0
<StmtData>
ADDR_022
CompoundStmt
<TEST_DIR>/noexcept.cpp
8
32
<TEST_DIR>/noexcept.cpp
8
33
0
0
<Id to Class Map>
ADDR_022
CompoundStmt
<Visited Children>
ADDR_023
0
<QualTypeData>
ADDR_023
QualType
const (lambda at <TEST_DIR>/noexcept.cpp:8:18)
NONE
0
0
0
nullptr_type
1
CONST
NONE
0
ADDR_024
<Id to Class Map>
ADDR_023
QualType
<Visited Children>
ADDR_025
0
<PointerTypeData>
ADDR_025
PointerType
const (lambda at <TEST_DIR>/noexcept.cpp:8:18) *
NONE
0
0
0
nullptr_type
ADDR_023
<Id to Class Map>
ADDR_025
PointerType
<Visited Children>
ADDR_026
1
ADDR_022
<CXXMethodDeclData>
ADDR_026
CXXMethodDecl
<TEST_DIR>/noexcept.cpp
8
23
<TEST_DIR>/noexcept.cpp
8
33
0
0
0
0
0
0
0
0
(anonymous class)
operator()
6
1
1
Internal
Default
ADDR_021
0
1
0
None
1
0
0
0
0
nullptr_decl
ADDR_026
nullptr_decl
0
ADDR_027
0
0
1
1
0
0
0
0
ADDR_025
ADDR_023
1
0
<Id to Class Map>
ADDR_026
CXXMethodDecl
<Visited Children>
ADDR_027
1
ADDR_026
<CXXRecordDeclData>
ADDR_027
CXXRecordDecl
<TEST_DIR>/noexcept.cpp
8
18
<end>
0
0
1
0
0
0
0
0


0
0
0
Internal
Default
ADDR_024
Class
1
0
0
ADDR_027
<Id to Class Map>
ADDR_027
CXXRecordDecl
<Visited Children>
ADDR_024
0
<TagTypeData>
ADDR_024
RecordType
(lambda at <TEST_DIR>/noexcept.cpp:8:18)
NONE
0
0
0
nullptr_type
ADDR_027
<Id to Class Map>
ADDR_024
RecordType
<Visited Children>
ADDR_028
0
<AutoTypeData>
ADDR_028
AutoType
(lambda at <TEST_DIR>/noexcept.cpp:8:18)
NONE
0
0
0
ADDR_024
ADDR_024
<Id to Class Map>
ADDR_028
AutoType
<Top Level Types>
ADDR_028
<Top Level Types>
ADDR_024
<Visited Children>
ADDR_029
1
ADDR_022
<LambdaExprData>
ADDR_029
LambdaExpr
<TEST_DIR>/noexcept.cpp
8
18
<TEST_DIR>/noexcept.cpp
8
33
0
0
ADDR_024
0
0
0
0
0
1
0
None
ADDR_027
0
<Id to Class Map>
ADDR_029
LambdaExpr
<Visited Children>
ADDR_030
1
ADDR_029
<VarDeclData>
ADDR_030
VarDecl
<TEST_DIR>/noexcept.cpp
8
1
<TEST_DIR>/noexcept.cpp
8
33
0
0
0
0
0
0
0
0

lno_throw
0
0
0
External
Default
ADDR_028
0
None
NONE
0
CINIT
0
0
0
1
<Id to Class Map>
ADDR_030
VarDecl
<Top Level Nodes>
ADDR_031
<Visited Children>
ADDR_032
0
<TagTypeData>
ADDR_032
RecordType
T
NONE
0
0
0
nullptr_type
ADDR_033
<Id to Class Map>
ADDR_032
RecordType
<Visited Children>
ADDR_034
0
<AccessSpecDeclData>
ADDR_034
AccessSpecDecl
<TEST_DIR>/noexcept.cpp
10
1
<TEST_DIR>/noexcept.cpp
10
7
0
0
0
0
0
0
0
0
PUBLIC
<Id to Class Map>
ADDR_034
AccessSpecDecl
<Top Level Types>
ADDR_006
<Visited Children>
ADDR_035
0
<StmtData>
ADDR_035
CompoundStmt
<TEST_DIR>/noexcept.cpp
11
7
<TEST_DIR>/noexcept.cpp
11
8
0
0
<Id to Class Map>
ADDR_035
CompoundStmt
<Visited Children>
ADDR_036
0
<PointerTypeData>
ADDR_036
PointerType
T *
NONE
0
0
0
nullptr_type
ADDR_032
<Id to Class Map>
ADDR_036
PointerType
<Visited Children>
ADDR_037
1
ADDR_035
<CXXMethodDeclData>
ADDR_037
CXXDestructorDecl
<TEST_DIR>/noexcept.cpp
11
3
<TEST_DIR>/noexcept.cpp
11
8
0
0
0
0
0
0
0
0
T
~T
4
1
1
External
Default
ADDR_006
0
0
0
None
0
0
0
0
0
nullptr_decl
ADDR_037
nullptr_decl
0
ADDR_033
0
0
1
0
0
0
0
0
ADDR_036
ADDR_032
1
0
<Id to Class Map>
ADDR_037
CXXDestructorDecl
<Visited Children>
ADDR_033
2
ADDR_034
ADDR_037
<CXXRecordDeclData>
ADDR_033
CXXRecordDecl
<TEST_DIR>/noexcept.cpp
9
1
<TEST_DIR>/noexcept.cpp
13
1
0
0
0
0
0
0
0
0

T
0
0
0
External
Default
ADDR_032
Class
1
0
0
ADDR_033
<Id to Class Map>
ADDR_033
CXXRecordDecl
<Top Level Nodes>
ADDR_038
<Visited Children>
ADDR_039
0
<TagTypeData>
ADDR_039
RecordType
U
NONE
0
0
0
nullptr_type
ADDR_040
<Id to Class Map>
ADDR_039
RecordType
<Visited Children>
ADDR_041
0
<AccessSpecDeclData>
ADDR_041
AccessSpecDecl
<TEST_DIR>/noexcept.cpp
15
1
<TEST_DIR>/noexcept.cpp
15
7
0
0
0
0
0
0
0
0
PUBLIC
<Id to Class Map>
ADDR_041
AccessSpecDecl
<Top Level Types>
ADDR_006
<Visited Children>
ADDR_042
0
<StmtData>
ADDR_042
CompoundStmt
<TEST_DIR>/noexcept.cpp
16
7
<TEST_DIR>/noexcept.cpp
16
8
0
0
<Id to Class Map>
ADDR_042
CompoundStmt
<Visited Children>
ADDR_043
0
<PointerTypeData>
ADDR_043
PointerType
U *
NONE
0
0
0
nullptr_type
ADDR_039
<Id to Class Map>
ADDR_043
PointerType
<Visited Children>
ADDR_044
1
ADDR_042
<CXXMethodDeclData>
ADDR_044
CXXDestructorDecl
<TEST_DIR>/noexcept.cpp
16
3
<TEST_DIR>/noexcept.cpp
16
8
0
0
0
0
0
0
0
0
U
~U
4
1
1
External
Default
ADDR_006
0
0
0
None
0
0
0
0
0
nullptr_decl
ADDR_044
nullptr_decl
0
ADDR_040
0
0
1
0
0
0
0
0
ADDR_043
ADDR_039
1
0
<Id to Class Map>
ADDR_044
CXXDestructorDecl
<Visited Children>
ADDR_045
0
<TagTypeData>
ADDR_045
RecordType
std::vector<int>
NONE
0
0
0
nullptr_type
ADDR_046
<Id to Class Map>
ADDR_045
RecordType
<Visited Children>
ADDR_047
0
<BuiltinTypeData>
ADDR_047
BuiltinType
int
NONE
0
0
0
nullptr_type
Int
int
<Id to Class Map>
ADDR_047
BuiltinType
<Visited Children>
ADDR_048
0
<TemplateSpecializationTypeData>
ADDR_048
TemplateSpecializationType
vector<int>
NONE
0
0
0
ADDR_045
0
nullptr_type
vector
ADDR_049
1
Type
ADDR_047
<Id to Class Map>
ADDR_048
TemplateSpecializationType
<Visited Children>
ADDR_050
0
<ElaboratedTypeData>
ADDR_050
ElaboratedType
std::vector<int>
NONE
0
0
0
ADDR_048
None
std::
ADDR_048
<Id to Class Map>
ADDR_050
ElaboratedType
<Top Level Types>
ADDR_050
<Visited Children>
ADDR_051
2
nullptr_expr
nullptr_expr
<FieldDeclData>
ADDR_051
FieldDecl
<TEST_DIR>/noexcept.cpp
18
3
<TEST_DIR>/noexcept.cpp
18
20
0
0
0
0
0
0
0
0
U
v
0
1
1
External
Default
ADDR_050
0
0
<Id to Class Map>
ADDR_051
FieldDecl
<Visited Children>
ADDR_040
3
ADDR_041
ADDR_044
ADDR_051
<CXXRecordDeclData>
ADDR_040
CXXRecordDecl
<TEST_DIR>/noexcept.cpp
14
1
<TEST_DIR>/noexcept.cpp
19
1
0
0
0
0
0
0
0
0

U
0
0
0
External
Default
ADDR_039
Class
1
0
0
ADDR_040
<Id to Class Map>
ADDR_040
CXXRecordDecl
<Top Level Nodes>
ADDR_052
<Visited Children>
ADDR_053
0
<TagTypeData>
ADDR_053
RecordType
V
NONE
0
0
0
nullptr_type
ADDR_054
<Id to Class Map>
ADDR_053
RecordType
<Visited Children>
ADDR_055
0
<AccessSpecDeclData>
ADDR_055
AccessSpecDecl
<TEST_DIR>/noexcept.cpp
21
1
<TEST_DIR>/noexcept.cpp
21
7
0
0
0
0
0
0
0
0
PUBLIC
<Id to Class Map>
ADDR_055
AccessSpecDecl
<Visited Children>
ADDR_056
0
<TemplateSpecializationTypeData>
ADDR_056
TemplateSpecializationType
vector<int>
NONE
0
0
0
ADDR_045
0
nullptr_type
vector
ADDR_049
1
Type
ADDR_047
<Id to Class Map>
ADDR_056
TemplateSpecializationType
<Visited Children>
ADDR_057
0
<ElaboratedTypeData>
ADDR_057
ElaboratedType
std::vector<int>
NONE
0
0
0
ADDR_056
None
std::
ADDR_056
<Id to Class Map>
ADDR_057
ElaboratedType
<Top Level Types>
ADDR_057
<Visited Children>
ADDR_058
2
nullptr_expr
nullptr_expr
<FieldDeclData>
ADDR_058
FieldDecl
<TEST_DIR>/noexcept.cpp
22
3
<TEST_DIR>/noexcept.cpp
22
20
0
0
0
0
0
0
0
0
V
v
0
1
1
External
Default
ADDR_057
0
0
<Id to Class Map>
ADDR_058
FieldDecl
<Visited Children>
ADDR_054
2
ADDR_055
ADDR_058
<CXXRecordDeclData>
ADDR_054
CXXRecordDecl
<TEST_DIR>/noexcept.cpp
20
1
<TEST_DIR>/noexcept.cpp
23
1
0
0
0
0
0
0
0
0

V
0
0
0
External
Default
ADDR_053
Class
1
0
0
ADDR_054
<Id to Class Map>
ADDR_054
CXXRecordDecl
<Top Level Nodes>
ADDR_059
<Visited Children>
ADDR_060
0
<FunctionProtoTypeData>
ADDR_060
FunctionProtoType
int ()
NONE
0
0
0
nullptr_type
0
0
0
0
0
0
0
C
ADDR_047
0
0
0
0
None
None
0
<Id to Class Map>
ADDR_060
FunctionProtoType
<Top Level Types>
ADDR_060
<Visited Children>
ADDR_061
0
<ElaboratedTypeData>
ADDR_061
ElaboratedType
T
NONE
0
0
0
ADDR_032
None

ADDR_032
<Id to Class Map>
ADDR_061
ElaboratedType
<Top Level Types>
ADDR_061
<Top Level Types>
ADDR_061
<Top Level Types>
ADDR_006
<Visited Children>
ADDR_062
0
<StmtData>
ADDR_062
CompoundStmt
<TEST_DIR>/noexcept.cpp
9
7
<end>
0
0
<Id to Class Map>
ADDR_062
CompoundStmt
<Visited Children>
ADDR_063
1
ADDR_062
<CXXConstructorDeclData>
ADDR_063
CXXConstructorDecl
<TEST_DIR>/noexcept.cpp
9
7
<end>
0
0
1
1
1
0
0
0
T
T
3
1
1
External
Default
ADDR_006
0
1
0
None
1
0
0
0
0
nullptr_decl
ADDR_063
nullptr_decl
0
ADDR_033
0
0
1
0
0
0
0
0
ADDR_036
ADDR_032
1
0
0
1
0
ResolvedFalse
nullptr_expr
0
<Id to Class Map>
ADDR_063
CXXConstructorDecl
<Visited Children>
ADDR_064
0
<CXXConstructExprData>
ADDR_064
CXXConstructExpr
<TEST_DIR>/noexcept.cpp
27
4
<end>
0
0
ADDR_061
0
0
0
0
0
0
0
Complete
1
ADDR_063
<Id to Class Map>
ADDR_064
CXXConstructExpr
<Visited Children>
ADDR_065
1
ADDR_064
<VarDeclData>
ADDR_065
VarDecl
<TEST_DIR>/noexcept.cpp
27
2
<TEST_DIR>/noexcept.cpp
27
4
0
0
0
0
1
0
0
0

t
0
0
0
None
Default
ADDR_061
0
None
NONE
0
CALL_INIT
0
0
0
0
<Id to Class Map>
ADDR_065
VarDecl
<Visited Children>
ADDR_066
1
ADDR_065
<StmtData>
ADDR_066
DeclStmt
<TEST_DIR>/noexcept.cpp
27
2
<TEST_DIR>/noexcept.cpp
27
5
0
0
<Id to Class Map>
ADDR_066
DeclStmt
<Visited Children>
ADDR_067
0
<ElaboratedTypeData>
ADDR_067
ElaboratedType
U
NONE
0
0
0
ADDR_039
None

ADDR_039
<Id to Class Map>
ADDR_067
ElaboratedType
<Top Level Types>
ADDR_067
<Top Level Types>
ADDR_067
<Top Level Types>
ADDR_006
<Visited Children>
ADDR_068
0
<StmtData>
ADDR_068
CompoundStmt
<TEST_DIR>/noexcept.cpp
14
7
<end>
0
0
<Id to Class Map>
ADDR_068
CompoundStmt
<Top Level Types>
ADDR_050
<Visited Children>
ADDR_069
0
<CXXConstructExprData>
ADDR_069
CXXConstructExpr
<TEST_DIR>/noexcept.cpp
14
7
<end>
0
0
ADDR_050
0
0
0
0
0
0
0
Complete
1
ADDR_070
<Id to Class Map>
ADDR_069
CXXConstructExpr
<Visited Children>
ADDR_071
1
ADDR_068
<CXXConstructorDeclData>
ADDR_071
CXXConstructorDecl
<TEST_DIR>/noexcept.cpp
14
7
<end>
0
0
1
1
1
0
0
0
U
U
3
1
1
External
Default
ADDR_006
0
0
0
None
1
0
0
0
0
nullptr_decl
ADDR_071
nullptr_decl
0
ADDR_040
0
0
1
0
0
0
0
0
ADDR_043
ADDR_039
1
0
1
ANY_MEMBER_INITIALIZER
ADDR_051
ADDR_069
0
0
1
0
ResolvedFalse
nullptr_expr
0
<Id to Class Map>
ADDR_071
CXXConstructorDecl
<Visited Children>
ADDR_072
0
<CXXConstructExprData>
ADDR_072
CXXConstructExpr
<TEST_DIR>/noexcept.cpp
28
4
<end>
0
0
ADDR_067
0
0
0
0
0
0
0
Complete
1
ADDR_071
<Id to Class Map>
ADDR_072
CXXConstructExpr
<Visited Children>
ADDR_073
1
ADDR_072
<VarDeclData>
ADDR_073
VarDecl
<TEST_DIR>/noexcept.cpp
28
2
<TEST_DIR>/noexcept.cpp
28
4
0
0
0
0
1
0
0
0

u
0
0
0
None
Default
ADDR_067
0
None
NONE
0
CALL_INIT
0
0
0
0
<Id to Class Map>
ADDR_073
VarDecl
<Visited Children>
ADDR_074
1
ADDR_073
<StmtData>
ADDR_074
DeclStmt
<TEST_DIR>/noexcept.cpp
28
2
<TEST_DIR>/noexcept.cpp
28
5
0
0
<Id to Class Map>
ADDR_074
DeclStmt
<Visited Children>
ADDR_075
0
<ElaboratedTypeData>
ADDR_075
ElaboratedType
V
NONE
0
0
0
ADDR_053
None

ADDR_053
<Id to Class Map>
ADDR_075
ElaboratedType
<Top Level Types>
ADDR_075
<Top Level Types>
ADDR_075
<Top Level Types>
ADDR_006
<Visited Children>
ADDR_076
0
<StmtData>
ADDR_076
CompoundStmt
<TEST_DIR>/noexcept.cpp
20
7
<end>
0
0
<Id to Class Map>
ADDR_076
CompoundStmt
<Visited Children>
ADDR_077
0
<PointerTypeData>
ADDR_077
PointerType
V *
NONE
0
0
0
nullptr_type
ADDR_053
<Id to Class Map>
ADDR_077
PointerType
<Top Level Types>
ADDR_057
<Visited Children>
ADDR_078
0
<CXXConstructExprData>
ADDR_078
CXXConstructExpr
<TEST_DIR>/noexcept.cpp
20
7
<end>
0
0
ADDR_057
0
0
0
0
0
0
0
Complete
1
ADDR_070
<Id to Class Map>
ADDR_078
CXXConstructExpr
<Visited Children>
ADDR_079
1
ADDR_076
<CXXConstructorDeclData>
ADDR_079
CXXConstructorDecl
<TEST_DIR>/noexcept.cpp
20
7
<end>
0
0
1
1
1
0
0
0
V
V
3
1
1
External
Default
ADDR_006
0
0
0
None
1
0
0
0
0
nullptr_decl
ADDR_079
nullptr_decl
0
ADDR_054
0
0
1
0
0
0
0
0
ADDR_077
ADDR_053
1
0
1
ANY_MEMBER_INITIALIZER
ADDR_058
ADDR_078
0
0
1
0
ResolvedFalse
nullptr_expr
0
<Id to Class Map>
ADDR_079
CXXConstructorDecl
<Visited Children>
ADDR_080
0
<CXXConstructExprData>
ADDR_080
CXXConstructExpr
<TEST_DIR>/noexcept.cpp
29
4
<end>
0
0
ADDR_075
0
0
0
0
0
0
0
Complete
1
ADDR_079
<Id to Class Map>
ADDR_080
CXXConstructExpr
<Visited Children>
ADDR_081
1
ADDR_080
<VarDeclData>
ADDR_081
VarDecl
<TEST_DIR>/noexcept.cpp
29
2
<TEST_DIR>/noexcept.cpp
29
4
0
0
0
0
1
0
0
0

v
0
0
0
None
Default
ADDR_075
0
None
NONE
0
CALL_INIT
0
0
0
0
<Id to Class Map>
ADDR_081
VarDecl
<Visited Children>
ADDR_082
1
ADDR_081
<StmtData>
ADDR_082
DeclStmt
<TEST_DIR>/noexcept.cpp
29
2
<TEST_DIR>/noexcept.cpp
29
5
0
0
<Id to Class Map>
ADDR_082
DeclStmt
<Visited Children>
ADDR_083
0
<TagTypeData>
ADDR_083
RecordType
std::ostream
NONE
0
0
0
nullptr_type
ADDR_084
<Id to Class Map>
ADDR_083
RecordType
<Visited Children>
ADDR_085
0
<BuiltinTypeData>
ADDR_085
BuiltinType
char
NONE
0
0
0
nullptr_type
Char_S
char
<Id to Class Map>
ADDR_085
BuiltinType
<Visited Children>
ADDR_086
0
<TagTypeData>
ADDR_086
RecordType
std::char_traits<char>
NONE
0
0
0
nullptr_type
ADDR_087
<Id to Class Map>
ADDR_086
RecordType
<Visited Children>
ADDR_088
0
<SubstTemplateTypeParmTypeData>
ADDR_088
SubstTemplateTypeParmType
std::char_traits<char>
NONE
0
0
0
ADDR_086
ADDR_089
ADDR_086
<Id to Class Map>
ADDR_088
SubstTemplateTypeParmType
<Visited Children>
ADDR_090
0
<TemplateSpecializationTypeData>
ADDR_090
TemplateSpecializationType
basic_ostream<char, std::char_traits<char>>
NONE
0
0
0
ADDR_083
0
nullptr_type
basic_ostream
ADDR_091
2
Type
ADDR_085
Type
ADDR_088
<Id to Class Map>
ADDR_090
TemplateSpecializationType
<Visited Children>
ADDR_092
0
<ElaboratedTypeData>
ADDR_092
ElaboratedType
basic_ostream<char, char_traits<char>>
NONE
0
0
0
ADDR_090
None

ADDR_090
<Id to Class Map>
ADDR_092
ElaboratedType
<Visited Children>
ADDR_093
0
<ReferenceTypeData>
ADDR_093
LValueReferenceType
basic_ostream<char, char_traits<char>> &
NONE
0
0
0
nullptr_type
ADDR_092
<Id to Class Map>
ADDR_093
LValueReferenceType
<Visited Children>
ADDR_094
0
<TemplateSpecializationTypeData>
ADDR_094
TemplateSpecializationType
basic_ostream<char, std::char_traits<char>>
NONE
0
0
0
ADDR_083
0
nullptr_type
basic_ostream
ADDR_091
2
Type
ADDR_085
Type
ADDR_088
<Id to Class Map>
ADDR_094
TemplateSpecializationType
<Visited Children>
ADDR_095
0
<ElaboratedTypeData>
ADDR_095
ElaboratedType
basic_ostream<char, char_traits<char>>
NONE
0
0
0
ADDR_094
None

ADDR_094
<Id to Class Map>
ADDR_095
ElaboratedType
<Visited Children>
ADDR_096
0
<ReferenceTypeData>
ADDR_096
LValueReferenceType
basic_ostream<char, char_traits<char>> &
NONE
0
0
0
nullptr_type
ADDR_095
<Id to Class Map>
ADDR_096
LValueReferenceType
<Visited Children>
ADDR_097
0
<FunctionProtoTypeData>
ADDR_097
FunctionProtoType
basic_ostream<char, char_traits<char>> &(basic_ostream<char, char_traits<char>> &, char)
NONE
0
0
0
nullptr_type
0
0
0
0
0
0
0
C
ADDR_093
2
2
ADDR_096
ADDR_085
0
0
None
None
0
<Id to Class Map>
ADDR_097
FunctionProtoType
<Top Level Types>
ADDR_097
<Visited Children>
ADDR_098
0
<DeclRefExprData>
ADDR_098
DeclRefExpr
<TEST_DIR>/noexcept.cpp
44
61
<end>
0
0
ADDR_097
1
0
0

0
ADDR_099
<Id to Class Map>
ADDR_098
DeclRefExpr
<Visited Children>
ADDR_100
0
<PointerTypeData>
ADDR_100
PointerType
basic_ostream<char, char_traits<char>> &(*)(basic_ostream<char, char_traits<char>> &, char)
NONE
0
0
0
nullptr_type
ADDR_097
<Id to Class Map>
ADDR_100
PointerType
<Top Level Types>
ADDR_100
<Visited Children>
ADDR_101
1
ADDR_098
<ExprData>
ADDR_101
ImplicitCastExpr
<TEST_DIR>/noexcept.cpp
44
61
<end>
0
0
ADDR_100
0
0
0
<Id to Class Map>
ADDR_101
ImplicitCastExpr
<Visited Children>
ADDR_102
0
<ElaboratedTypeData>
ADDR_102
ElaboratedType
ostream
NONE
0
0
0
ADDR_083
None

ADDR_083
<Id to Class Map>
ADDR_102
ElaboratedType
<Visited Children>
ADDR_103
0
<ReferenceTypeData>
ADDR_103
LValueReferenceType
ostream &
NONE
0
0
0
nullptr_type
ADDR_102
<Id to Class Map>
ADDR_103
LValueReferenceType
<Visited Children>
ADDR_104
0
<BuiltinTypeData>
ADDR_104
BuiltinType
bool
NONE
0
0
0
nullptr_type
Bool
bool
<Id to Class Map>
ADDR_104
BuiltinType
<Visited Children>
ADDR_105
0
<FunctionProtoTypeData>
ADDR_105
FunctionProtoType
ostream &(bool)
NONE
0
0
0
nullptr_type
0
0
0
0
0
0
0
C
ADDR_103
1
1
ADDR_104
0
0
None
None
0
<Id to Class Map>
ADDR_105
FunctionProtoType
<Top Level Types>
ADDR_105
<Visited Children>
ADDR_106
0
<DeclRefExprData>
ADDR_106
DeclRefExpr
<TEST_DIR>/noexcept.cpp
44
43
<end>
0
0
ADDR_105
1
0
0

0
ADDR_107
<Id to Class Map>
ADDR_106
DeclRefExpr
<Visited Children>
ADDR_108
0
<PointerTypeData>
ADDR_108
PointerType
ostream &(*)(bool)
NONE
0
0
0
nullptr_type
ADDR_105
<Id to Class Map>
ADDR_108
PointerType
<Top Level Types>
ADDR_108
<Visited Children>
ADDR_109
1
ADDR_106
<ExprData>
ADDR_109
ImplicitCastExpr
<TEST_DIR>/noexcept.cpp
44
43
<end>
0
0
ADDR_108
0
0
0
<Id to Class Map>
ADDR_109
ImplicitCastExpr
<Visited Children>
ADDR_110
0
<SubstTemplateTypeParmTypeData>
ADDR_110
SubstTemplateTypeParmType
std::char_traits<char>
NONE
0
0
0
ADDR_086
ADDR_111
ADDR_086
<Id to Class Map>
ADDR_110
SubstTemplateTypeParmType
<Visited Children>
ADDR_112
0
<TemplateSpecializationTypeData>
ADDR_112
TemplateSpecializationType
basic_ostream<char, std::char_traits<char>>
NONE
0
0
0
ADDR_083
0
nullptr_type
basic_ostream
ADDR_091
2
Type
ADDR_085
Type
ADDR_110
<Id to Class Map>
ADDR_112
TemplateSpecializationType
<Visited Children>
ADDR_113
0
<ElaboratedTypeData>
ADDR_113
ElaboratedType
basic_ostream<char, char_traits<char>>
NONE
0
0
0
ADDR_112
None

ADDR_112
<Id to Class Map>
ADDR_113
ElaboratedType
<Visited Children>
ADDR_114
0
<ReferenceTypeData>
ADDR_114
LValueReferenceType
basic_ostream<char, char_traits<char>> &
NONE
0
0
0
nullptr_type
ADDR_113
<Id to Class Map>
ADDR_114
LValueReferenceType
<Visited Children>
ADDR_115
0
<TemplateSpecializationTypeData>
ADDR_115
TemplateSpecializationType
basic_ostream<char, std::char_traits<char>>
NONE
0
0
0
ADDR_083
0
nullptr_type
basic_ostream
ADDR_091
2
Type
ADDR_085
Type
ADDR_110
<Id to Class Map>
ADDR_115
TemplateSpecializationType
<Visited Children>
ADDR_116
0
<ElaboratedTypeData>
ADDR_116
ElaboratedType
basic_ostream<char, char_traits<char>>
NONE
0
0
0
ADDR_115
None

ADDR_115
<Id to Class Map>
ADDR_116
ElaboratedType
<Visited Children>
ADDR_117
0
<ReferenceTypeData>
ADDR_117
LValueReferenceType
basic_ostream<char, char_traits<char>> &
NONE
0
0
0
nullptr_type
ADDR_116
<Id to Class Map>
ADDR_117
LValueReferenceType
<Visited Children>
ADDR_118
0
<QualTypeData>
ADDR_118
QualType
const char
NONE
0
0
0
nullptr_type
1
CONST
NONE
0
ADDR_085
<Id to Class Map>
ADDR_118
QualType
<Visited Children>
ADDR_119
0
<PointerTypeData>
ADDR_119
PointerType
const char *
NONE
0
0
0
nullptr_type
ADDR_118
<Id to Class Map>
ADDR_119
PointerType
<Visited Children>
ADDR_120
0
<FunctionProtoTypeData>
ADDR_120
FunctionProtoType
basic_ostream<char, char_traits<char>> &(basic_ostream<char, char_traits<char>> &, const char *)
NONE
0
0
0
nullptr_type
0
0
0
0
0
0
0
C
ADDR_114
2
2
ADDR_117
ADDR_119
0
0
None
None
0
<Id to Class Map>
ADDR_120
FunctionProtoType
<Top Level Types>
ADDR_120
<Visited Children>
ADDR_121
0
<DeclRefExprData>
ADDR_121
DeclRefExpr
<TEST_DIR>/noexcept.cpp
44
12
<end>
0
0
ADDR_120
1
0
0

0
ADDR_122
<Id to Class Map>
ADDR_121
DeclRefExpr
<Visited Children>
ADDR_123
0
<PointerTypeData>
ADDR_123
PointerType
basic_ostream<char, char_traits<char>> &(*)(basic_ostream<char, char_traits<char>> &, const char *)
NONE
0
0
0
nullptr_type
ADDR_120
<Id to Class Map>
ADDR_123
PointerType
<Top Level Types>
ADDR_123
<Visited Children>
ADDR_124
1
ADDR_121
<ExprData>
ADDR_124
ImplicitCastExpr
<TEST_DIR>/noexcept.cpp
44
12
<end>
0
0
ADDR_123
0
0
0
<Id to Class Map>
ADDR_124
ImplicitCastExpr
<Top Level Types>
ADDR_097
<Visited Children>
ADDR_125
0
<DeclRefExprData>
ADDR_125
DeclRefExpr
<TEST_DIR>/noexcept.cpp
43
77
<end>
0
0
ADDR_097
1
0
0

0
ADDR_099
<Id to Class Map>
ADDR_125
DeclRefExpr
<Top Level Types>
ADDR_100
<Visited Children>
ADDR_126
1
ADDR_125
<ExprData>
ADDR_126
ImplicitCastExpr
<TEST_DIR>/noexcept.cpp
43
77
<end>
0
0
ADDR_100
0
0
0
<Id to Class Map>
ADDR_126
ImplicitCastExpr
<Top Level Types>
ADDR_105
<Visited Children>
ADDR_127
0
<DeclRefExprData>
ADDR_127
DeclRefExpr
<TEST_DIR>/noexcept.cpp
43
43
<end>
0
0
ADDR_105
1
0
0

0
ADDR_107
<Id to Class Map>
ADDR_127
DeclRefExpr
<Top Level Types>
ADDR_108
<Visited Children>
ADDR_128
1
ADDR_127
<ExprData>
ADDR_128
ImplicitCastExpr
<TEST_DIR>/noexcept.cpp
43
43
<end>
0
0
ADDR_108
0
0
0
<Id to Class Map>
ADDR_128
ImplicitCastExpr
<Top Level Types>
ADDR_120
<Visited Children>
ADDR_129
0
<DeclRefExprData>
ADDR_129
DeclRefExpr
<TEST_DIR>/noexcept.cpp
43
12
<end>
0
0
ADDR_120
1
0
0

0
ADDR_122
<Id to Class Map>
ADDR_129
DeclRefExpr
<Top Level Types>
ADDR_123
<Visited Children>
ADDR_130
1
ADDR_129
<ExprData>
ADDR_130
ImplicitCastExpr
<TEST_DIR>/noexcept.cpp
43
12
<end>
0
0
ADDR_123
0
0
0
<Id to Class Map>
ADDR_130
ImplicitCastExpr
<Top Level Types>
ADDR_097
<Visited Children>
ADDR_131
0
<DeclRefExprData>
ADDR_131
DeclRefExpr
<TEST_DIR>/noexcept.cpp
42
61
<end>
0
0
ADDR_097
1
0
0

0
ADDR_099
<Id to Class Map>
ADDR_131
DeclRefExpr
<Top Level Types>
ADDR_100
<Visited Children>
ADDR_132
1
ADDR_131
<ExprData>
ADDR_132
ImplicitCastExpr
<TEST_DIR>/noexcept.cpp
42
61
<end>
0
0
ADDR_100
0
0
0
<Id to Class Map>
ADDR_132
ImplicitCastExpr
<Top Level Types>
ADDR_105
<Visited Children>
ADDR_133
0
<DeclRefExprData>
ADDR_133
DeclRefExpr
<TEST_DIR>/noexcept.cpp
42
43
<end>
0
0
ADDR_105
1
0
0

0
ADDR_107
<Id to Class Map>
ADDR_133
DeclRefExpr
<Top Level Types>
ADDR_108
<Visited Children>
ADDR_134
1
ADDR_133
<ExprData>
ADDR_134
ImplicitCastExpr
<TEST_DIR>/noexcept.cpp
42
43
<end>
0
0
ADDR_108
0
0
0
<Id to Class Map>
ADDR_134
ImplicitCastExpr
<Top Level Types>
ADDR_120
<Visited Children>
ADDR_135
0
<DeclRefExprData>
ADDR_135
DeclRefExpr
<TEST_DIR>/noexcept.cpp
42
12
<end>
0
0
ADDR_120
1
0
0

0
ADDR_122
<Id to Class Map>
ADDR_135
DeclRefExpr
<Top Level Types>
ADDR_123
<Visited Children>
ADDR_136
1
ADDR_135
<ExprData>
ADDR_136
ImplicitCastExpr
<TEST_DIR>/noexcept.cpp
42
12
<end>
0
0
ADDR_123
0
0
0
<Id to Class Map>
ADDR_136
ImplicitCastExpr
<Top Level Types>
ADDR_097
<Visited Children>
ADDR_137
0
<DeclRefExprData>
ADDR_137
DeclRefExpr
<TEST_DIR>/noexcept.cpp
41
77
<end>
0
0
ADDR_097
1
0
0

0
ADDR_099
<Id to Class Map>
ADDR_137
DeclRefExpr
<Top Level Types>
ADDR_100
<Visited Children>
ADDR_138
1
ADDR_137
<ExprData>
ADDR_138
ImplicitCastExpr
<TEST_DIR>/noexcept.cpp
41
77
<end>
0
0
ADDR_100
0
0
0
<Id to Class Map>
ADDR_138
ImplicitCastExpr
<Top Level Types>
ADDR_105
<Visited Children>
ADDR_139
0
<DeclRefExprData>
ADDR_139
DeclRefExpr
<TEST_DIR>/noexcept.cpp
41
43
<end>
0
0
ADDR_105
1
0
0

0
ADDR_107
<Id to Class Map>
ADDR_139
DeclRefExpr
<Top Level Types>
ADDR_108
<Visited Children>
ADDR_140
1
ADDR_139
<ExprData>
ADDR_140
ImplicitCastExpr
<TEST_DIR>/noexcept.cpp
41
43
<end>
0
0
ADDR_108
0
0
0
<Id to Class Map>
ADDR_140
ImplicitCastExpr
<Top Level Types>
ADDR_120
<Visited Children>
ADDR_141
0
<DeclRefExprData>
ADDR_141
DeclRefExpr
<TEST_DIR>/noexcept.cpp
41
12
<end>
0
0
ADDR_120
1
0
0

0
ADDR_122
<Id to Class Map>
ADDR_141
DeclRefExpr
<Top Level Types>
ADDR_123
<Visited Children>
ADDR_142
1
ADDR_141
<ExprData>
ADDR_142
ImplicitCastExpr
<TEST_DIR>/noexcept.cpp
41
12
<end>
0
0
ADDR_123
0
0
0
<Id to Class Map>
ADDR_142
ImplicitCastExpr
<Top Level Types>
ADDR_097
<Visited Children>
ADDR_143
0
<DeclRefExprData>
ADDR_143
DeclRefExpr
<TEST_DIR>/noexcept.cpp
40
61
<end>
0
0
ADDR_097
1
0
0

0
ADDR_099
<Id to Class Map>
ADDR_143
DeclRefExpr
<Top Level Types>
ADDR_100
<Visited Children>
ADDR_144
1
ADDR_143
<ExprData>
ADDR_144
ImplicitCastExpr
<TEST_DIR>/noexcept.cpp
40
61
<end>
0
0
ADDR_100
0
0
0
<Id to Class Map>
ADDR_144
ImplicitCastExpr
<Top Level Types>
ADDR_105
<Visited Children>
ADDR_145
0
<DeclRefExprData>
ADDR_145
DeclRefExpr
<TEST_DIR>/noexcept.cpp
40
43
<end>
0
0
ADDR_105
1
0
0

0
ADDR_107
<Id to Class Map>
ADDR_145
DeclRefExpr
<Top Level Types>
ADDR_108
<Visited Children>
ADDR_146
1
ADDR_145
<ExprData>
ADDR_146
ImplicitCastExpr
<TEST_DIR>/noexcept.cpp
40
43
<end>
0
0
ADDR_108
0
0
0
<Id to Class Map>
ADDR_146
ImplicitCastExpr
<Top Level Types>
ADDR_120
<Visited Children>
ADDR_147
0
<DeclRefExprData>
ADDR_147
DeclRefExpr
<TEST_DIR>/noexcept.cpp
40
12
<end>
0
0
ADDR_120
1
0
0

0
ADDR_122
<Id to Class Map>
ADDR_147
DeclRefExpr
<Top Level Types>
ADDR_123
<Visited Children>
ADDR_148
1
ADDR_147
<ExprData>
ADDR_148
ImplicitCastExpr
<TEST_DIR>/noexcept.cpp
40
12
<end>
0
0
ADDR_123
0
0
0
<Id to Class Map>
ADDR_148
ImplicitCastExpr
<Top Level Types>
ADDR_097
<Visited Children>
ADDR_149
0
<DeclRefExprData>
ADDR_149
DeclRefExpr
<TEST_DIR>/noexcept.cpp
39
77
<end>
0
0
ADDR_097
1
0
0

0
ADDR_099
<Id to Class Map>
ADDR_149
DeclRefExpr
<Top Level Types>
ADDR_100
<Visited Children>
ADDR_150
1
ADDR_149
<ExprData>
ADDR_150
ImplicitCastExpr
<TEST_DIR>/noexcept.cpp
39
77
<end>
0
0
ADDR_100
0
0
0
<Id to Class Map>
ADDR_150
ImplicitCastExpr
<Top Level Types>
ADDR_105
<Visited Children>
ADDR_151
0
<DeclRefExprData>
ADDR_151
DeclRefExpr
<TEST_DIR>/noexcept.cpp
39
43
<end>
0
0
ADDR_105
1
0
0

0
ADDR_107
<Id to Class Map>
ADDR_151
DeclRefExpr
<Top Level Types>
ADDR_108
<Visited Children>
ADDR_152
1
ADDR_151
<ExprData>
ADDR_152
ImplicitCastExpr
<TEST_DIR>/noexcept.cpp
39
43
<end>
0
0
ADDR_108
0
0
0
<Id to Class Map>
ADDR_152
ImplicitCastExpr
<Top Level Types>
ADDR_120
<Visited Children>
ADDR_153
0
<DeclRefExprData>
ADDR_153
DeclRefExpr
<TEST_DIR>/noexcept.cpp
39
12
<end>
0
0
ADDR_120
1
0
0

0
ADDR_122
<Id to Class Map>
ADDR_153
DeclRefExpr
<Top Level Types>
ADDR_123
<Visited Children>
ADDR_154
1
ADDR_153
<ExprData>
ADDR_154
ImplicitCastExpr
<TEST_DIR>/noexcept.cpp
39
12
<end>
0
0
ADDR_123
0
0
0
<Id to Class Map>
ADDR_154
ImplicitCastExpr
<Top Level Types>
ADDR_097
<Visited Children>
ADDR_155
0
<DeclRefExprData>
ADDR_155
DeclRefExpr
<TEST_DIR>/noexcept.cpp
36
72
<end>
0
0
ADDR_097
1
0
0

0
ADDR_099
<Id to Class Map>
ADDR_155
DeclRefExpr
<Top Level Types>
ADDR_100
<Visited Children>
ADDR_156
1
ADDR_155
<ExprData>
ADDR_156
ImplicitCastExpr
<TEST_DIR>/noexcept.cpp
36
72
<end>
0
0
ADDR_100
0
0
0
<Id to Class Map>
ADDR_156
ImplicitCastExpr
<Top Level Types>
ADDR_105
<Visited Children>
ADDR_157
0
<DeclRefExprData>
ADDR_157
DeclRefExpr
<TEST_DIR>/noexcept.cpp
36
36
<end>
0
0
ADDR_105
1
0
0

0
ADDR_107
<Id to Class Map>
ADDR_157
DeclRefExpr
<Top Level Types>
ADDR_108
<Visited Children>
ADDR_158
1
ADDR_157
<ExprData>
ADDR_158
ImplicitCastExpr
<TEST_DIR>/noexcept.cpp
36
36
<end>
0
0
ADDR_108
0
0
0
<Id to Class Map>
ADDR_158
ImplicitCastExpr
<Top Level Types>
ADDR_120
<Visited Children>
ADDR_159
0
<DeclRefExprData>
ADDR_159
DeclRefExpr
<TEST_DIR>/noexcept.cpp
36
12
<end>
0
0
ADDR_120
1
0
0

0
ADDR_122
<Id to Class Map>
ADDR_159
DeclRefExpr
<Top Level Types>
ADDR_123
<Visited Children>
ADDR_160
1
ADDR_159
<ExprData>
ADDR_160
ImplicitCastExpr
<TEST_DIR>/noexcept.cpp
36
12
<end>
0
0
ADDR_123
0
0
0
<Id to Class Map>
ADDR_160
ImplicitCastExpr
<Top Level Types>
ADDR_097
<Visited Children>
ADDR_161
0
<DeclRefExprData>
ADDR_161
DeclRefExpr
<TEST_DIR>/noexcept.cpp
35
68
<end>
0
0
ADDR_097
1
0
0

0
ADDR_099
<Id to Class Map>
ADDR_161
DeclRefExpr
<Top Level Types>
ADDR_100
<Visited Children>
ADDR_162
1
ADDR_161
<ExprData>
ADDR_162
ImplicitCastExpr
<TEST_DIR>/noexcept.cpp
35
68
<end>
0
0
ADDR_100
0
0
0
<Id to Class Map>
ADDR_162
ImplicitCastExpr
<Top Level Types>
ADDR_105
<Visited Children>
ADDR_163
0
<DeclRefExprData>
ADDR_163
DeclRefExpr
<TEST_DIR>/noexcept.cpp
35
43
<end>
0
0
ADDR_105
1
0
0

0
ADDR_107
<Id to Class Map>
ADDR_163
DeclRefExpr
<Top Level Types>
ADDR_108
<Visited Children>
ADDR_164
1
ADDR_163
<ExprData>
ADDR_164
ImplicitCastExpr
<TEST_DIR>/noexcept.cpp
35
43
<end>
0
0
ADDR_108
0
0
0
<Id to Class Map>
ADDR_164
ImplicitCastExpr
<Top Level Types>
ADDR_120
<Visited Children>
ADDR_165
0
<DeclRefExprData>
ADDR_165
DeclRefExpr
<TEST_DIR>/noexcept.cpp
35
12
<end>
0
0
ADDR_120
1
0
0

0
ADDR_122
<Id to Class Map>
ADDR_165
DeclRefExpr
<Top Level Types>
ADDR_123
<Visited Children>
ADDR_166
1
ADDR_165
<ExprData>
ADDR_166
ImplicitCastExpr
<TEST_DIR>/noexcept.cpp
35
12
<end>
0
0
ADDR_123
0
0
0
<Id to Class Map>
ADDR_166
ImplicitCastExpr
<Top Level Types>
ADDR_097
<Visited Children>
ADDR_167
0
<DeclRefExprData>
ADDR_167
DeclRefExpr
<TEST_DIR>/noexcept.cpp
34
70
<end>
0
0
ADDR_097
1
0
0

0
ADDR_099
<Id to Class Map>
ADDR_167
DeclRefExpr
<Top Level Types>
ADDR_100
<Visited Children>
ADDR_168
1
ADDR_167
<ExprData>
ADDR_168
ImplicitCastExpr
<TEST_DIR>/noexcept.cpp
34
70
<end>
0
0
ADDR_100
0
0
0
<Id to Class Map>
ADDR_168
ImplicitCastExpr
<Top Level Types>
ADDR_105
<Visited Children>
ADDR_169
0
<DeclRefExprData>
ADDR_169
DeclRefExpr
<TEST_DIR>/noexcept.cpp
34
44
<end>
0
0
ADDR_105
1
0
0

0
ADDR_107
<Id to Class Map>
ADDR_169
DeclRefExpr
<Top Level Types>
ADDR_108
<Visited Children>
ADDR_170
1
ADDR_169
<ExprData>
ADDR_170
ImplicitCastExpr
<TEST_DIR>/noexcept.cpp
34
44
<end>
0
0
ADDR_108
0
0
0
<Id to Class Map>
ADDR_170
ImplicitCastExpr
<Top Level Types>
ADDR_120
<Visited Children>
ADDR_171
0
<DeclRefExprData>
ADDR_171
DeclRefExpr
<TEST_DIR>/noexcept.cpp
34
12
<end>
0
0
ADDR_120
1
0
0

0
ADDR_122
<Id to Class Map>
ADDR_171
DeclRefExpr
<Top Level Types>
ADDR_123
<Visited Children>
ADDR_172
1
ADDR_171
<ExprData>
ADDR_172
ImplicitCastExpr
<TEST_DIR>/noexcept.cpp
34
12
<end>
0
0
ADDR_123
0
0
0
<Id to Class Map>
ADDR_172
ImplicitCastExpr
<Top Level Types>
ADDR_097
<Visited Children>
ADDR_173
0
<DeclRefExprData>
ADDR_173
DeclRefExpr
<TEST_DIR>/noexcept.cpp
33
66
<end>
0
0
ADDR_097
1
0
0

0
ADDR_099
<Id to Class Map>
ADDR_173
DeclRefExpr
<Top Level Types>
ADDR_100
<Visited Children>
ADDR_174
1
ADDR_173
<ExprData>
ADDR_174
ImplicitCastExpr
<TEST_DIR>/noexcept.cpp
33
66
<end>
0
0
ADDR_100
0
0
0
<Id to Class Map>
ADDR_174
ImplicitCastExpr
<Top Level Types>
ADDR_105
<Visited Children>
ADDR_175
0
<DeclRefExprData>
ADDR_175
DeclRefExpr
<TEST_DIR>/noexcept.cpp
33
42
<end>
0
0
ADDR_105
1
0
0

0
ADDR_107
<Id to Class Map>
ADDR_175
DeclRefExpr
<Top Level Types>
ADDR_108
<Visited Children>
ADDR_176
1
ADDR_175
<ExprData>
ADDR_176
ImplicitCastExpr
<TEST_DIR>/noexcept.cpp
33
42
<end>
0
0
ADDR_108
0
0
0
<Id to Class Map>
ADDR_176
ImplicitCastExpr
<Top Level Types>
ADDR_120
<Visited Children>
ADDR_177
0
<DeclRefExprData>
ADDR_177
DeclRefExpr
<TEST_DIR>/noexcept.cpp
33
12
<end>
0
0
ADDR_120
1
0
0

0
ADDR_122
<Id to Class Map>
ADDR_177
DeclRefExpr
<Top Level Types>
ADDR_123
<Visited Children>
ADDR_178
1
ADDR_177
<ExprData>
ADDR_178
ImplicitCastExpr
<TEST_DIR>/noexcept.cpp
33
12
<end>
0
0
ADDR_123
0
0
0
<Id to Class Map>
ADDR_178
ImplicitCastExpr
<Top Level Types>
ADDR_097
<Visited Children>
ADDR_179
0
<DeclRefExprData>
ADDR_179
DeclRefExpr
<TEST_DIR>/noexcept.cpp
32
68
<end>
0
0
ADDR_097
1
0
0

0
ADDR_099
<Id to Class Map>
ADDR_179
DeclRefExpr
<Top Level Types>
ADDR_100
<Visited Children>
ADDR_180
1
ADDR_179
<ExprData>
ADDR_180
ImplicitCastExpr
<TEST_DIR>/noexcept.cpp
32
68
<end>
0
0
ADDR_100
0
0
0
<Id to Class Map>
ADDR_180
ImplicitCastExpr
<Top Level Types>
ADDR_105
<Visited Children>
ADDR_181
0
<DeclRefExprData>
ADDR_181
DeclRefExpr
<TEST_DIR>/noexcept.cpp
32
43
<end>
0
0
ADDR_105
1
0
0

0
ADDR_107
<Id to Class Map>
ADDR_181
DeclRefExpr
<Top Level Types>
ADDR_108
<Visited Children>
ADDR_182
1
ADDR_181
<ExprData>
ADDR_182
ImplicitCastExpr
<TEST_DIR>/noexcept.cpp
32
43
<end>
0
0
ADDR_108
0
0
0
<Id to Class Map>
ADDR_182
ImplicitCastExpr
<Top Level Types>
ADDR_120
<Visited Children>
ADDR_183
0
<DeclRefExprData>
ADDR_183
DeclRefExpr
<TEST_DIR>/noexcept.cpp
32
12
<end>
0
0
ADDR_120
1
0
0

0
ADDR_122
<Id to Class Map>
ADDR_183
DeclRefExpr
<Top Level Types>
ADDR_123
<Visited Children>
ADDR_184
1
ADDR_183
<ExprData>
ADDR_184
ImplicitCastExpr
<TEST_DIR>/noexcept.cpp
32
12
<end>
0
0
ADDR_123
0
0
0
<Id to Class Map>
ADDR_184
ImplicitCastExpr
<Visited Children>
ADDR_185
0
<TagTypeData>
ADDR_185
RecordType
std::ios_base
NONE
0
0
0
nullptr_type
ADDR_186
<Id to Class Map>
ADDR_185
RecordType
<Visited Children>
ADDR_187
0
<ElaboratedTypeData>
ADDR_187
ElaboratedType
ios_base
NONE
0
0
0
ADDR_185
None

ADDR_185
<Id to Class Map>
ADDR_187
ElaboratedType
<Visited Children>
ADDR_188
0
<ReferenceTypeData>
ADDR_188
LValueReferenceType
ios_base &
NONE
0
0
0
nullptr_type
ADDR_187
<Id to Class Map>
ADDR_188
LValueReferenceType
<Visited Children>
ADDR_189
0
<FunctionProtoTypeData>
ADDR_189
FunctionProtoType
ios_base &(ios_base &)
NONE
0
0
0
nullptr_type
0
0
0
0
0
0
0
C
ADDR_188
1
1
ADDR_188
0
0
None
None
0
<Id to Class Map>
ADDR_189
FunctionProtoType
<Visited Children>
ADDR_190
0
<TypeData>
ADDR_190
ParenType
ios_base &(ios_base &)
NONE
0
0
0
ADDR_189
<Id to Class Map>
ADDR_190
ParenType
<Visited Children>
ADDR_191
0
<PointerTypeData>
ADDR_191
PointerType
ios_base &(*)(ios_base &)
NONE
0
0
0
nullptr_type
ADDR_190
<Id to Class Map>
ADDR_191
PointerType
<Visited Children>
ADDR_192
0
<FunctionProtoTypeData>
ADDR_192
FunctionProtoType
ostream &(ios_base &(*)(ios_base &))
NONE
0
0
0
nullptr_type
0
0
0
0
0
0
0
C
ADDR_103
1
1
ADDR_191
0
0
None
None
0
<Id to Class Map>
ADDR_192
FunctionProtoType
<Top Level Types>
ADDR_192
<Visited Children>
ADDR_193
0
<DeclRefExprData>
ADDR_193
DeclRefExpr
<TEST_DIR>/noexcept.cpp
31
12
<end>
0
0
ADDR_192
1
0
0

0
ADDR_194
<Id to Class Map>
ADDR_193
DeclRefExpr
<Visited Children>
ADDR_195
0
<PointerTypeData>
ADDR_195
PointerType
ostream &(*)(ios_base &(*)(ios_base &))
NONE
0
0
0
nullptr_type
ADDR_192
<Id to Class Map>
ADDR_195
PointerType
<Top Level Types>
ADDR_195
<Visited Children>
ADDR_196
1
ADDR_193
<ExprData>
ADDR_196
ImplicitCastExpr
<TEST_DIR>/noexcept.cpp
31
12
<end>
0
0
ADDR_195
0
0
0
<Id to Class Map>
ADDR_196
ImplicitCastExpr
<Visited Children>
ADDR_197
0
<TemplateSpecializationTypeData>
ADDR_197
TemplateSpecializationType
basic_ostream<char>
NONE
0
0
0
ADDR_083
0
nullptr_type
basic_ostream
ADDR_198
1
Type
ADDR_085
<Id to Class Map>
ADDR_197
TemplateSpecializationType
<Visited Children>
ADDR_199
0
<ElaboratedTypeData>
ADDR_199
ElaboratedType
basic_ostream<char>
NONE
0
0
0
ADDR_197
None

ADDR_197
<Id to Class Map>
ADDR_199
ElaboratedType
<Visited Children>
ADDR_200
0
<TypedefTypeData>
ADDR_200
TypedefType
std::ostream
NONE
0
0
0
ADDR_199
ADDR_201
<Id to Class Map>
ADDR_200
TypedefType
<Visited Children>
ADDR_202
0
<ElaboratedTypeData>
ADDR_202
ElaboratedType
ostream
NONE
0
0
0
ADDR_200
None

ADDR_200
<Id to Class Map>
ADDR_202
ElaboratedType
<Top Level Types>
ADDR_202
<Visited Children>
ADDR_203
0
<DeclRefExprData>
ADDR_203
DeclRefExpr
<TEST_DIR>/noexcept.cpp
31
2
<TEST_DIR>/noexcept.cpp
31
7
0
0
ADDR_202
1
0
0
std::
0
ADDR_204
<Id to Class Map>
ADDR_203
DeclRefExpr
<Top Level Types>
ADDR_189
<Visited Children>
ADDR_205
0
<DeclRefExprData>
ADDR_205
DeclRefExpr
<TEST_DIR>/noexcept.cpp
31
15
<TEST_DIR>/noexcept.cpp
31
20
0
0
ADDR_189
1
0
0
std::
0
ADDR_206
<Id to Class Map>
ADDR_205
DeclRefExpr
<Visited Children>
ADDR_207
0
<PointerTypeData>
ADDR_207
PointerType
ios_base &(*)(ios_base &)
NONE
0
0
0
nullptr_type
ADDR_189
<Id to Class Map>
ADDR_207
PointerType
<Top Level Types>
ADDR_207
<Visited Children>
ADDR_208
1
ADDR_205
<ExprData>
ADDR_208
ImplicitCastExpr
<TEST_DIR>/noexcept.cpp
31
15
<TEST_DIR>/noexcept.cpp
31
20
0
0
ADDR_207
0
0
0
<Id to Class Map>
ADDR_208
ImplicitCastExpr
<Top Level Types>
ADDR_102
<Visited Children>
ADDR_209
3
ADDR_196
ADDR_203
ADDR_208
<CallExprData>
ADDR_209
CXXOperatorCallExpr
<TEST_DIR>/noexcept.cpp
31
2
<TEST_DIR>/noexcept.cpp
31
20
0
0
ADDR_102
1
0
0
ADDR_194
<Id to Class Map>
ADDR_209
CXXOperatorCallExpr
<Visited Children>
ADDR_210
0
<ConstantArrayTypeData>
ADDR_210
ConstantArrayType
const char[26]
NONE
0
0
0
nullptr_type
Normal
0
ADDR_118
26
<Id to Class Map>
ADDR_210
ConstantArrayType
<Top Level Types>
ADDR_210
<Visited Children>
ADDR_211
0
<StringLiteralData>
ADDR_211
StringLiteral
<TEST_DIR>/noexcept.cpp
32
15
<end>
0
0
ADDR_210
1
0
0
%CLAVA_SOURCE_BLOCK%
ORDINARY
25
1
25
73
115
32
109
97
121
95
116
104
114
111
119
40
41
32
110
111
101
120
99
101
112
116
63
32
<Id to Class Map>
ADDR_211
StringLiteral
<Top Level Types>
ADDR_119
<Visited Children>
ADDR_212
1
ADDR_211
<ExprData>
ADDR_212
ImplicitCastExpr
<TEST_DIR>/noexcept.cpp
32
15
<end>
0
0
ADDR_119
0
0
0
<Id to Class Map>
ADDR_212
ImplicitCastExpr
<Top Level Types>
ADDR_113
<Visited Children>
ADDR_213
3
ADDR_184
ADDR_209
ADDR_212
<CallExprData>
ADDR_213
CXXOperatorCallExpr
<TEST_DIR>/noexcept.cpp
31
2
<TEST_DIR>/noexcept.cpp
32
15
0
0
ADDR_113
1
0
0
ADDR_122
<Id to Class Map>
ADDR_213
CXXOperatorCallExpr
<Top Level Types>
ADDR_003
<Visited Children>
ADDR_214
0
<DeclRefExprData>
ADDR_214
DeclRefExpr
<TEST_DIR>/noexcept.cpp
32
55
<end>
0
0
ADDR_003
1
0
0

0
ADDR_004
<Id to Class Map>
ADDR_214
DeclRefExpr
<Visited Children>
ADDR_215
0
<PointerTypeData>
ADDR_215
PointerType
void (*)()
NONE
0
0
0
nullptr_type
ADDR_003
<Id to Class Map>
ADDR_215
PointerType
<Top Level Types>
ADDR_215
<Visited Children>
ADDR_216
1
ADDR_214
<ExprData>
ADDR_216
ImplicitCastExpr
<TEST_DIR>/noexcept.cpp
32
55
<end>
0
0
ADDR_215
0
0
0
<Id to Class Map>
ADDR_216
ImplicitCastExpr
<Top Level Types>
ADDR_002
<Visited Children>
ADDR_217
1
ADDR_216
<CallExprData>
ADDR_217
CallExpr
<TEST_DIR>/noexcept.cpp
32
55
<TEST_DIR>/noexcept.cpp
32
65
0
0
ADDR_002
0
0
0
ADDR_004
<Id to Class Map>
ADDR_217
CallExpr
<Top Level Types>
ADDR_104
<Visited Children>
ADDR_218
1
ADDR_217
<CXXNoexceptExprData>
ADDR_218
CXXNoexceptExpr
<TEST_DIR>/noexcept.cpp
32
46
<TEST_DIR>/noexcept.cpp
32
66
0
0
ADDR_104
0
0
0
0
<Id to Class Map>
ADDR_218
CXXNoexceptExpr
<Top Level Types>
ADDR_102
<Visited Children>
ADDR_219
3
ADDR_182
ADDR_213
ADDR_218
<CallExprData>
ADDR_219
CXXOperatorCallExpr
<TEST_DIR>/noexcept.cpp
31
2
<TEST_DIR>/noexcept.cpp
32
66
0
0
ADDR_102
1
0
0
ADDR_107
<Id to Class Map>
ADDR_219
CXXOperatorCallExpr
<Top Level Types>
ADDR_085
<Visited Children>
ADDR_220
0
<CharacterLiteralData>
ADDR_220
CharacterLiteral
<TEST_DIR>/noexcept.cpp
32
71
<end>
0
0
ADDR_085
0
0
0
%CLAVA_SOURCE_BLOCK%
10
ORDINARY
<Id to Class Map>
ADDR_220
CharacterLiteral
<Top Level Types>
ADDR_092
<Visited Children>
ADDR_221
3
ADDR_180
ADDR_219
ADDR_220
<CallExprData>
ADDR_221
CXXOperatorCallExpr
<TEST_DIR>/noexcept.cpp
31
2
<TEST_DIR>/noexcept.cpp
32
71
0
0
ADDR_092
1
0
0
ADDR_099
<Id to Class Map>
ADDR_221
CXXOperatorCallExpr
<Visited Children>
ADDR_222
0
<ConstantArrayTypeData>
ADDR_222
ConstantArrayType
const char[25]
NONE
0
0
0
nullptr_type
Normal
0
ADDR_118
25
<Id to Class Map>
ADDR_222
ConstantArrayType
<Top Level Types>
ADDR_222
<Visited Children>
ADDR_223
0
<StringLiteralData>
ADDR_223
StringLiteral
<TEST_DIR>/noexcept.cpp
33
15
<end>
0
0
ADDR_222
1
0
0
%CLAVA_SOURCE_BLOCK%
ORDINARY
24
1
24
73
115
32
110
111
95
116
104
114
111
119
40
41
32
110
111
101
120
99
101
112
116
63
32
<Id to Class Map>
ADDR_223
StringLiteral
<Top Level Types>
ADDR_119
<Visited Children>
ADDR_224
1
ADDR_223
<ExprData>
ADDR_224
ImplicitCastExpr
<TEST_DIR>/noexcept.cpp
33
15
<end>
0
0
ADDR_119
0
0
0
<Id to Class Map>
ADDR_224
ImplicitCastExpr
<Top Level Types>
ADDR_113
<Visited Children>
ADDR_225
3
ADDR_178
ADDR_221
ADDR_224
<CallExprData>
ADDR_225
CXXOperatorCallExpr
<TEST_DIR>/noexcept.cpp
31
2
<TEST_DIR>/noexcept.cpp
33
15
0
0
ADDR_113
1
0
0
ADDR_122
<Id to Class Map>
ADDR_225
CXXOperatorCallExpr
<Top Level Types>
ADDR_006
<Visited Children>
ADDR_226
0
<DeclRefExprData>
ADDR_226
DeclRefExpr
<TEST_DIR>/noexcept.cpp
33
54
<end>
0
0
ADDR_006
1
0
0

0
ADDR_007
<Id to Class Map>
ADDR_226
DeclRefExpr
<Visited Children>
ADDR_227
0
<PointerTypeData>
ADDR_227
PointerType
void (*)() noexcept
NONE
0
0
0
nullptr_type
ADDR_006
<Id to Class Map>
ADDR_227
PointerType
<Top Level Types>
ADDR_227
<Visited Children>
ADDR_228
1
ADDR_226
<ExprData>
ADDR_228
ImplicitCastExpr
<TEST_DIR>/noexcept.cpp
33
54
<end>
0
0
ADDR_227
0
0
0
<Id to Class Map>
ADDR_228
ImplicitCastExpr
<Top Level Types>
ADDR_002
<Visited Children>
ADDR_229
1
ADDR_228
<CallExprData>
ADDR_229
CallExpr
<TEST_DIR>/noexcept.cpp
33
54
<TEST_DIR>/noexcept.cpp
33
63
0
0
ADDR_002
0
0
0
ADDR_007
<Id to Class Map>
ADDR_229
CallExpr
<Top Level Types>
ADDR_104
<Visited Children>
ADDR_230
1
ADDR_229
<CXXNoexceptExprData>
ADDR_230
CXXNoexceptExpr
<TEST_DIR>/noexcept.cpp
33
45
<TEST_DIR>/noexcept.cpp
33
64
0
0
ADDR_104
0
0
0
1
<Id to Class Map>
ADDR_230
CXXNoexceptExpr
<Top Level Types>
ADDR_102
<Visited Children>
ADDR_231
3
ADDR_176
ADDR_225
ADDR_230
<CallExprData>
ADDR_231
CXXOperatorCallExpr
<TEST_DIR>/noexcept.cpp
31
2
<TEST_DIR>/noexcept.cpp
33
64
0
0
ADDR_102
1
0
0
ADDR_107
<Id to Class Map>
ADDR_231
CXXOperatorCallExpr
<Top Level Types>
ADDR_085
<Visited Children>
ADDR_232
0
<CharacterLiteralData>
ADDR_232
CharacterLiteral
<TEST_DIR>/noexcept.cpp
33
69
<end>
0
0
ADDR_085
0
0
0
%CLAVA_SOURCE_BLOCK%
10
ORDINARY
<Id to Class Map>
ADDR_232
CharacterLiteral
<Top Level Types>
ADDR_092
<Visited Children>
ADDR_233
3
ADDR_174
ADDR_231
ADDR_232
<CallExprData>
ADDR_233
CXXOperatorCallExpr
<TEST_DIR>/noexcept.cpp
31
2
<TEST_DIR>/noexcept.cpp
33
69
0
0
ADDR_092
1
0
0
ADDR_099
<Id to Class Map>
ADDR_233
CXXOperatorCallExpr
<Visited Children>
ADDR_234
0
<ConstantArrayTypeData>
ADDR_234
ConstantArrayType
const char[27]
NONE
0
0
0
nullptr_type
Normal
0
ADDR_118
27
<Id to Class Map>
ADDR_234
ConstantArrayType
<Top Level Types>
ADDR_234
<Visited Children>
ADDR_235
0
<StringLiteralData>
ADDR_235
StringLiteral
<TEST_DIR>/noexcept.cpp
34
15
<end>
0
0
ADDR_234
1
0
0
%CLAVA_SOURCE_BLOCK%
ORDINARY
26
1
26
73
115
32
108
109
97
121
95
116
104
114
111
119
40
41
32
110
111
101
120
99
101
112
116
63
32
<Id to Class Map>
ADDR_235
StringLiteral
<Top Level Types>
ADDR_119
<Visited Children>
ADDR_236
1
ADDR_235
<ExprData>
ADDR_236
ImplicitCastExpr
<TEST_DIR>/noexcept.cpp
34
15
<end>
0
0
ADDR_119
0
0
0
<Id to Class Map>
ADDR_236
ImplicitCastExpr
<Top Level Types>
ADDR_113
<Visited Children>
ADDR_237
3
ADDR_172
ADDR_233
ADDR_236
<CallExprData>
ADDR_237
CXXOperatorCallExpr
<TEST_DIR>/noexcept.cpp
31
2
<TEST_DIR>/noexcept.cpp
34
15
0
0
ADDR_113
1
0
0
ADDR_122
<Id to Class Map>
ADDR_237
CXXOperatorCallExpr
<Top Level Types>
ADDR_010
<Visited Children>
ADDR_238
0
<DeclRefExprData>
ADDR_238
DeclRefExpr
<TEST_DIR>/noexcept.cpp
34
66
<TEST_DIR>/noexcept.cpp
34
67
0
0
ADDR_010
1
0
0

0
ADDR_015
<Id to Class Map>
ADDR_238
DeclRefExpr
<Visited Children>
ADDR_239
0
<PointerTypeData>
ADDR_239
PointerType
auto (*)() const -> void
NONE
0
0
0
nullptr_type
ADDR_010
<Id to Class Map>
ADDR_239
PointerType
<Top Level Types>
ADDR_239
<Visited Children>
ADDR_240
1
ADDR_238
<ExprData>
ADDR_240
ImplicitCastExpr
<TEST_DIR>/noexcept.cpp
34
66
<TEST_DIR>/noexcept.cpp
34
67
0
0
ADDR_239
0
0
0
<Id to Class Map>
ADDR_240
ImplicitCastExpr
<Top Level Types>
ADDR_017
<Visited Children>
ADDR_241
0
<DeclRefExprData>
ADDR_241
DeclRefExpr
<TEST_DIR>/noexcept.cpp
34
56
<end>
0
0
ADDR_017
1
0
0

0
ADDR_019
<Id to Class Map>
ADDR_241
DeclRefExpr
<Top Level Types>
ADDR_012
<Visited Children>
ADDR_242
1
ADDR_241
<ExprData>
ADDR_242
ImplicitCastExpr
<TEST_DIR>/noexcept.cpp
34
56
<end>
0
0
ADDR_012
1
0
0
<Id to Class Map>
ADDR_242
ImplicitCastExpr
<Top Level Types>
ADDR_009
<Visited Children>
ADDR_243
2
ADDR_240
ADDR_242
<CallExprData>
ADDR_243
CXXOperatorCallExpr
<TEST_DIR>/noexcept.cpp
34
56
<TEST_DIR>/noexcept.cpp
34
67
0
0
ADDR_009
0
0
0
ADDR_015
<Id to Class Map>
ADDR_243
CXXOperatorCallExpr
<Top Level Types>
ADDR_104
<Visited Children>
ADDR_244
1
ADDR_243
<CXXNoexceptExprData>
ADDR_244
CXXNoexceptExpr
<TEST_DIR>/noexcept.cpp
34
47
<TEST_DIR>/noexcept.cpp
34
68
0
0
ADDR_104
0
0
0
0
<Id to Class Map>
ADDR_244
CXXNoexceptExpr
<Top Level Types>
ADDR_102
<Visited Children>
ADDR_245
3
ADDR_170
ADDR_237
ADDR_244
<CallExprData>
ADDR_245
CXXOperatorCallExpr
<TEST_DIR>/noexcept.cpp
31
2
<TEST_DIR>/noexcept.cpp
34
68
0
0
ADDR_102
1
0
0
ADDR_107
<Id to Class Map>
ADDR_245
CXXOperatorCallExpr
<Top Level Types>
ADDR_085
<Visited Children>
ADDR_246
0
<CharacterLiteralData>
ADDR_246
CharacterLiteral
<TEST_DIR>/noexcept.cpp
34
73
<end>
0
0
ADDR_085
0
0
0
%CLAVA_SOURCE_BLOCK%
10
ORDINARY
<Id to Class Map>
ADDR_246
CharacterLiteral
<Top Level Types>
ADDR_092
<Visited Children>
ADDR_247
3
ADDR_168
ADDR_245
ADDR_246
<CallExprData>
ADDR_247
CXXOperatorCallExpr
<TEST_DIR>/noexcept.cpp
31
2
<TEST_DIR>/noexcept.cpp
34
73
0
0
ADDR_092
1
0
0
ADDR_099
<Id to Class Map>
ADDR_247
CXXOperatorCallExpr
<Top Level Types>
ADDR_210
<Visited Children>
ADDR_248
0
<StringLiteralData>
ADDR_248
StringLiteral
<TEST_DIR>/noexcept.cpp
35
15
<end>
0
0
ADDR_210
1
0
0
%CLAVA_SOURCE_BLOCK%
ORDINARY
25
1
25
73
115
32
108
110
111
95
116
104
114
111
119
40
41
32
110
111
101
120
99
101
112
116
63
32
<Id to Class Map>
ADDR_248
StringLiteral
<Top Level Types>
ADDR_119
<Visited Children>
ADDR_249
1
ADDR_248
<ExprData>
ADDR_249
ImplicitCastExpr
<TEST_DIR>/noexcept.cpp
35
15
<end>
0
0
ADDR_119
0
0
0
<Id to Class Map>
ADDR_249
ImplicitCastExpr
<Top Level Types>
ADDR_113
<Visited Children>
ADDR_250
3
ADDR_166
ADDR_247
ADDR_249
<CallExprData>
ADDR_250
CXXOperatorCallExpr
<TEST_DIR>/noexcept.cpp
31
2
<TEST_DIR>/noexcept.cpp
35
15
0
0
ADDR_113
1
0
0
ADDR_122
<Id to Class Map>
ADDR_250
CXXOperatorCallExpr
<Top Level Types>
ADDR_021
<Visited Children>
ADDR_251
0
<DeclRefExprData>
ADDR_251
DeclRefExpr
<TEST_DIR>/noexcept.cpp
35
64
<TEST_DIR>/noexcept.cpp
35
65
0
0
ADDR_021
1
0
0

0
ADDR_026
<Id to Class Map>
ADDR_251
DeclRefExpr
<Visited Children>
ADDR_252
0
<PointerTypeData>
ADDR_252
PointerType
void (*)() const noexcept
NONE
0
0
0
nullptr_type
ADDR_021
<Id to Class Map>
ADDR_252
PointerType
<Top Level Types>
ADDR_252
<Visited Children>
ADDR_253
1
ADDR_251
<ExprData>
ADDR_253
ImplicitCastExpr
<TEST_DIR>/noexcept.cpp
35
64
<TEST_DIR>/noexcept.cpp
35
65
0
0
ADDR_252
0
0
0
<Id to Class Map>
ADDR_253
ImplicitCastExpr
<Top Level Types>
ADDR_028
<Visited Children>
ADDR_254
0
<DeclRefExprData>
ADDR_254
DeclRefExpr
<TEST_DIR>/noexcept.cpp
35
55
<end>
0
0
ADDR_028
1
0
0

0
ADDR_030
<Id to Class Map>
ADDR_254
DeclRefExpr
<Top Level Types>
ADDR_023
<Visited Children>
ADDR_255
1
ADDR_254
<ExprData>
ADDR_255
ImplicitCastExpr
<TEST_DIR>/noexcept.cpp
35
55
<end>
0
0
ADDR_023
1
0
0
<Id to Class Map>
ADDR_255
ImplicitCastExpr
<Top Level Types>
ADDR_009
<Visited Children>
ADDR_256
2
ADDR_253
ADDR_255
<CallExprData>
ADDR_256
CXXOperatorCallExpr
<TEST_DIR>/noexcept.cpp
35
55
<TEST_DIR>/noexcept.cpp
35
65
0
0
ADDR_009
0
0
0
ADDR_026
<Id to Class Map>
ADDR_256
CXXOperatorCallExpr
<Top Level Types>
ADDR_104
<Visited Children>
ADDR_257
1
ADDR_256
<CXXNoexceptExprData>
ADDR_257
CXXNoexceptExpr
<TEST_DIR>/noexcept.cpp
35
46
<TEST_DIR>/noexcept.cpp
35
66
0
0
ADDR_104
0
0
0
1
<Id to Class Map>
ADDR_257
CXXNoexceptExpr
<Top Level Types>
ADDR_102
<Visited Children>
ADDR_258
3
ADDR_164
ADDR_250
ADDR_257
<CallExprData>
ADDR_258
CXXOperatorCallExpr
<TEST_DIR>/noexcept.cpp
31
2
<TEST_DIR>/noexcept.cpp
35
66
0
0
ADDR_102
1
0
0
ADDR_107
<Id to Class Map>
ADDR_258
CXXOperatorCallExpr
<Top Level Types>
ADDR_085
<Visited Children>
ADDR_259
0
<CharacterLiteralData>
ADDR_259
CharacterLiteral
<TEST_DIR>/noexcept.cpp
35
71
<end>
0
0
ADDR_085
0
0
0
%CLAVA_SOURCE_BLOCK%
10
ORDINARY
<Id to Class Map>
ADDR_259
CharacterLiteral
<Top Level Types>
ADDR_092
<Visited Children>
ADDR_260
3
ADDR_162
ADDR_258
ADDR_259
<CallExprData>
ADDR_260
CXXOperatorCallExpr
<TEST_DIR>/noexcept.cpp
31
2
<TEST_DIR>/noexcept.cpp
35
71
0
0
ADDR_092
1
0
0
ADDR_099
<Id to Class Map>
ADDR_260
CXXOperatorCallExpr
<Visited Children>
ADDR_261
0
<ConstantArrayTypeData>
ADDR_261
ConstantArrayType
const char[19]
NONE
0
0
0
nullptr_type
Normal
0
ADDR_118
19
<Id to Class Map>
ADDR_261
ConstantArrayType
<Top Level Types>
ADDR_261
<Visited Children>
ADDR_262
0
<StringLiteralData>
ADDR_262
StringLiteral
<TEST_DIR>/noexcept.cpp
36
15
<end>
0
0
ADDR_261
1
0
0
%CLAVA_SOURCE_BLOCK%
ORDINARY
18
1
18
73
115
32
126
84
40
41
32
110
111
101
120
99
101
112
116
63
32
<Id to Class Map>
ADDR_262
StringLiteral
<Top Level Types>
ADDR_119
<Visited Children>
ADDR_263
1
ADDR_262
<ExprData>
ADDR_263
ImplicitCastExpr
<TEST_DIR>/noexcept.cpp
36
15
<end>
0
0
ADDR_119
0
0
0
<Id to Class Map>
ADDR_263
ImplicitCastExpr
<Top Level Types>
ADDR_113
<Visited Children>
ADDR_264
3
ADDR_160
ADDR_260
ADDR_263
<CallExprData>
ADDR_264
CXXOperatorCallExpr
<TEST_DIR>/noexcept.cpp
31
2
<TEST_DIR>/noexcept.cpp
36
15
0
0
ADDR_113
1
0
0
ADDR_122
<Id to Class Map>
ADDR_264
CXXOperatorCallExpr
<Visited Children>
ADDR_265
0
<SubstTemplateTypeParmTypeData>
ADDR_265
SubstTemplateTypeParmType
T
NONE
0
0
0
ADDR_032
ADDR_266
ADDR_032
<Id to Class Map>
ADDR_265
SubstTemplateTypeParmType
<Visited Children>
ADDR_267
0
<ReferenceTypeData>
ADDR_267
RValueReferenceType
T &&
NONE
0
0
0
nullptr_type
ADDR_265
<Id to Class Map>
ADDR_267
RValueReferenceType
<Visited Children>
ADDR_268
0
<DecltypeTypeData>
ADDR_268
DecltypeType
decltype(std::__declval<T>(0))
NONE
0
0
0
ADDR_267
1
ADDR_269
<Id to Class Map>
ADDR_268
DecltypeType
<Visited Children>
ADDR_270
0
<FunctionProtoTypeData>
ADDR_270
FunctionProtoType
decltype(std::__declval<T>(0)) () noexcept
NONE
0
0
0
nullptr_type
0
0
0
0
0
0
0
C
ADDR_268
0
0
0
0
None
BasicNoexcept
0
<Id to Class Map>
ADDR_270
FunctionProtoType
<Top Level Types>
ADDR_270
<Visited Children>
ADDR_271
0
<DeclRefExprData>
ADDR_271
DeclRefExpr
<TEST_DIR>/noexcept.cpp
36
48
<TEST_DIR>/noexcept.cpp
36
62
0
0
ADDR_270
1
0
0
std::
1
Type
ADDR_061
ADDR_272
<Id to Class Map>
ADDR_271
DeclRefExpr
<Visited Children>
ADDR_273
0
<PointerTypeData>
ADDR_273
PointerType
decltype(std::__declval<T>(0)) (*)() noexcept
NONE
0
0
0
nullptr_type
ADDR_270
<Id to Class Map>
ADDR_273
PointerType
<Top Level Types>
ADDR_273
<Visited Children>
ADDR_274
1
ADDR_271
<ExprData>
ADDR_274
ImplicitCastExpr
<TEST_DIR>/noexcept.cpp
36
48
<TEST_DIR>/noexcept.cpp
36
62
0
0
ADDR_273
0
0
0
<Id to Class Map>
ADDR_274
ImplicitCastExpr
<Top Level Types>
ADDR_265
<Visited Children>
ADDR_275
1
ADDR_274
<CallExprData>
ADDR_275
CallExpr
<TEST_DIR>/noexcept.cpp
36
48
<TEST_DIR>/noexcept.cpp
36
64
0
0
ADDR_265
2
0
0
ADDR_272
<Id to Class Map>
ADDR_275
CallExpr
<Visited Children>
ADDR_276
0
<BuiltinTypeData>
ADDR_276
BuiltinType
<bound member function type>
NONE
0
0
0
nullptr_type
BoundMember
<bound member function type>
<Id to Class Map>
ADDR_276
BuiltinType
<Top Level Types>
ADDR_276
<Visited Children>
ADDR_277
1
ADDR_275
<MemberExprData>
ADDR_277
MemberExpr
<TEST_DIR>/noexcept.cpp
36
48
<TEST_DIR>/noexcept.cpp
36
67
0
0
ADDR_276
0
0
0
0
~T
ADDR_037
ADDR_037
PUBLIC
<Id to Class Map>
ADDR_277
MemberExpr
<Top Level Types>
ADDR_002
<Visited Children>
ADDR_278
1
ADDR_277
<CXXMemberCallExprData>
ADDR_278
CXXMemberCallExpr
<TEST_DIR>/noexcept.cpp
36
48
<TEST_DIR>/noexcept.cpp
36
69
0
0
ADDR_002
0
0
0
ADDR_037
ADDR_037
<Id to Class Map>
ADDR_278
CXXMemberCallExpr
<Top Level Types>
ADDR_104
<Visited Children>
ADDR_279
1
ADDR_278
<CXXNoexceptExprData>
ADDR_279
CXXNoexceptExpr
<TEST_DIR>/noexcept.cpp
36
39
<TEST_DIR>/noexcept.cpp
36
70
0
0
ADDR_104
0
0
0
1
<Id to Class Map>
ADDR_279
CXXNoexceptExpr
<Top Level Types>
ADDR_102
<Visited Children>
ADDR_280
3
ADDR_158
ADDR_264
ADDR_279
<CallExprData>
ADDR_280
CXXOperatorCallExpr
<TEST_DIR>/noexcept.cpp
31
2
<TEST_DIR>/noexcept.cpp
36
70
0
0
ADDR_102
1
0
0
ADDR_107
<Id to Class Map>
ADDR_280
CXXOperatorCallExpr
<Top Level Types>
ADDR_085
<Visited Children>
ADDR_281
0
<CharacterLiteralData>
ADDR_281
CharacterLiteral
<TEST_DIR>/noexcept.cpp
36
75
<end>
0
0
ADDR_085
0
0
0
%CLAVA_SOURCE_BLOCK%
10
ORDINARY
<Id to Class Map>
ADDR_281
CharacterLiteral
<Top Level Types>
ADDR_092
<Visited Children>
ADDR_282
3
ADDR_156
ADDR_280
ADDR_281
<CallExprData>
ADDR_282
CXXOperatorCallExpr
<TEST_DIR>/noexcept.cpp
31
2
<TEST_DIR>/noexcept.cpp
36
75
0
0
ADDR_092
1
0
0
ADDR_099
<Id to Class Map>
ADDR_282
CXXOperatorCallExpr
<Top Level Types>
ADDR_210
<Visited Children>
ADDR_283
0
<StringLiteralData>
ADDR_283
StringLiteral
<TEST_DIR>/noexcept.cpp
39
15
<end>
0
0
ADDR_210
1
0
0
%CLAVA_SOURCE_BLOCK%
ORDINARY
25
1
25
73
115
32
84
40
114
118
97
108
117
101
32
84
41
32
110
111
101
120
99
101
112
116
63
32
<Id to Class Map>
ADDR_283
StringLiteral
<Top Level Types>
ADDR_119
<Visited Children>
ADDR_284
1
ADDR_283
<ExprData>
ADDR_284
ImplicitCastExpr
<TEST_DIR>/noexcept.cpp
39
15
<end>
0
0
ADDR_119
0
0
0
<Id to Class Map>
ADDR_284
ImplicitCastExpr
<Top Level Types>
ADDR_113
<Visited Children>
ADDR_285
3
ADDR_154
ADDR_282
ADDR_284
<CallExprData>
ADDR_285
CXXOperatorCallExpr
<TEST_DIR>/noexcept.cpp
31
2
<TEST_DIR>/noexcept.cpp
39
15
0
0
ADDR_113
1
0
0
ADDR_122
<Id to Class Map>
ADDR_285
CXXOperatorCallExpr
<Top Level Types>
ADDR_270
<Visited Children>
ADDR_286
0
<DeclRefExprData>
ADDR_286
DeclRefExpr
<TEST_DIR>/noexcept.cpp
39
57
<TEST_DIR>/noexcept.cpp
39
71
0
0
ADDR_270
1
0
0
std::
1
Type
ADDR_061
ADDR_272
<Id to Class Map>
ADDR_286
DeclRefExpr
<Top Level Types>
ADDR_273
<Visited Children>
ADDR_287
1
ADDR_286
<ExprData>
ADDR_287
ImplicitCastExpr
<TEST_DIR>/noexcept.cpp
39
57
<TEST_DIR>/noexcept.cpp
39
71
0
0
ADDR_273
0
0
0
<Id to Class Map>
ADDR_287
ImplicitCastExpr
<Top Level Types>
ADDR_265
<Visited Children>
ADDR_288
1
ADDR_287
<CallExprData>
ADDR_288
CallExpr
<TEST_DIR>/noexcept.cpp
39
57
<TEST_DIR>/noexcept.cpp
39
73
0
0
ADDR_265
2
0
0
ADDR_272
<Id to Class Map>
ADDR_288
CallExpr
<Visited Children>
ADDR_289
0
<QualTypeData>
ADDR_289
QualType
const T
NONE
0
0
0
nullptr_type
1
CONST
NONE
0
ADDR_032
<Id to Class Map>
ADDR_289
QualType
<Visited Children>
ADDR_290
0
<QualTypeData>
ADDR_290
QualType
const T
NONE
0
0
0
ADDR_032
1
CONST
NONE
0
ADDR_265
<Id to Class Map>
ADDR_290
QualType
<Top Level Types>
ADDR_290
<Visited Children>
ADDR_291
1
ADDR_288
<ExprData>
ADDR_291
ImplicitCastExpr
<TEST_DIR>/noexcept.cpp
39
57
<TEST_DIR>/noexcept.cpp
39
73
0
0
ADDR_290
2
0
0
<Id to Class Map>
ADDR_291
ImplicitCastExpr
<Top Level Types>
ADDR_061
<Visited Children>
ADDR_292
0
<QualTypeData>
ADDR_292
QualType
const T
NONE
0
0
0
ADDR_032
1
CONST
NONE
0
ADDR_061
<Id to Class Map>
ADDR_292
QualType
<Visited Children>
ADDR_293
0
<ReferenceTypeData>
ADDR_293
LValueReferenceType
const T &
NONE
0
0
0
nullptr_type
ADDR_292
<Id to Class Map>
ADDR_293
LValueReferenceType
<Visited Children>
ADDR_294
0
<FunctionProtoTypeData>
ADDR_294
FunctionProtoType
void (const T &) noexcept
NONE
0
0
0
nullptr_type
0
0
0
0
0
0
0
C
ADDR_002
1
1
ADDR_293
0
0
None
BasicNoexcept
0
<Id to Class Map>
ADDR_294
FunctionProtoType
<Top Level Types>
ADDR_294
<Top Level Types>
ADDR_293
<Visited Children>
ADDR_295
0
<ParmVarDeclData>
ADDR_295
ParmVarDecl
<TEST_DIR>/noexcept.cpp
9
7
<end>
0
0
0
0
0
0
0
0


0
0
0
None
Default
ADDR_293
0
None
NONE
0
CINIT
0
0
0
0
0
<Id to Class Map>
ADDR_295
ParmVarDecl
<Visited Children>
ADDR_296
1
ADDR_295
<CXXConstructorDeclData>
ADDR_296
CXXConstructorDecl
<TEST_DIR>/noexcept.cpp
9
7
<end>
0
0
1
0
1
0
0
0
T
T
3
1
1
External
Default
ADDR_294
0
1
0
None
1
0
0
0
0
nullptr_decl
ADDR_296
nullptr_decl
0
ADDR_033
0
0
1
0
0
0
0
0
ADDR_036
ADDR_032
0
0
0
0
0
ResolvedFalse
nullptr_expr
0
<Id to Class Map>
ADDR_296
CXXConstructorDecl
<Visited Children>
ADDR_297
1
ADDR_291
<CXXConstructExprData>
ADDR_297
CXXConstructExpr
<TEST_DIR>/noexcept.cpp
39
55
<TEST_DIR>/noexcept.cpp
39
74
0
0
ADDR_061
0
0
0
0
0
0
0
Complete
1
ADDR_296
<Id to Class Map>
ADDR_297
CXXConstructExpr
<Top Level Types>
ADDR_061
<Visited Children>
ADDR_298
1
ADDR_297
<ExprData>
ADDR_298
CXXBindTemporaryExpr
<TEST_DIR>/noexcept.cpp
39
55
<TEST_DIR>/noexcept.cpp
39
74
0
0
ADDR_061
0
0
0
<Id to Class Map>
ADDR_298
CXXBindTemporaryExpr
<Top Level Types>
ADDR_061
<Visited Children>
ADDR_299
1
ADDR_298
<CastExprData>
ADDR_299
CXXFunctionalCastExpr
<TEST_DIR>/noexcept.cpp
39
55
<TEST_DIR>/noexcept.cpp
39
74
0
0
ADDR_061
0
0
0
ConstructorConversion
<Id to Class Map>
ADDR_299
CXXFunctionalCastExpr
<Top Level Types>
ADDR_104
<Visited Children>
ADDR_300
1
ADDR_299
<CXXNoexceptExprData>
ADDR_300
CXXNoexceptExpr
<TEST_DIR>/noexcept.cpp
39
46
<TEST_DIR>/noexcept.cpp
39
75
0
0
ADDR_104
0
0
0
1
<Id to Class Map>
ADDR_300
CXXNoexceptExpr
<Top Level Types>
ADDR_102
<Visited Children>
ADDR_301
3
ADDR_152
ADDR_285
ADDR_300
<CallExprData>
ADDR_301
CXXOperatorCallExpr
<TEST_DIR>/noexcept.cpp
31
2
<TEST_DIR>/noexcept.cpp
39
75
0
0
ADDR_102
1
0
0
ADDR_107
<Id to Class Map>
ADDR_301
CXXOperatorCallExpr
<Top Level Types>
ADDR_085
<Visited Children>
ADDR_302
0
<CharacterLiteralData>
ADDR_302
CharacterLiteral
<TEST_DIR>/noexcept.cpp
39
80
<end>
0
0
ADDR_085
0
0
0
%CLAVA_SOURCE_BLOCK%
10
ORDINARY
<Id to Class Map>
ADDR_302
CharacterLiteral
<Top Level Types>
ADDR_092
<Visited Children>
ADDR_303
3
ADDR_150
ADDR_301
ADDR_302
<CallExprData>
ADDR_303
CXXOperatorCallExpr
<TEST_DIR>/noexcept.cpp
31
2
<TEST_DIR>/noexcept.cpp
39
80
0
0
ADDR_092
1
0
0
ADDR_099
<Id to Class Map>
ADDR_303
CXXOperatorCallExpr
<Top Level Types>
ADDR_210
<Visited Children>
ADDR_304
0
<StringLiteralData>
ADDR_304
StringLiteral
<TEST_DIR>/noexcept.cpp
40
15
<end>
0
0
ADDR_210
1
0
0
%CLAVA_SOURCE_BLOCK%
ORDINARY
25
1
25
73
115
32
84
40
108
118
97
108
117
101
32
84
41
32
110
111
101
120
99
101
112
116
63
32
<Id to Class Map>
ADDR_304
StringLiteral
<Top Level Types>
ADDR_119
<Visited Children>
ADDR_305
1
ADDR_304
<ExprData>
ADDR_305
ImplicitCastExpr
<TEST_DIR>/noexcept.cpp
40
15
<end>
0
0
ADDR_119
0
0
0
<Id to Class Map>
ADDR_305
ImplicitCastExpr
<Top Level Types>
ADDR_113
<Visited Children>
ADDR_306
3
ADDR_148
ADDR_303
ADDR_305
<CallExprData>
ADDR_306
CXXOperatorCallExpr
<TEST_DIR>/noexcept.cpp
31
2
<TEST_DIR>/noexcept.cpp
40
15
0
0
ADDR_113
1
0
0
ADDR_122
<Id to Class Map>
ADDR_306
CXXOperatorCallExpr
<Top Level Types>
ADDR_061
<Visited Children>
ADDR_307
0
<DeclRefExprData>
ADDR_307
DeclRefExpr
<TEST_DIR>/noexcept.cpp
40
57
<end>
0
0
ADDR_061
1
0
0

0
ADDR_065
<Id to Class Map>
ADDR_307
DeclRefExpr
<Top Level Types>
ADDR_292
<Visited Children>
ADDR_308
1
ADDR_307
<ExprData>
ADDR_308
ImplicitCastExpr
<TEST_DIR>/noexcept.cpp
40
57
<end>
0
0
ADDR_292
1
0
0
<Id to Class Map>
ADDR_308
ImplicitCastExpr
<Top Level Types>
ADDR_061
<Visited Children>
ADDR_309
1
ADDR_308
<CXXConstructExprData>
ADDR_309
CXXConstructExpr
<TEST_DIR>/noexcept.cpp
40
55
<TEST_DIR>/noexcept.cpp
40
58
0
0
ADDR_061
0
0
0
0
0
0
0
Complete
1
ADDR_296
<Id to Class Map>
ADDR_309
CXXConstructExpr
<Top Level Types>
ADDR_061
<Visited Children>
ADDR_310
1
ADDR_309
<ExprData>
ADDR_310
CXXBindTemporaryExpr
<TEST_DIR>/noexcept.cpp
40
55
<TEST_DIR>/noexcept.cpp
40
58
0
0
ADDR_061
0
0
0
<Id to Class Map>
ADDR_310
CXXBindTemporaryExpr
<Top Level Types>
ADDR_061
<Visited Children>
ADDR_311
1
ADDR_310
<CastExprData>
ADDR_311
CXXFunctionalCastExpr
<TEST_DIR>/noexcept.cpp
40
55
<TEST_DIR>/noexcept.cpp
40
58
0
0
ADDR_061
0
0
0
ConstructorConversion
<Id to Class Map>
ADDR_311
CXXFunctionalCastExpr
<Top Level Types>
ADDR_104
<Visited Children>
ADDR_312
1
ADDR_311
<CXXNoexceptExprData>
ADDR_312
CXXNoexceptExpr
<TEST_DIR>/noexcept.cpp
40
46
<TEST_DIR>/noexcept.cpp
40
59
0
0
ADDR_104
0
0
0
1
<Id to Class Map>
ADDR_312
CXXNoexceptExpr
<Top Level Types>
ADDR_102
<Visited Children>
ADDR_313
3
ADDR_146
ADDR_306
ADDR_312
<CallExprData>
ADDR_313
CXXOperatorCallExpr
<TEST_DIR>/noexcept.cpp
31
2
<TEST_DIR>/noexcept.cpp
40
59
0
0
ADDR_102
1
0
0
ADDR_107
<Id to Class Map>
ADDR_313
CXXOperatorCallExpr
<Top Level Types>
ADDR_085
<Visited Children>
ADDR_314
0
<CharacterLiteralData>
ADDR_314
CharacterLiteral
<TEST_DIR>/noexcept.cpp
40
64
<end>
0
0
ADDR_085
0
0
0
%CLAVA_SOURCE_BLOCK%
10
ORDINARY
<Id to Class Map>
ADDR_314
CharacterLiteral
<Top Level Types>
ADDR_092
<Visited Children>
ADDR_315
3
ADDR_144
ADDR_313
ADDR_314
<CallExprData>
ADDR_315
CXXOperatorCallExpr
<TEST_DIR>/noexcept.cpp
31
2
<TEST_DIR>/noexcept.cpp
40
64
0
0
ADDR_092
1
0
0
ADDR_099
<Id to Class Map>
ADDR_315
CXXOperatorCallExpr
<Top Level Types>
ADDR_210
<Visited Children>
ADDR_316
0
<StringLiteralData>
ADDR_316
StringLiteral
<TEST_DIR>/noexcept.cpp
41
15
<end>
0
0
ADDR_210
1
0
0
%CLAVA_SOURCE_BLOCK%
ORDINARY
25
1
25
73
115
32
85
40
114
118
97
108
117
101
32
85
41
32
110
111
101
120
99
101
112
116
63
32
<Id to Class Map>
ADDR_316
StringLiteral
<Top Level Types>
ADDR_119
<Visited Children>
ADDR_317
1
ADDR_316
<ExprData>
ADDR_317
ImplicitCastExpr
<TEST_DIR>/noexcept.cpp
41
15
<end>
0
0
ADDR_119
0
0
0
<Id to Class Map>
ADDR_317
ImplicitCastExpr
<Top Level Types>
ADDR_113
<Visited Children>
ADDR_318
3
ADDR_142
ADDR_315
ADDR_317
<CallExprData>
ADDR_318
CXXOperatorCallExpr
<TEST_DIR>/noexcept.cpp
31
2
<TEST_DIR>/noexcept.cpp
41
15
0
0
ADDR_113
1
0
0
ADDR_122
<Id to Class Map>
ADDR_318
CXXOperatorCallExpr
<Visited Children>
ADDR_319
0
<SubstTemplateTypeParmTypeData>
ADDR_319
SubstTemplateTypeParmType
U
NONE
0
0
0
ADDR_039
ADDR_266
ADDR_039
<Id to Class Map>
ADDR_319
SubstTemplateTypeParmType
<Visited Children>
ADDR_320
0
<ReferenceTypeData>
ADDR_320
RValueReferenceType
U &&
NONE
0
0
0
nullptr_type
ADDR_319
<Id to Class Map>
ADDR_320
RValueReferenceType
<Visited Children>
ADDR_321
0
<DecltypeTypeData>
ADDR_321
DecltypeType
decltype(std::__declval<U>(0))
NONE
0
0
0
ADDR_320
1
ADDR_322
<Id to Class Map>
ADDR_321
DecltypeType
<Visited Children>
ADDR_323
0
<FunctionProtoTypeData>
ADDR_323
FunctionProtoType
decltype(std::__declval<U>(0)) () noexcept
NONE
0
0
0
nullptr_type
0
0
0
0
0
0
0
C
ADDR_321
0
0
0
0
None
BasicNoexcept
0
<Id to Class Map>
ADDR_323
FunctionProtoType
<Top Level Types>
ADDR_323
<Visited Children>
ADDR_324
0
<DeclRefExprData>
ADDR_324
DeclRefExpr
<TEST_DIR>/noexcept.cpp
41
57
<TEST_DIR>/noexcept.cpp
41
71
0
0
ADDR_323
1
0
0
std::
1
Type
ADDR_067
ADDR_325
<Id to Class Map>
ADDR_324
DeclRefExpr
<Visited Children>
ADDR_326
0
<PointerTypeData>
ADDR_326
PointerType
decltype(std::__declval<U>(0)) (*)() noexcept
NONE
0
0
0
nullptr_type
ADDR_323
<Id to Class Map>
ADDR_326
PointerType
<Top Level Types>
ADDR_326
<Visited Children>
ADDR_327
1
ADDR_324
<ExprData>
ADDR_327
ImplicitCastExpr
<TEST_DIR>/noexcept.cpp
41
57
<TEST_DIR>/noexcept.cpp
41
71
0
0
ADDR_326
0
0
0
<Id to Class Map>
ADDR_327
ImplicitCastExpr
<Top Level Types>
ADDR_319
<Visited Children>
ADDR_328
1
ADDR_327
<CallExprData>
ADDR_328
CallExpr
<TEST_DIR>/noexcept.cpp
41
57
<TEST_DIR>/noexcept.cpp
41
73
0
0
ADDR_319
2
0
0
ADDR_325
<Id to Class Map>
ADDR_328
CallExpr
<Visited Children>
ADDR_329
0
<QualTypeData>
ADDR_329
QualType
const U
NONE
0
0
0
nullptr_type
1
CONST
NONE
0
ADDR_039
<Id to Class Map>
ADDR_329
QualType
<Visited Children>
ADDR_330
0
<QualTypeData>
ADDR_330
QualType
const U
NONE
0
0
0
ADDR_039
1
CONST
NONE
0
ADDR_319
<Id to Class Map>
ADDR_330
QualType
<Top Level Types>
ADDR_330
<Visited Children>
ADDR_331
1
ADDR_328
<ExprData>
ADDR_331
ImplicitCastExpr
<TEST_DIR>/noexcept.cpp
41
57
<TEST_DIR>/noexcept.cpp
41
73
0
0
ADDR_330
2
0
0
<Id to Class Map>
ADDR_331
ImplicitCastExpr
<Top Level Types>
ADDR_067
<Visited Children>
ADDR_332
0
<QualTypeData>
ADDR_332
QualType
const U
NONE
0
0
0
ADDR_039
1
CONST
NONE
0
ADDR_067
<Id to Class Map>
ADDR_332
QualType
<Visited Children>
ADDR_333
0
<ReferenceTypeData>
ADDR_333
LValueReferenceType
const U &
NONE
0
0
0
nullptr_type
ADDR_332
<Id to Class Map>
ADDR_333
LValueReferenceType
<Top Level Types>
ADDR_104
<Visited Children>
ADDR_334
0
<CXXBoolLiteralExprData>
ADDR_334
CXXBoolLiteralExpr
<invalid>
0
0
ADDR_104
0
0
0
%CLAVA_SOURCE_BLOCK%
0
<Id to Class Map>
ADDR_334
CXXBoolLiteralExpr
<Visited Children>
ADDR_335
0
<FunctionProtoTypeData>
ADDR_335
FunctionProtoType
void (const U &) noexcept(false)
NONE
0
0
0
nullptr_type
0
0
0
0
0
0
0
C
ADDR_002
1
1
ADDR_333
0
0
None
NoexceptFalse
0
<Id to Class Map>
ADDR_335
FunctionProtoType
<Top Level Types>
ADDR_335
<Top Level Types>
ADDR_333
<Visited Children>
ADDR_336
0
<ParmVarDeclData>
ADDR_336
ParmVarDecl
<TEST_DIR>/noexcept.cpp
14
7
<end>
0
0
0
0
0
0
0
0


0
0
0
None
Default
ADDR_333
0
None
NONE
0
CINIT
0
0
0
0
0
<Id to Class Map>
ADDR_336
ParmVarDecl
<Visited Children>
ADDR_337
1
ADDR_336
<CXXConstructorDeclData>
ADDR_337
CXXConstructorDecl
<TEST_DIR>/noexcept.cpp
14
7
<end>
0
0
1
0
1
0
0
0
U
U
3
1
1
External
Default
ADDR_335
0
0
0
None
1
0
0
0
0
nullptr_decl
ADDR_337
nullptr_decl
0
ADDR_040
0
0
1
0
0
0
0
0
ADDR_043
ADDR_039
0
0
0
0
0
ResolvedFalse
nullptr_expr
0
<Id to Class Map>
ADDR_337
CXXConstructorDecl
<Visited Children>
ADDR_338
1
ADDR_331
<CXXConstructExprData>
ADDR_338
CXXConstructExpr
<TEST_DIR>/noexcept.cpp
41
55
<TEST_DIR>/noexcept.cpp
41
74
0
0
ADDR_067
0
0
0
0
0
0
0
Complete
1
ADDR_337
<Id to Class Map>
ADDR_338
CXXConstructExpr
<Top Level Types>
ADDR_067
<Visited Children>
ADDR_339
1
ADDR_338
<ExprData>
ADDR_339
CXXBindTemporaryExpr
<TEST_DIR>/noexcept.cpp
41
55
<TEST_DIR>/noexcept.cpp
41
74
0
0
ADDR_067
0
0
0
<Id to Class Map>
ADDR_339
CXXBindTemporaryExpr
<Top Level Types>
ADDR_067
<Visited Children>
ADDR_340
1
ADDR_339
<CastExprData>
ADDR_340
CXXFunctionalCastExpr
<TEST_DIR>/noexcept.cpp
41
55
<TEST_DIR>/noexcept.cpp
41
74
0
0
ADDR_067
0
0
0
ConstructorConversion
<Id to Class Map>
ADDR_340
CXXFunctionalCastExpr
<Top Level Types>
ADDR_104
<Visited Children>
ADDR_341
1
ADDR_340
<CXXNoexceptExprData>
ADDR_341
CXXNoexceptExpr
<TEST_DIR>/noexcept.cpp
41
46
<TEST_DIR>/noexcept.cpp
41
75
0
0
ADDR_104
0
0
0
0
<Id to Class Map>
ADDR_341
CXXNoexceptExpr
<Top Level Types>
ADDR_102
<Visited Children>
ADDR_342
3
ADDR_140
ADDR_318
ADDR_341
<CallExprData>
ADDR_342
CXXOperatorCallExpr
<TEST_DIR>/noexcept.cpp
31
2
<TEST_DIR>/noexcept.cpp
41
75
0
0
ADDR_102
1
0
0
ADDR_107
<Id to Class Map>
ADDR_342
CXXOperatorCallExpr
<Top Level Types>
ADDR_085
<Visited Children>
ADDR_343
0
<CharacterLiteralData>
ADDR_343
CharacterLiteral
<TEST_DIR>/noexcept.cpp
41
80
<end>
0
0
ADDR_085
0
0
0
%CLAVA_SOURCE_BLOCK%
10
ORDINARY
<Id to Class Map>
ADDR_343
CharacterLiteral
<Top Level Types>
ADDR_092
<Visited Children>
ADDR_344
3
ADDR_138
ADDR_342
ADDR_343
<CallExprData>
ADDR_344
CXXOperatorCallExpr
<TEST_DIR>/noexcept.cpp
31
2
<TEST_DIR>/noexcept.cpp
41
80
0
0
ADDR_092
1
0
0
ADDR_099
<Id to Class Map>
ADDR_344
CXXOperatorCallExpr
<Top Level Types>
ADDR_210
<Visited Children>
ADDR_345
0
<StringLiteralData>
ADDR_345
StringLiteral
<TEST_DIR>/noexcept.cpp
42
15
<end>
0
0
ADDR_210
1
0
0
%CLAVA_SOURCE_BLOCK%
ORDINARY
25
1
25
73
115
32
85
40
108
118
97
108
117
101
32
85
41
32
110
111
101
120
99
101
112
116
63
32
<Id to Class Map>
ADDR_345
StringLiteral
<Top Level Types>
ADDR_119
<Visited Children>
ADDR_346
1
ADDR_345
<ExprData>
ADDR_346
ImplicitCastExpr
<TEST_DIR>/noexcept.cpp
42
15
<end>
0
0
ADDR_119
0
0
0
<Id to Class Map>
ADDR_346
ImplicitCastExpr
<Top Level Types>
ADDR_113
<Visited Children>
ADDR_347
3
ADDR_136
ADDR_344
ADDR_346
<CallExprData>
ADDR_347
CXXOperatorCallExpr
<TEST_DIR>/noexcept.cpp
31
2
<TEST_DIR>/noexcept.cpp
42
15
0
0
ADDR_113
1
0
0
ADDR_122
<Id to Class Map>
ADDR_347
CXXOperatorCallExpr
<Top Level Types>
ADDR_067
<Visited Children>
ADDR_348
0
<DeclRefExprData>
ADDR_348
DeclRefExpr
<TEST_DIR>/noexcept.cpp
42
57
<end>
0
0
ADDR_067
1
0
0

0
ADDR_073
<Id to Class Map>
ADDR_348
DeclRefExpr
<Top Level Types>
ADDR_332
<Visited Children>
ADDR_349
1
ADDR_348
<ExprData>
ADDR_349
ImplicitCastExpr
<TEST_DIR>/noexcept.cpp
42
57
<end>
0
0
ADDR_332
1
0
0
<Id to Class Map>
ADDR_349
ImplicitCastExpr
<Top Level Types>
ADDR_067
<Visited Children>
ADDR_350
1
ADDR_349
<CXXConstructExprData>
ADDR_350
CXXConstructExpr
<TEST_DIR>/noexcept.cpp
42
55
<TEST_DIR>/noexcept.cpp
42
58
0
0
ADDR_067
0
0
0
0
0
0
0
Complete
1
ADDR_337
<Id to Class Map>
ADDR_350
CXXConstructExpr
<Top Level Types>
ADDR_067
<Visited Children>
ADDR_351
1
ADDR_350
<ExprData>
ADDR_351
CXXBindTemporaryExpr
<TEST_DIR>/noexcept.cpp
42
55
<TEST_DIR>/noexcept.cpp
42
58
0
0
ADDR_067
0
0
0
<Id to Class Map>
ADDR_351
CXXBindTemporaryExpr
<Top Level Types>
ADDR_067
<Visited Children>
ADDR_352
1
ADDR_351
<CastExprData>
ADDR_352
CXXFunctionalCastExpr
<TEST_DIR>/noexcept.cpp
42
55
<TEST_DIR>/noexcept.cpp
42
58
0
0
ADDR_067
0
0
0
ConstructorConversion
<Id to Class Map>
ADDR_352
CXXFunctionalCastExpr
<Top Level Types>
ADDR_104
<Visited Children>
ADDR_353
1
ADDR_352
<CXXNoexceptExprData>
ADDR_353
CXXNoexceptExpr
<TEST_DIR>/noexcept.cpp
42
46
<TEST_DIR>/noexcept.cpp
42
59
0
0
ADDR_104
0
0
0
0
<Id to Class Map>
ADDR_353
CXXNoexceptExpr
<Top Level Types>
ADDR_102
<Visited Children>
ADDR_354
3
ADDR_134
ADDR_347
ADDR_353
<CallExprData>
ADDR_354
CXXOperatorCallExpr
<TEST_DIR>/noexcept.cpp
31
2
<TEST_DIR>/noexcept.cpp
42
59
0
0
ADDR_102
1
0
0
ADDR_107
<Id to Class Map>
ADDR_354
CXXOperatorCallExpr
<Top Level Types>
ADDR_085
<Visited Children>
ADDR_355
0
<CharacterLiteralData>
ADDR_355
CharacterLiteral
<TEST_DIR>/noexcept.cpp
42
64
<end>
0
0
ADDR_085
0
0
0
%CLAVA_SOURCE_BLOCK%
10
ORDINARY
<Id to Class Map>
ADDR_355
CharacterLiteral
<Top Level Types>
ADDR_092
<Visited Children>
ADDR_356
3
ADDR_132
ADDR_354
ADDR_355
<CallExprData>
ADDR_356
CXXOperatorCallExpr
<TEST_DIR>/noexcept.cpp
31
2
<TEST_DIR>/noexcept.cpp
42
64
0
0
ADDR_092
1
0
0
ADDR_099
<Id to Class Map>
ADDR_356
CXXOperatorCallExpr
<Top Level Types>
ADDR_210
<Visited Children>
ADDR_357
0
<StringLiteralData>
ADDR_357
StringLiteral
<TEST_DIR>/noexcept.cpp
43
15
<end>
0
0
ADDR_210
1
0
0
%CLAVA_SOURCE_BLOCK%
ORDINARY
25
1
25
73
115
32
86
40
114
118
97
108
117
101
32
86
41
32
110
111
101
120
99
101
112
116
63
32
<Id to Class Map>
ADDR_357
StringLiteral
<Top Level Types>
ADDR_119
<Visited Children>
ADDR_358
1
ADDR_357
<ExprData>
ADDR_358
ImplicitCastExpr
<TEST_DIR>/noexcept.cpp
43
15
<end>
0
0
ADDR_119
0
0
0
<Id to Class Map>
ADDR_358
ImplicitCastExpr
<Top Level Types>
ADDR_113
<Visited Children>
ADDR_359
3
ADDR_130
ADDR_356
ADDR_358
<CallExprData>
ADDR_359
CXXOperatorCallExpr
<TEST_DIR>/noexcept.cpp
31
2
<TEST_DIR>/noexcept.cpp
43
15
0
0
ADDR_113
1
0
0
ADDR_122
<Id to Class Map>
ADDR_359
CXXOperatorCallExpr
<Visited Children>
ADDR_360
0
<SubstTemplateTypeParmTypeData>
ADDR_360
SubstTemplateTypeParmType
V
NONE
0
0
0
ADDR_053
ADDR_266
ADDR_053
<Id to Class Map>
ADDR_360
SubstTemplateTypeParmType
<Visited Children>
ADDR_361
0
<ReferenceTypeData>
ADDR_361
RValueReferenceType
V &&
NONE
0
0
0
nullptr_type
ADDR_360
<Id to Class Map>
ADDR_361
RValueReferenceType
<Visited Children>
ADDR_362
0
<DecltypeTypeData>
ADDR_362
DecltypeType
decltype(std::__declval<V>(0))
NONE
0
0
0
ADDR_361
1
ADDR_363
<Id to Class Map>
ADDR_362
DecltypeType
<Visited Children>
ADDR_364
0
<FunctionProtoTypeData>
ADDR_364
FunctionProtoType
decltype(std::__declval<V>(0)) () noexcept
NONE
0
0
0
nullptr_type
0
0
0
0
0
0
0
C
ADDR_362
0
0
0
0
None
BasicNoexcept
0
<Id to Class Map>
ADDR_364
FunctionProtoType
<Top Level Types>
ADDR_364
<Visited Children>
ADDR_365
0
<DeclRefExprData>
ADDR_365
DeclRefExpr
<TEST_DIR>/noexcept.cpp
43
57
<TEST_DIR>/noexcept.cpp
43
71
0
0
ADDR_364
1
0
0
std::
1
Type
ADDR_075
ADDR_366
<Id to Class Map>
ADDR_365
DeclRefExpr
<Visited Children>
ADDR_367
0
<PointerTypeData>
ADDR_367
PointerType
decltype(std::__declval<V>(0)) (*)() noexcept
NONE
0
0
0
nullptr_type
ADDR_364
<Id to Class Map>
ADDR_367
PointerType
<Top Level Types>
ADDR_367
<Visited Children>
ADDR_368
1
ADDR_365
<ExprData>
ADDR_368
ImplicitCastExpr
<TEST_DIR>/noexcept.cpp
43
57
<TEST_DIR>/noexcept.cpp
43
71
0
0
ADDR_367
0
0
0
<Id to Class Map>
ADDR_368
ImplicitCastExpr
<Top Level Types>
ADDR_360
<Visited Children>
ADDR_369
1
ADDR_368
<CallExprData>
ADDR_369
CallExpr
<TEST_DIR>/noexcept.cpp
43
57
<TEST_DIR>/noexcept.cpp
43
73
0
0
ADDR_360
2
0
0
ADDR_366
<Id to Class Map>
ADDR_369
CallExpr
<Top Level Types>
ADDR_075
<Visited Children>
ADDR_370
0
<ReferenceTypeData>
ADDR_370
RValueReferenceType
V &&
NONE
0
0
0
nullptr_type
ADDR_075
<Id to Class Map>
ADDR_370
RValueReferenceType
<Visited Children>
ADDR_371
0
<FunctionProtoTypeData>
ADDR_371
FunctionProtoType
void (V &&) noexcept
NONE
0
0
0
nullptr_type
0
0
0
0
0
0
0
C
ADDR_002
1
1
ADDR_370
0
0
None
BasicNoexcept
0
<Id to Class Map>
ADDR_371
FunctionProtoType
<Top Level Types>
ADDR_371
<Top Level Types>
ADDR_370
<Visited Children>
ADDR_372
0
<ParmVarDeclData>
ADDR_372
ParmVarDecl
<TEST_DIR>/noexcept.cpp
20
7
<end>
0
0
0
0
0
0
0
0


0
0
0
None
Default
ADDR_370
0
None
NONE
0
CINIT
0
0
0
0
0
<Id to Class Map>
ADDR_372
ParmVarDecl
<Visited Children>
ADDR_373
1
ADDR_372
<CXXConstructorDeclData>
ADDR_373
CXXConstructorDecl
<TEST_DIR>/noexcept.cpp
20
7
<end>
0
0
1
0
1
0
0
0
V
V
3
1
1
External
Default
ADDR_371
0
0
0
None
1
0
0
0
0
nullptr_decl
ADDR_373
nullptr_decl
0
ADDR_054
0
0
1
0
0
0
0
0
ADDR_077
ADDR_053
0
0
0
0
0
ResolvedFalse
nullptr_expr
0
<Id to Class Map>
ADDR_373
CXXConstructorDecl
<Visited Children>
ADDR_374
1
ADDR_369
<CXXConstructExprData>
ADDR_374
CXXConstructExpr
<TEST_DIR>/noexcept.cpp
43
55
<TEST_DIR>/noexcept.cpp
43
74
0
0
ADDR_075
0
0
0
0
0
0
0
Complete
1
ADDR_373
<Id to Class Map>
ADDR_374
CXXConstructExpr
<Top Level Types>
ADDR_075
<Visited Children>
ADDR_375
1
ADDR_374
<ExprData>
ADDR_375
CXXBindTemporaryExpr
<TEST_DIR>/noexcept.cpp
43
55
<TEST_DIR>/noexcept.cpp
43
74
0
0
ADDR_075
0
0
0
<Id to Class Map>
ADDR_375
CXXBindTemporaryExpr
<Top Level Types>
ADDR_075
<Visited Children>
ADDR_376
1
ADDR_375
<CastExprData>
ADDR_376
CXXFunctionalCastExpr
<TEST_DIR>/noexcept.cpp
43
55
<TEST_DIR>/noexcept.cpp
43
74
0
0
ADDR_075
0
0
0
ConstructorConversion
<Id to Class Map>
ADDR_376
CXXFunctionalCastExpr
<Top Level Types>
ADDR_104
<Visited Children>
ADDR_377
1
ADDR_376
<CXXNoexceptExprData>
ADDR_377
CXXNoexceptExpr
<TEST_DIR>/noexcept.cpp
43
46
<TEST_DIR>/noexcept.cpp
43
75
0
0
ADDR_104
0
0
0
1
<Id to Class Map>
ADDR_377
CXXNoexceptExpr
<Top Level Types>
ADDR_102
<Visited Children>
ADDR_378
3
ADDR_128
ADDR_359
ADDR_377
<CallExprData>
ADDR_378
CXXOperatorCallExpr
<TEST_DIR>/noexcept.cpp
31
2
<TEST_DIR>/noexcept.cpp
43
75
0
0
ADDR_102
1
0
0
ADDR_107
<Id to Class Map>
ADDR_378
CXXOperatorCallExpr
<Top Level Types>
ADDR_085
<Visited Children>
ADDR_379
0
<CharacterLiteralData>
ADDR_379
CharacterLiteral
<TEST_DIR>/noexcept.cpp
43
80
<end>
0
0
ADDR_085
0
0
0
%CLAVA_SOURCE_BLOCK%
10
ORDINARY
<Id to Class Map>
ADDR_379
CharacterLiteral
<Top Level Types>
ADDR_092
<Visited Children>
ADDR_380
3
ADDR_126
ADDR_378
ADDR_379
<CallExprData>
ADDR_380
CXXOperatorCallExpr
<TEST_DIR>/noexcept.cpp
31
2
<TEST_DIR>/noexcept.cpp
43
80
0
0
ADDR_092
1
0
0
ADDR_099
<Id to Class Map>
ADDR_380
CXXOperatorCallExpr
<Top Level Types>
ADDR_210
<Visited Children>
ADDR_381
0
<StringLiteralData>
ADDR_381
StringLiteral
<TEST_DIR>/noexcept.cpp
44
15
<end>
0
0
ADDR_210
1
0
0
%CLAVA_SOURCE_BLOCK%
ORDINARY
25
1
25
73
115
32
86
40
108
118
97
108
117
101
32
86
41
32
110
111
101
120
99
101
112
116
63
32
<Id to Class Map>
ADDR_381
StringLiteral
<Top Level Types>
ADDR_119
<Visited Children>
ADDR_382
1
ADDR_381
<ExprData>
ADDR_382
ImplicitCastExpr
<TEST_DIR>/noexcept.cpp
44
15
<end>
0
0
ADDR_119
0
0
0
<Id to Class Map>
ADDR_382
ImplicitCastExpr
<Top Level Types>
ADDR_113
<Visited Children>
ADDR_383
3
ADDR_124
ADDR_380
ADDR_382
<CallExprData>
ADDR_383
CXXOperatorCallExpr
<TEST_DIR>/noexcept.cpp
31
2
<TEST_DIR>/noexcept.cpp
44
15
0
0
ADDR_113
1
0
0
ADDR_122
<Id to Class Map>
ADDR_383
CXXOperatorCallExpr
<Top Level Types>
ADDR_075
<Visited Children>
ADDR_384
0
<DeclRefExprData>
ADDR_384
DeclRefExpr
<TEST_DIR>/noexcept.cpp
44
57
<end>
0
0
ADDR_075
1
0
0

0
ADDR_081
<Id to Class Map>
ADDR_384
DeclRefExpr
<Visited Children>
ADDR_385
0
<QualTypeData>
ADDR_385
QualType
const V
NONE
0
0
0
nullptr_type
1
CONST
NONE
0
ADDR_053
<Id to Class Map>
ADDR_385
QualType
<Visited Children>
ADDR_386
0
<QualTypeData>
ADDR_386
QualType
const V
NONE
0
0
0
ADDR_053
1
CONST
NONE
0
ADDR_075
<Id to Class Map>
ADDR_386
QualType
<Top Level Types>
ADDR_386
<Visited Children>
ADDR_387
1
ADDR_384
<ExprData>
ADDR_387
ImplicitCastExpr
<TEST_DIR>/noexcept.cpp
44
57
<end>
0
0
ADDR_386
1
0
0
<Id to Class Map>
ADDR_387
ImplicitCastExpr
<Top Level Types>
ADDR_075
<Visited Children>
ADDR_388
0
<ReferenceTypeData>
ADDR_388
LValueReferenceType
const V &
NONE
0
0
0
nullptr_type
ADDR_386
<Id to Class Map>
ADDR_388
LValueReferenceType
<Top Level Types>
ADDR_104
<Visited Children>
ADDR_389
0
<CXXBoolLiteralExprData>
ADDR_389
CXXBoolLiteralExpr
<invalid>
0
0
ADDR_104
0
0
0
%CLAVA_SOURCE_BLOCK%
0
<Id to Class Map>
ADDR_389
CXXBoolLiteralExpr
<Visited Children>
ADDR_390
0
<FunctionProtoTypeData>
ADDR_390
FunctionProtoType
void (const V &) noexcept(false)
NONE
0
0
0
nullptr_type
0
0
0
0
0
0
0
C
ADDR_002
1
1
ADDR_388
0
0
None
NoexceptFalse
0
<Id to Class Map>
ADDR_390
FunctionProtoType
<Top Level Types>
ADDR_390
<Top Level Types>
ADDR_388
<Visited Children>
ADDR_391
0
<ParmVarDeclData>
ADDR_391
ParmVarDecl
<TEST_DIR>/noexcept.cpp
20
7
<end>
0
0
0
0
0
0
0
0


0
0
0
None
Default
ADDR_388
0
None
NONE
0
CINIT
0
0
0
0
0
<Id to Class Map>
ADDR_391
ParmVarDecl
<Visited Children>
ADDR_392
1
ADDR_391
<CXXConstructorDeclData>
ADDR_392
CXXConstructorDecl
<TEST_DIR>/noexcept.cpp
20
7
<end>
0
0
1
0
1
0
0
0
V
V
3
1
1
External
Default
ADDR_390
0
0
0
None
1
0
0
0
0
nullptr_decl
ADDR_392
nullptr_decl
0
ADDR_054
0
0
1
0
0
0
0
0
ADDR_077
ADDR_053
0
0
0
0
0
ResolvedFalse
nullptr_expr
0
<Id to Class Map>
ADDR_392
CXXConstructorDecl
<Visited Children>
ADDR_393
1
ADDR_387
<CXXConstructExprData>
ADDR_393
CXXConstructExpr
<TEST_DIR>/noexcept.cpp
44
55
<TEST_DIR>/noexcept.cpp
44
58
0
0
ADDR_075
0
0
0
0
0
0
0
Complete
1
ADDR_392
<Id to Class Map>
ADDR_393
CXXConstructExpr
<Top Level Types>
ADDR_075
<Visited Children>
ADDR_394
1
ADDR_393
<ExprData>
ADDR_394
CXXBindTemporaryExpr
<TEST_DIR>/noexcept.cpp
44
55
<TEST_DIR>/noexcept.cpp
44
58
0
0
ADDR_075
0
0
0
<Id to Class Map>
ADDR_394
CXXBindTemporaryExpr
<Top Level Types>
ADDR_075
<Visited Children>
ADDR_395
1
ADDR_394
<CastExprData>
ADDR_395
CXXFunctionalCastExpr
<TEST_DIR>/noexcept.cpp
44
55
<TEST_DIR>/noexcept.cpp
44
58
0
0
ADDR_075
0
0
0
ConstructorConversion
<Id to Class Map>
ADDR_395
CXXFunctionalCastExpr
<Top Level Types>
ADDR_104
<Visited Children>
ADDR_396
1
ADDR_395
<CXXNoexceptExprData>
ADDR_396
CXXNoexceptExpr
<TEST_DIR>/noexcept.cpp
44
46
<TEST_DIR>/noexcept.cpp
44
59
0
0
ADDR_104
0
0
0
0
<Id to Class Map>
ADDR_396
CXXNoexceptExpr
<Top Level Types>
ADDR_102
<Visited Children>
ADDR_397
3
ADDR_109
ADDR_383
ADDR_396
<CallExprData>
ADDR_397
CXXOperatorCallExpr
<TEST_DIR>/noexcept.cpp
31
2
<TEST_DIR>/noexcept.cpp
44
59
0
0
ADDR_102
1
0
0
ADDR_107
<Id to Class Map>
ADDR_397
CXXOperatorCallExpr
<Top Level Types>
ADDR_085
<Visited Children>
ADDR_398
0
<CharacterLiteralData>
ADDR_398
CharacterLiteral
<TEST_DIR>/noexcept.cpp
44
64
<end>
0
0
ADDR_085
0
0
0
%CLAVA_SOURCE_BLOCK%
10
ORDINARY
<Id to Class Map>
ADDR_398
CharacterLiteral
<Top Level Types>
ADDR_092
<Visited Children>
ADDR_399
3
ADDR_101
ADDR_397
ADDR_398
<CallExprData>
ADDR_399
CXXOperatorCallExpr
<TEST_DIR>/noexcept.cpp
31
2
<TEST_DIR>/noexcept.cpp
44
64
0
0
ADDR_092
1
0
0
ADDR_099
<Id to Class Map>
ADDR_399
CXXOperatorCallExpr
<Visited Children>
ADDR_400
4
ADDR_066
ADDR_074
ADDR_082
ADDR_399
<StmtData>
ADDR_400
CompoundStmt
<TEST_DIR>/noexcept.cpp
26
1
<TEST_DIR>/noexcept.cpp
45
1
0
0
<Id to Class Map>
ADDR_400
CompoundStmt
<Visited Children>
ADDR_401
1
ADDR_400
<FunctionDeclData>
ADDR_401
FunctionDecl
<TEST_DIR>/noexcept.cpp
25
1
<TEST_DIR>/noexcept.cpp
45
1
0
0
0
0
0
0
0
0

main
0
0
0
External
Default
ADDR_060
0
0
0
None
0
0
0
0
0
nullptr_decl
ADDR_401
nullptr_decl
0
<Id to Class Map>
ADDR_401
FunctionDecl
