<Compiler Instance Data>
<TEST_DIR>/offset.c
1
0
1
1
0
0
0
0
0
0
0
1
1
1
0
0
0
0
0
0
0
8
32
64
<LONG_DOUBLE_WIDTH>
8
16
32
<LONG_WIDTH>
64
<Id-File Map>
0
<TEST_DIR>/offset.c
<Includes>
<TEST_DIR>/offset.c
stddef.h
1
1
<Top Level Nodes>
ADDR_001
<Visited Children>
ADDR_002
0
<TagTypeData>
ADDR_002
RecordType
struct IndexInfo
NONE
0
0
0
nullptr_type
ADDR_003
<Id to Class Map>
ADDR_002
RecordType
<Visited Children>
ADDR_004
0
<BuiltinTypeData>
ADDR_004
BuiltinType
long long
NONE
0
0
0
nullptr_type
LongLong
long long
<Id to Class Map>
ADDR_004
BuiltinType
<Top Level Types>
ADDR_004
<Visited Children>
ADDR_005
2
nullptr_expr
nullptr_expr
<FieldDeclData>
ADDR_005
FieldDecl
<TEST_DIR>/offset.c
4
5
<TEST_DIR>/offset.c
4
15
0
0
0
0
0
0
0
0
IndexInfo
timeCreated
0
1
1
External
Default
ADDR_004
0
0
<Id to Class Map>
ADDR_005
FieldDecl
<Visited Children>
ADDR_006
0
<BuiltinTypeData>
ADDR_006
BuiltinType
signed char
NONE
0
0
0
nullptr_type
SChar
signed char
<Id to Class Map>
ADDR_006
BuiltinType
<Top Level Types>
ADDR_006
<Visited Children>
ADDR_007
2
nullptr_expr
nullptr_expr
<FieldDeclData>
ADDR_007
FieldDecl
<TEST_DIR>/offset.c
5
5
<TEST_DIR>/offset.c
5
17
0
0
0
0
0
0
0
0
IndexInfo
isDirectMapped
0
1
1
External
Default
ADDR_006
0
0
<Id to Class Map>
ADDR_007
FieldDecl
<Visited Children>
ADDR_008
0
<BuiltinTypeData>
ADDR_008
BuiltinType
unsigned int
NONE
0
0
0
nullptr_type
UInt
unsigned int
<Id to Class Map>
ADDR_008
BuiltinType
<Top Level Types>
ADDR_008
<Visited Children>
ADDR_009
2
nullptr_expr
nullptr_expr
<FieldDeclData>
ADDR_009
FieldDecl
<TEST_DIR>/offset.c
6
5
<TEST_DIR>/offset.c
6
18
0
0
0
0
0
0
0
0
IndexInfo
numOfParts
0
1
1
External
Default
ADDR_008
0
0
<Id to Class Map>
ADDR_009
FieldDecl
<Visited Children>
ADDR_003
3
ADDR_005
ADDR_007
ADDR_009
<RecordDeclData>
ADDR_003
RecordDecl
<TEST_DIR>/offset.c
3
1
<TEST_DIR>/offset.c
7
1
0
0
0
0
0
0
0
0

IndexInfo
0
0
0
External
Default
ADDR_002
Struct
1
0
<Id to Class Map>
ADDR_003
RecordDecl
<Top Level Nodes>
ADDR_010
<Visited Children>
ADDR_011
0
<TagTypeData>
ADDR_011
RecordType
struct S
NONE
0
0
0
nullptr_type
ADDR_012
<Id to Class Map>
ADDR_011
RecordType
<Visited Children>
ADDR_013
0
<BuiltinTypeData>
ADDR_013
BuiltinType
float
NONE
0
0
0
nullptr_type
Float
float
<Id to Class Map>
ADDR_013
BuiltinType
<Top Level Types>
ADDR_013
<Visited Children>
ADDR_014
2
nullptr_expr
nullptr_expr
<FieldDeclData>
ADDR_014
FieldDecl
<TEST_DIR>/offset.c
10
3
<TEST_DIR>/offset.c
10
9
0
0
0
0
0
0
0
0
S
f
0
1
1
External
Default
ADDR_013
0
0
<Id to Class Map>
ADDR_014
FieldDecl
<Visited Children>
ADDR_015
0
<BuiltinTypeData>
ADDR_015
BuiltinType
double
NONE
0
0
0
nullptr_type
Double
double
<Id to Class Map>
ADDR_015
BuiltinType
<Top Level Types>
ADDR_015
<Visited Children>
ADDR_016
2
nullptr_expr
nullptr_expr
<FieldDeclData>
ADDR_016
FieldDecl
<TEST_DIR>/offset.c
11
3
<TEST_DIR>/offset.c
11
10
0
0
0
0
0
0
0
0
S
d
0
1
1
External
Default
ADDR_015
0
0
<Id to Class Map>
ADDR_016
FieldDecl
<Visited Children>
ADDR_012
2
ADDR_014
ADDR_016
<RecordDeclData>
ADDR_012
RecordDecl
<TEST_DIR>/offset.c
9
1
<TEST_DIR>/offset.c
12
1
0
0
0
0
0
0
0
0

S
0
0
0
External
Default
ADDR_011
Struct
1
0
<Id to Class Map>
ADDR_012
RecordDecl
<Top Level Nodes>
ADDR_017
<Visited Children>
ADDR_018
0
<TagTypeData>
ADDR_018
RecordType
struct T
NONE
0
0
0
nullptr_type
ADDR_019
<Id to Class Map>
ADDR_018
RecordType
<Visited Children>
ADDR_020
0
<BuiltinTypeData>
ADDR_020
BuiltinType
int
NONE
0
0
0
nullptr_type
Int
int
<Id to Class Map>
ADDR_020
BuiltinType
<Top Level Types>
ADDR_020
<Visited Children>
ADDR_021
2
nullptr_expr
nullptr_expr
<FieldDeclData>
ADDR_021
FieldDecl
<TEST_DIR>/offset.c
15
3
<TEST_DIR>/offset.c
15
7
0
0
0
0
0
0
0
0
T
i
0
1
1
External
Default
ADDR_020
0
0
<Id to Class Map>
ADDR_021
FieldDecl
<Visited Children>
ADDR_022
0
<ElaboratedTypeData>
ADDR_022
ElaboratedType
struct S
NONE
0
0
0
ADDR_011
Struct

ADDR_011
<Id to Class Map>
ADDR_022
ElaboratedType
<Visited Children>
ADDR_023
0
<ConstantArrayTypeData>
ADDR_023
ConstantArrayType
struct S[10]
NONE
0
0
0
nullptr_type
Normal
0
ADDR_022
10
<Id to Class Map>
ADDR_023
ConstantArrayType
<Top Level Types>
ADDR_023
<Visited Children>
ADDR_024
2
nullptr_expr
nullptr_expr
<FieldDeclData>
ADDR_024
FieldDecl
<TEST_DIR>/offset.c
16
3
<TEST_DIR>/offset.c
16
16
0
0
0
0
0
0
0
0
T
s
0
1
1
External
Default
ADDR_023
0
0
<Id to Class Map>
ADDR_024
FieldDecl
<Visited Children>
ADDR_019
2
ADDR_021
ADDR_024
<RecordDeclData>
ADDR_019
RecordDecl
<TEST_DIR>/offset.c
14
1
<TEST_DIR>/offset.c
17
1
0
0
0
0
0
0
0
0

T
0
0
0
External
Default
ADDR_018
Struct
1
0
<Id to Class Map>
ADDR_019
RecordDecl
<Top Level Types>
ADDR_020
<Visited Children>
ADDR_025
0
<IntegerLiteralData>
ADDR_025
IntegerLiteral
<TEST_DIR>/offset.c
16
14
<end>
0
0
ADDR_020
0
0
0
%CLAVA_SOURCE_BLOCK%
10
<Id to Class Map>
ADDR_025
IntegerLiteral
<Top Level Nodes>
ADDR_026
<Visited Children>
ADDR_027
0
<FunctionTypeData>
ADDR_027
FunctionNoProtoType
int ()
NONE
0
0
0
nullptr_type
0
0
0
0
0
0
0
C
ADDR_020
<Id to Class Map>
ADDR_027
FunctionNoProtoType
<Top Level Types>
ADDR_027
<Top Level Types>
ADDR_020
<Top Level Types>
ADDR_020
<Visited Children>
ADDR_028
0
<IntegerLiteralData>
ADDR_028
IntegerLiteral
<TEST_DIR>/offset.c
22
15
<end>
1
<TEST_DIR>/offset.c
22
36
<end>
0
ADDR_020
0
0
0
%CLAVA_SOURCE_BLOCK%
2
<Id to Class Map>
ADDR_028
IntegerLiteral
<Visited Children>
ADDR_029
0
<BuiltinTypeData>
ADDR_029
BuiltinType
unsigned long long
NONE
0
0
0
nullptr_type
ULongLong
unsigned long long
<Id to Class Map>
ADDR_029
BuiltinType
<Top Level Types>
ADDR_029
<Visited Children>
ADDR_030
0
<ElaboratedTypeData>
ADDR_030
ElaboratedType
struct T
NONE
0
0
0
ADDR_018
Struct

ADDR_018
<Id to Class Map>
ADDR_030
ElaboratedType
<Visited Children>
ADDR_031
1
ADDR_028
<OffsetOfExprData>
ADDR_031
OffsetOfExpr
<TEST_DIR>/offset.c
22
15
<end>
1
<CLANG_INCLUDE>/__stddef_offsetof.h
16
24
<CLANG_INCLUDE>/__stddef_offsetof.h
16
47
0
ADDR_029
0
0
0
ADDR_030
3
FIELD
s
ARRAY
ADDR_028
FIELD
d
<Id to Class Map>
ADDR_031
OffsetOfExpr
<Top Level Types>
ADDR_020
<Visited Children>
ADDR_032
1
ADDR_031
<ExprData>
ADDR_032
ImplicitCastExpr
<TEST_DIR>/offset.c
22
15
<end>
1
<CLANG_INCLUDE>/__stddef_offsetof.h
16
24
<CLANG_INCLUDE>/__stddef_offsetof.h
16
47
0
ADDR_020
0
0
0
<Id to Class Map>
ADDR_032
ImplicitCastExpr
<Visited Children>
ADDR_033
1
ADDR_032
<VarDeclData>
ADDR_033
VarDecl
<TEST_DIR>/offset.c
22
2
<TEST_DIR>/offset.c
22
15
1
<TEST_DIR>/offset.c
22
2
<CLANG_INCLUDE>/__stddef_offsetof.h
16
47
0
0
0
0
0
0
0

offset
0
0
0
None
Default
ADDR_020
0
None
NONE
0
CINIT
0
0
0
0
<Id to Class Map>
ADDR_033
VarDecl
<Visited Children>
ADDR_034
1
ADDR_033
<StmtData>
ADDR_034
DeclStmt
<TEST_DIR>/offset.c
22
2
<TEST_DIR>/offset.c
22
41
0
0
<Id to Class Map>
ADDR_034
DeclStmt
<Top Level Types>
ADDR_020
<Top Level Types>
ADDR_029
<Visited Children>
ADDR_035
0
<ElaboratedTypeData>
ADDR_035
ElaboratedType
struct IndexInfo
NONE
0
0
0
ADDR_002
Struct

ADDR_002
<Id to Class Map>
ADDR_035
ElaboratedType
<Visited Children>
ADDR_036
0
<OffsetOfExprData>
ADDR_036
OffsetOfExpr
<TEST_DIR>/offset.c
23
16
<end>
1
<CLANG_INCLUDE>/__stddef_offsetof.h
16
24
<CLANG_INCLUDE>/__stddef_offsetof.h
16
47
0
ADDR_029
0
0
0
ADDR_035
1
FIELD
timeCreated
<Id to Class Map>
ADDR_036
OffsetOfExpr
<Top Level Types>
ADDR_020
<Visited Children>
ADDR_037
1
ADDR_036
<ExprData>
ADDR_037
ImplicitCastExpr
<TEST_DIR>/offset.c
23
16
<end>
1
<CLANG_INCLUDE>/__stddef_offsetof.h
16
24
<CLANG_INCLUDE>/__stddef_offsetof.h
16
47
0
ADDR_020
0
0
0
<Id to Class Map>
ADDR_037
ImplicitCastExpr
<Visited Children>
ADDR_038
1
ADDR_037
<VarDeclData>
ADDR_038
VarDecl
<TEST_DIR>/offset.c
23
2
<TEST_DIR>/offset.c
23
16
1
<TEST_DIR>/offset.c
23
2
<CLANG_INCLUDE>/__stddef_offsetof.h
16
47
0
0
0
0
0
0
0

offset2
0
0
0
None
Default
ADDR_020
0
None
NONE
0
CINIT
0
0
0
0
<Id to Class Map>
ADDR_038
VarDecl
<Visited Children>
ADDR_039
1
ADDR_038
<StmtData>
ADDR_039
DeclStmt
<TEST_DIR>/offset.c
23
2
<TEST_DIR>/offset.c
23
55
0
0
<Id to Class Map>
ADDR_039
DeclStmt
<Top Level Types>
ADDR_020
<Visited Children>
ADDR_040
0
<IntegerLiteralData>
ADDR_040
IntegerLiteral
<TEST_DIR>/offset.c
25
9
<end>
0
0
ADDR_020
0
0
0
%CLAVA_SOURCE_BLOCK%
0
<Id to Class Map>
ADDR_040
IntegerLiteral
<Visited Children>
ADDR_041
1
ADDR_040
<StmtData>
ADDR_041
ReturnStmt
<TEST_DIR>/offset.c
25
2
<TEST_DIR>/offset.c
25
9
0
0
<Id to Class Map>
ADDR_041
ReturnStmt
<Visited Children>
ADDR_042
3
ADDR_034
ADDR_039
ADDR_041
<StmtData>
ADDR_042
CompoundStmt
<TEST_DIR>/offset.c
20
12
<TEST_DIR>/offset.c
26
1
0
0
<Id to Class Map>
ADDR_042
CompoundStmt
<Visited Children>
ADDR_043
1
ADDR_042
<FunctionDeclData>
ADDR_043
FunctionDecl
<TEST_DIR>/offset.c
20
1
<TEST_DIR>/offset.c
26
1
0
0
0
0
0
0
0
0

main
0
0
0
External
Default
ADDR_027
0
0
0
None
0
0
0
0
0
nullptr_decl
ADDR_043
nullptr_decl
0
<Id to Class Map>
ADDR_043
FunctionDecl
