<Compiler Instance Data>
<TEST_DIR>/if.cpp
1
0
0
0
1
1
1
1
0
0
0
1
1
1
0
0
0
0
1
0
1
8
32
64
<LONG_DOUBLE_WIDTH>
8
16
32
<LONG_WIDTH>
64
<Id-File Map>
0
<TEST_DIR>/if.cpp
<Includes>
<TEST_DIR>/if.cpp
string
1
1
<Top Level Nodes>
ADDR_001
<Visited Children>
ADDR_002
0
<BuiltinTypeData>
ADDR_002
BuiltinType
void
NONE
0
0
0
nullptr_type
Void
void
<Id to Class Map>
ADDR_002
BuiltinType
<Visited Children>
ADDR_003
0
<FunctionProtoTypeData>
ADDR_003
FunctionProtoType
void ()
NONE
0
0
0
nullptr_type
0
0
0
0
0
0
0
C
ADDR_002
0
0
0
0
None
None
0
<Id to Class Map>
ADDR_003
FunctionProtoType
<Top Level Types>
ADDR_003
<Visited Children>
ADDR_004
0
<StmtData>
ADDR_004
CompoundStmt
<TEST_DIR>/if.cpp
4
1
<TEST_DIR>/if.cpp
5
1
0
0
<Id to Class Map>
ADDR_004
CompoundStmt
<Visited Children>
ADDR_005
1
ADDR_004
<FunctionDeclData>
ADDR_005
FunctionDecl
<TEST_DIR>/if.cpp
3
1
<TEST_DIR>/if.cpp
5
1
0
0
0
0
0
0
0
0

foo
0
0
0
External
Default
ADDR_003
0
0
0
None
0
0
0
0
0
nullptr_decl
ADDR_005
nullptr_decl
0
<Id to Class Map>
ADDR_005
FunctionDecl
<Top Level Nodes>
ADDR_006
<Visited Children>
ADDR_007
0
<BuiltinTypeData>
ADDR_007
BuiltinType
int
NONE
0
0
0
nullptr_type
Int
int
<Id to Class Map>
ADDR_007
BuiltinType
<Visited Children>
ADDR_008
0
<FunctionProtoTypeData>
ADDR_008
FunctionProtoType
int ()
NONE
0
0
0
nullptr_type
0
0
0
0
0
0
0
C
ADDR_007
0
0
0
0
None
None
0
<Id to Class Map>
ADDR_008
FunctionProtoType
<Top Level Types>
ADDR_008
<Top Level Types>
ADDR_007
<Top Level Types>
ADDR_007
<Visited Children>
ADDR_009
0
<IntegerLiteralData>
ADDR_009
IntegerLiteral
<TEST_DIR>/if.cpp
8
13
<end>
0
0
ADDR_007
0
0
0
%CLAVA_SOURCE_BLOCK%
0
<Id to Class Map>
ADDR_009
IntegerLiteral
<Visited Children>
ADDR_010
1
ADDR_009
<VarDeclData>
ADDR_010
VarDecl
<TEST_DIR>/if.cpp
8
2
<TEST_DIR>/if.cpp
8
13
0
0
0
1
1
0
0
0

test
0
0
0
None
Default
ADDR_007
0
None
NONE
0
CINIT
0
0
0
0
<Id to Class Map>
ADDR_010
VarDecl
<Visited Children>
ADDR_011
1
ADDR_010
<StmtData>
ADDR_011
DeclStmt
<TEST_DIR>/if.cpp
8
2
<TEST_DIR>/if.cpp
8
14
0
0
<Id to Class Map>
ADDR_011
DeclStmt
<Top Level Types>
ADDR_007
<Visited Children>
ADDR_012
0
<DeclRefExprData>
ADDR_012
DeclRefExpr
<TEST_DIR>/if.cpp
10
2
<end>
0
0
ADDR_007
1
0
0

0
ADDR_010
<Id to Class Map>
ADDR_012
DeclRefExpr
<Top Level Types>
ADDR_007
<Visited Children>
ADDR_013
0
<IntegerLiteralData>
ADDR_013
IntegerLiteral
<TEST_DIR>/if.cpp
10
9
<end>
0
0
ADDR_007
0
0
0
%CLAVA_SOURCE_BLOCK%
0
<Id to Class Map>
ADDR_013
IntegerLiteral
<Top Level Types>
ADDR_007
<Visited Children>
ADDR_014
0
<IntegerLiteralData>
ADDR_014
IntegerLiteral
<TEST_DIR>/if.cpp
11
5
<end>
0
0
ADDR_007
0
0
0
%CLAVA_SOURCE_BLOCK%
1
<Id to Class Map>
ADDR_014
IntegerLiteral
<Top Level Types>
ADDR_007
<Visited Children>
ADDR_015
2
ADDR_013
ADDR_014
<BinaryOperatorData>
ADDR_015
BinaryOperator
<TEST_DIR>/if.cpp
10
9
<TEST_DIR>/if.cpp
11
5
0
0
ADDR_007
0
0
0
Add
<Id to Class Map>
ADDR_015
BinaryOperator
<Top Level Types>
ADDR_007
<Visited Children>
ADDR_016
2
ADDR_012
ADDR_015
<BinaryOperatorData>
ADDR_016
BinaryOperator
<TEST_DIR>/if.cpp
10
2
<TEST_DIR>/if.cpp
11
5
0
0
ADDR_007
1
0
0
Assign
<Id to Class Map>
ADDR_016
BinaryOperator
<Top Level Types>
ADDR_007
<Visited Children>
ADDR_017
0
<DeclRefExprData>
ADDR_017
DeclRefExpr
<TEST_DIR>/if.cpp
13
2
<end>
0
0
ADDR_007
1
0
0

0
ADDR_010
<Id to Class Map>
ADDR_017
DeclRefExpr
<Top Level Types>
ADDR_007
<Visited Children>
ADDR_018
0
<IntegerLiteralData>
ADDR_018
IntegerLiteral
<TEST_DIR>/if.cpp
13
9
<end>
0
0
ADDR_007
0
0
0
%CLAVA_SOURCE_BLOCK%
0
<Id to Class Map>
ADDR_018
IntegerLiteral
<Top Level Types>
ADDR_007
<Visited Children>
ADDR_019
0
<IntegerLiteralData>
ADDR_019
IntegerLiteral
<TEST_DIR>/if.cpp
14
6
<end>
0
0
ADDR_007
0
0
0
%CLAVA_SOURCE_BLOCK%
1
<Id to Class Map>
ADDR_019
IntegerLiteral
<Top Level Types>
ADDR_007
<Visited Children>
ADDR_020
2
ADDR_018
ADDR_019
<BinaryOperatorData>
ADDR_020
BinaryOperator
<TEST_DIR>/if.cpp
13
9
<TEST_DIR>/if.cpp
14
6
0
0
ADDR_007
0
0
0
Add
<Id to Class Map>
ADDR_020
BinaryOperator
<Top Level Types>
ADDR_007
<Visited Children>
ADDR_021
0
<IntegerLiteralData>
ADDR_021
IntegerLiteral
<TEST_DIR>/if.cpp
15
6
<end>
0
0
ADDR_007
0
0
0
%CLAVA_SOURCE_BLOCK%
2
<Id to Class Map>
ADDR_021
IntegerLiteral
<Top Level Types>
ADDR_007
<Visited Children>
ADDR_022
2
ADDR_020
ADDR_021
<BinaryOperatorData>
ADDR_022
BinaryOperator
<TEST_DIR>/if.cpp
13
9
<TEST_DIR>/if.cpp
15
6
0
0
ADDR_007
0
0
0
Add
<Id to Class Map>
ADDR_022
BinaryOperator
<Top Level Types>
ADDR_007
<Visited Children>
ADDR_023
2
ADDR_017
ADDR_022
<BinaryOperatorData>
ADDR_023
BinaryOperator
<TEST_DIR>/if.cpp
13
2
<TEST_DIR>/if.cpp
15
6
0
0
ADDR_007
1
0
0
Assign
<Id to Class Map>
ADDR_023
BinaryOperator
<Top Level Types>
ADDR_007
<Visited Children>
ADDR_024
0
<DeclRefExprData>
ADDR_024
DeclRefExpr
<TEST_DIR>/if.cpp
17
2
<end>
0
0
ADDR_007
1
0
0

0
ADDR_010
<Id to Class Map>
ADDR_024
DeclRefExpr
<Top Level Types>
ADDR_007
<Visited Children>
ADDR_025
0
<IntegerLiteralData>
ADDR_025
IntegerLiteral
<TEST_DIR>/if.cpp
17
9
<end>
0
0
ADDR_007
0
0
0
%CLAVA_SOURCE_BLOCK%
0
<Id to Class Map>
ADDR_025
IntegerLiteral
<Top Level Types>
ADDR_007
<Visited Children>
ADDR_026
0
<IntegerLiteralData>
ADDR_026
IntegerLiteral
<TEST_DIR>/if.cpp
18
6
<end>
0
0
ADDR_007
0
0
0
%CLAVA_SOURCE_BLOCK%
2
<Id to Class Map>
ADDR_026
IntegerLiteral
<Top Level Types>
ADDR_007
<Visited Children>
ADDR_027
2
ADDR_025
ADDR_026
<BinaryOperatorData>
ADDR_027
BinaryOperator
<TEST_DIR>/if.cpp
17
9
<TEST_DIR>/if.cpp
18
6
0
0
ADDR_007
0
0
0
Add
<Id to Class Map>
ADDR_027
BinaryOperator
<Top Level Types>
ADDR_007
<Visited Children>
ADDR_028
0
<IntegerLiteralData>
ADDR_028
IntegerLiteral
<TEST_DIR>/if.cpp
19
6
<end>
0
0
ADDR_007
0
0
0
%CLAVA_SOURCE_BLOCK%
3
<Id to Class Map>
ADDR_028
IntegerLiteral
<Top Level Types>
ADDR_007
<Visited Children>
ADDR_029
2
ADDR_027
ADDR_028
<BinaryOperatorData>
ADDR_029
BinaryOperator
<TEST_DIR>/if.cpp
17
9
<TEST_DIR>/if.cpp
19
6
0
0
ADDR_007
0
0
0
Add
<Id to Class Map>
ADDR_029
BinaryOperator
<Top Level Types>
ADDR_007
<Visited Children>
ADDR_030
2
ADDR_024
ADDR_029
<BinaryOperatorData>
ADDR_030
BinaryOperator
<TEST_DIR>/if.cpp
17
2
<TEST_DIR>/if.cpp
19
6
0
0
ADDR_007
1
0
0
Assign
<Id to Class Map>
ADDR_030
BinaryOperator
<Top Level Types>
ADDR_007
<Visited Children>
ADDR_031
0
<DeclRefExprData>
ADDR_031
DeclRefExpr
<TEST_DIR>/if.cpp
21
2
<end>
0
0
ADDR_007
1
0
0

0
ADDR_010
<Id to Class Map>
ADDR_031
DeclRefExpr
<Top Level Types>
ADDR_007
<Visited Children>
ADDR_032
0
<IntegerLiteralData>
ADDR_032
IntegerLiteral
<TEST_DIR>/if.cpp
21
9
<end>
0
0
ADDR_007
0
0
0
%CLAVA_SOURCE_BLOCK%
0
<Id to Class Map>
ADDR_032
IntegerLiteral
<Top Level Types>
ADDR_007
<Visited Children>
ADDR_033
0
<IntegerLiteralData>
ADDR_033
IntegerLiteral
<TEST_DIR>/if.cpp
22
6
<end>
0
0
ADDR_007
0
0
0
%CLAVA_SOURCE_BLOCK%
2
<Id to Class Map>
ADDR_033
IntegerLiteral
<Top Level Types>
ADDR_007
<Visited Children>
ADDR_034
2
ADDR_032
ADDR_033
<BinaryOperatorData>
ADDR_034
BinaryOperator
<TEST_DIR>/if.cpp
21
9
<TEST_DIR>/if.cpp
22
6
0
0
ADDR_007
0
0
0
Add
<Id to Class Map>
ADDR_034
BinaryOperator
<Top Level Types>
ADDR_007
<Visited Children>
ADDR_035
0
<IntegerLiteralData>
ADDR_035
IntegerLiteral
<TEST_DIR>/if.cpp
24
6
<end>
0
0
ADDR_007
0
0
0
%CLAVA_SOURCE_BLOCK%
3
<Id to Class Map>
ADDR_035
IntegerLiteral
<Top Level Types>
ADDR_007
<Visited Children>
ADDR_036
2
ADDR_034
ADDR_035
<BinaryOperatorData>
ADDR_036
BinaryOperator
<TEST_DIR>/if.cpp
21
9
<TEST_DIR>/if.cpp
24
6
0
0
ADDR_007
0
0
0
Add
<Id to Class Map>
ADDR_036
BinaryOperator
<Top Level Types>
ADDR_007
<Visited Children>
ADDR_037
2
ADDR_031
ADDR_036
<BinaryOperatorData>
ADDR_037
BinaryOperator
<TEST_DIR>/if.cpp
21
2
<TEST_DIR>/if.cpp
24
6
0
0
ADDR_007
1
0
0
Assign
<Id to Class Map>
ADDR_037
BinaryOperator
<Top Level Types>
ADDR_007
<Visited Children>
ADDR_038
0
<IntegerLiteralData>
ADDR_038
IntegerLiteral
<TEST_DIR>/if.cpp
27
5
<end>
0
0
ADDR_007
0
0
0
%CLAVA_SOURCE_BLOCK%
0
<Id to Class Map>
ADDR_038
IntegerLiteral
<Visited Children>
ADDR_039
0
<BuiltinTypeData>
ADDR_039
BuiltinType
bool
NONE
0
0
0
nullptr_type
Bool
bool
<Id to Class Map>
ADDR_039
BuiltinType
<Top Level Types>
ADDR_039
<Visited Children>
ADDR_040
1
ADDR_038
<ExprData>
ADDR_040
ImplicitCastExpr
<TEST_DIR>/if.cpp
27
5
<end>
0
0
ADDR_039
0
0
0
<Id to Class Map>
ADDR_040
ImplicitCastExpr
<Top Level Types>
ADDR_007
<Visited Children>
ADDR_041
0
<DeclRefExprData>
ADDR_041
DeclRefExpr
<TEST_DIR>/if.cpp
28
3
<end>
0
0
ADDR_007
1
0
0

0
ADDR_010
<Id to Class Map>
ADDR_041
DeclRefExpr
<Top Level Types>
ADDR_007
<Visited Children>
ADDR_042
0
<IntegerLiteralData>
ADDR_042
IntegerLiteral
<TEST_DIR>/if.cpp
28
10
<end>
0
0
ADDR_007
0
0
0
%CLAVA_SOURCE_BLOCK%
10
<Id to Class Map>
ADDR_042
IntegerLiteral
<Top Level Types>
ADDR_007
<Visited Children>
ADDR_043
2
ADDR_041
ADDR_042
<BinaryOperatorData>
ADDR_043
BinaryOperator
<TEST_DIR>/if.cpp
28
3
<TEST_DIR>/if.cpp
28
10
0
0
ADDR_007
1
0
0
Assign
<Id to Class Map>
ADDR_043
BinaryOperator
<Visited Children>
ADDR_044
1
ADDR_043
<StmtData>
ADDR_044
CompoundStmt
<TEST_DIR>/if.cpp
27
8
<TEST_DIR>/if.cpp
29
2
0
0
<Id to Class Map>
ADDR_044
CompoundStmt
<Visited Children>
ADDR_045
4
nullptr_decl
ADDR_040
ADDR_044
nullptr_stmt
<StmtData>
ADDR_045
IfStmt
<TEST_DIR>/if.cpp
27
2
<TEST_DIR>/if.cpp
29
2
0
0
<Id to Class Map>
ADDR_045
IfStmt
<Top Level Types>
ADDR_007
<Visited Children>
ADDR_046
0
<IntegerLiteralData>
ADDR_046
IntegerLiteral
<TEST_DIR>/if.cpp
32
5
<end>
0
0
ADDR_007
0
0
0
%CLAVA_SOURCE_BLOCK%
0
<Id to Class Map>
ADDR_046
IntegerLiteral
<Top Level Types>
ADDR_039
<Visited Children>
ADDR_047
1
ADDR_046
<ExprData>
ADDR_047
ImplicitCastExpr
<TEST_DIR>/if.cpp
32
5
<end>
0
0
ADDR_039
0
0
0
<Id to Class Map>
ADDR_047
ImplicitCastExpr
<Visited Children>
ADDR_048
0
<StmtData>
ADDR_048
CompoundStmt
<TEST_DIR>/if.cpp
32
8
<TEST_DIR>/if.cpp
34
2
0
0
<Id to Class Map>
ADDR_048
CompoundStmt
<Visited Children>
ADDR_049
4
nullptr_decl
ADDR_047
ADDR_048
nullptr_stmt
<StmtData>
ADDR_049
IfStmt
<TEST_DIR>/if.cpp
32
2
<TEST_DIR>/if.cpp
34
2
0
0
<Id to Class Map>
ADDR_049
IfStmt
<Top Level Types>
ADDR_007
<Visited Children>
ADDR_050
0
<IntegerLiteralData>
ADDR_050
IntegerLiteral
<TEST_DIR>/if.cpp
37
5
<end>
0
0
ADDR_007
0
0
0
%CLAVA_SOURCE_BLOCK%
0
<Id to Class Map>
ADDR_050
IntegerLiteral
<Top Level Types>
ADDR_039
<Visited Children>
ADDR_051
1
ADDR_050
<ExprData>
ADDR_051
ImplicitCastExpr
<TEST_DIR>/if.cpp
37
5
<end>
0
0
ADDR_039
0
0
0
<Id to Class Map>
ADDR_051
ImplicitCastExpr
<Top Level Types>
ADDR_007
<Visited Children>
ADDR_052
0
<DeclRefExprData>
ADDR_052
DeclRefExpr
<TEST_DIR>/if.cpp
38
3
<end>
0
0
ADDR_007
1
0
0

0
ADDR_010
<Id to Class Map>
ADDR_052
DeclRefExpr
<Top Level Types>
ADDR_007
<Visited Children>
ADDR_053
0
<IntegerLiteralData>
ADDR_053
IntegerLiteral
<TEST_DIR>/if.cpp
38
10
<end>
0
0
ADDR_007
0
0
0
%CLAVA_SOURCE_BLOCK%
100
<Id to Class Map>
ADDR_053
IntegerLiteral
<Top Level Types>
ADDR_007
<Visited Children>
ADDR_054
2
ADDR_052
ADDR_053
<BinaryOperatorData>
ADDR_054
BinaryOperator
<TEST_DIR>/if.cpp
38
3
<TEST_DIR>/if.cpp
38
10
0
0
ADDR_007
1
0
0
Assign
<Id to Class Map>
ADDR_054
BinaryOperator
<Visited Children>
ADDR_055
1
ADDR_054
<StmtData>
ADDR_055
CompoundStmt
<TEST_DIR>/if.cpp
37
8
<TEST_DIR>/if.cpp
39
2
0
0
<Id to Class Map>
ADDR_055
CompoundStmt
<Top Level Types>
ADDR_007
<Visited Children>
ADDR_056
0
<DeclRefExprData>
ADDR_056
DeclRefExpr
<TEST_DIR>/if.cpp
40
3
<end>
0
0
ADDR_007
1
0
0

0
ADDR_010
<Id to Class Map>
ADDR_056
DeclRefExpr
<Top Level Types>
ADDR_007
<Visited Children>
ADDR_057
0
<IntegerLiteralData>
ADDR_057
IntegerLiteral
<TEST_DIR>/if.cpp
40
10
<end>
0
0
ADDR_007
0
0
0
%CLAVA_SOURCE_BLOCK%
200
<Id to Class Map>
ADDR_057
IntegerLiteral
<Top Level Types>
ADDR_007
<Visited Children>
ADDR_058
2
ADDR_056
ADDR_057
<BinaryOperatorData>
ADDR_058
BinaryOperator
<TEST_DIR>/if.cpp
40
3
<TEST_DIR>/if.cpp
40
10
0
0
ADDR_007
1
0
0
Assign
<Id to Class Map>
ADDR_058
BinaryOperator
<Visited Children>
ADDR_059
1
ADDR_058
<StmtData>
ADDR_059
CompoundStmt
<TEST_DIR>/if.cpp
39
9
<TEST_DIR>/if.cpp
41
2
0
0
<Id to Class Map>
ADDR_059
CompoundStmt
<Visited Children>
ADDR_060
4
nullptr_decl
ADDR_051
ADDR_055
ADDR_059
<StmtData>
ADDR_060
IfStmt
<TEST_DIR>/if.cpp
37
2
<TEST_DIR>/if.cpp
41
2
0
0
<Id to Class Map>
ADDR_060
IfStmt
<Top Level Types>
ADDR_007
<Top Level Types>
ADDR_007
<Visited Children>
ADDR_061
0
<IntegerLiteralData>
ADDR_061
IntegerLiteral
<TEST_DIR>/if.cpp
44
13
<end>
0
0
ADDR_007
0
0
0
%CLAVA_SOURCE_BLOCK%
0
<Id to Class Map>
ADDR_061
IntegerLiteral
<Visited Children>
ADDR_062
1
ADDR_061
<VarDeclData>
ADDR_062
VarDecl
<TEST_DIR>/if.cpp
44
5
<TEST_DIR>/if.cpp
44
13
0
0
0
1
1
0
0
0

a
0
0
0
None
Default
ADDR_007
0
None
NONE
0
CINIT
0
0
0
0
<Id to Class Map>
ADDR_062
VarDecl
<Top Level Types>
ADDR_007
<Visited Children>
ADDR_063
0
<DeclRefExprData>
ADDR_063
DeclRefExpr
<TEST_DIR>/if.cpp
44
9
<end>
0
0
ADDR_007
1
0
0

0
ADDR_062
<Id to Class Map>
ADDR_063
DeclRefExpr
<Top Level Types>
ADDR_007
<Visited Children>
ADDR_064
1
ADDR_063
<ExprData>
ADDR_064
ImplicitCastExpr
<TEST_DIR>/if.cpp
44
9
<end>
0
0
ADDR_007
0
0
0
<Id to Class Map>
ADDR_064
ImplicitCastExpr
<Top Level Types>
ADDR_039
<Visited Children>
ADDR_065
1
ADDR_064
<ExprData>
ADDR_065
ImplicitCastExpr
<TEST_DIR>/if.cpp
44
9
<end>
0
0
ADDR_039
0
0
0
<Id to Class Map>
ADDR_065
ImplicitCastExpr
<Top Level Types>
ADDR_007
<Visited Children>
ADDR_066
0
<DeclRefExprData>
ADDR_066
DeclRefExpr
<TEST_DIR>/if.cpp
45
3
<end>
0
0
ADDR_007
1
0
0

0
ADDR_010
<Id to Class Map>
ADDR_066
DeclRefExpr
<Top Level Types>
ADDR_007
<Visited Children>
ADDR_067
0
<IntegerLiteralData>
ADDR_067
IntegerLiteral
<TEST_DIR>/if.cpp
45
10
<end>
0
0
ADDR_007
0
0
0
%CLAVA_SOURCE_BLOCK%
20
<Id to Class Map>
ADDR_067
IntegerLiteral
<Top Level Types>
ADDR_007
<Visited Children>
ADDR_068
2
ADDR_066
ADDR_067
<BinaryOperatorData>
ADDR_068
BinaryOperator
<TEST_DIR>/if.cpp
45
3
<TEST_DIR>/if.cpp
45
10
0
0
ADDR_007
1
0
0
Assign
<Id to Class Map>
ADDR_068
BinaryOperator
<Visited Children>
ADDR_069
1
ADDR_068
<StmtData>
ADDR_069
CompoundStmt
<TEST_DIR>/if.cpp
44
16
<TEST_DIR>/if.cpp
46
2
0
0
<Id to Class Map>
ADDR_069
CompoundStmt
<Visited Children>
ADDR_070
4
ADDR_062
ADDR_065
ADDR_069
nullptr_stmt
<StmtData>
ADDR_070
IfStmt
<TEST_DIR>/if.cpp
44
2
<TEST_DIR>/if.cpp
46
2
0
0
<Id to Class Map>
ADDR_070
IfStmt
<Top Level Types>
ADDR_007
<Top Level Types>
ADDR_007
<Visited Children>
ADDR_071
0
<IntegerLiteralData>
ADDR_071
IntegerLiteral
<TEST_DIR>/if.cpp
49
13
<end>
0
0
ADDR_007
0
0
0
%CLAVA_SOURCE_BLOCK%
0
<Id to Class Map>
ADDR_071
IntegerLiteral
<Visited Children>
ADDR_072
1
ADDR_071
<VarDeclData>
ADDR_072
VarDecl
<TEST_DIR>/if.cpp
49
5
<TEST_DIR>/if.cpp
49
13
0
0
0
1
1
0
0
0

a
0
0
0
None
Default
ADDR_007
0
None
NONE
0
CINIT
0
0
0
0
<Id to Class Map>
ADDR_072
VarDecl
<Top Level Types>
ADDR_007
<Visited Children>
ADDR_073
0
<DeclRefExprData>
ADDR_073
DeclRefExpr
<TEST_DIR>/if.cpp
49
9
<end>
0
0
ADDR_007
1
0
0

0
ADDR_072
<Id to Class Map>
ADDR_073
DeclRefExpr
<Top Level Types>
ADDR_007
<Visited Children>
ADDR_074
1
ADDR_073
<ExprData>
ADDR_074
ImplicitCastExpr
<TEST_DIR>/if.cpp
49
9
<end>
0
0
ADDR_007
0
0
0
<Id to Class Map>
ADDR_074
ImplicitCastExpr
<Top Level Types>
ADDR_039
<Visited Children>
ADDR_075
1
ADDR_074
<ExprData>
ADDR_075
ImplicitCastExpr
<TEST_DIR>/if.cpp
49
9
<end>
0
0
ADDR_039
0
0
0
<Id to Class Map>
ADDR_075
ImplicitCastExpr
<Visited Children>
ADDR_076
0
<StmtData>
ADDR_076
CompoundStmt
<TEST_DIR>/if.cpp
49
16
<TEST_DIR>/if.cpp
51
2
0
0
<Id to Class Map>
ADDR_076
CompoundStmt
<Visited Children>
ADDR_077
4
ADDR_072
ADDR_075
ADDR_076
nullptr_stmt
<StmtData>
ADDR_077
IfStmt
<TEST_DIR>/if.cpp
49
2
<TEST_DIR>/if.cpp
51
2
0
0
<Id to Class Map>
ADDR_077
IfStmt
<Top Level Types>
ADDR_007
<Top Level Types>
ADDR_007
<Visited Children>
ADDR_078
0
<IntegerLiteralData>
ADDR_078
IntegerLiteral
<TEST_DIR>/if.cpp
54
13
<end>
0
0
ADDR_007
0
0
0
%CLAVA_SOURCE_BLOCK%
0
<Id to Class Map>
ADDR_078
IntegerLiteral
<Visited Children>
ADDR_079
1
ADDR_078
<VarDeclData>
ADDR_079
VarDecl
<TEST_DIR>/if.cpp
54
5
<TEST_DIR>/if.cpp
54
13
0
0
0
1
1
0
0
0

a
0
0
0
None
Default
ADDR_007
0
None
NONE
0
CINIT
0
0
0
0
<Id to Class Map>
ADDR_079
VarDecl
<Top Level Types>
ADDR_007
<Visited Children>
ADDR_080
0
<DeclRefExprData>
ADDR_080
DeclRefExpr
<TEST_DIR>/if.cpp
54
9
<end>
0
0
ADDR_007
1
0
0

0
ADDR_079
<Id to Class Map>
ADDR_080
DeclRefExpr
<Top Level Types>
ADDR_007
<Visited Children>
ADDR_081
1
ADDR_080
<ExprData>
ADDR_081
ImplicitCastExpr
<TEST_DIR>/if.cpp
54
9
<end>
0
0
ADDR_007
0
0
0
<Id to Class Map>
ADDR_081
ImplicitCastExpr
<Top Level Types>
ADDR_039
<Visited Children>
ADDR_082
1
ADDR_081
<ExprData>
ADDR_082
ImplicitCastExpr
<TEST_DIR>/if.cpp
54
9
<end>
0
0
ADDR_039
0
0
0
<Id to Class Map>
ADDR_082
ImplicitCastExpr
<Top Level Types>
ADDR_007
<Visited Children>
ADDR_083
0
<DeclRefExprData>
ADDR_083
DeclRefExpr
<TEST_DIR>/if.cpp
55
3
<end>
0
0
ADDR_007
1
0
0

0
ADDR_010
<Id to Class Map>
ADDR_083
DeclRefExpr
<Top Level Types>
ADDR_007
<Visited Children>
ADDR_084
0
<IntegerLiteralData>
ADDR_084
IntegerLiteral
<TEST_DIR>/if.cpp
55
10
<end>
0
0
ADDR_007
0
0
0
%CLAVA_SOURCE_BLOCK%
1000
<Id to Class Map>
ADDR_084
IntegerLiteral
<Top Level Types>
ADDR_007
<Visited Children>
ADDR_085
2
ADDR_083
ADDR_084
<BinaryOperatorData>
ADDR_085
BinaryOperator
<TEST_DIR>/if.cpp
55
3
<TEST_DIR>/if.cpp
55
10
0
0
ADDR_007
1
0
0
Assign
<Id to Class Map>
ADDR_085
BinaryOperator
<Visited Children>
ADDR_086
1
ADDR_085
<StmtData>
ADDR_086
CompoundStmt
<TEST_DIR>/if.cpp
54
16
<TEST_DIR>/if.cpp
56
2
0
0
<Id to Class Map>
ADDR_086
CompoundStmt
<Top Level Types>
ADDR_007
<Visited Children>
ADDR_087
0
<DeclRefExprData>
ADDR_087
DeclRefExpr
<TEST_DIR>/if.cpp
57
3
<end>
0
0
ADDR_007
1
0
0

0
ADDR_010
<Id to Class Map>
ADDR_087
DeclRefExpr
<Top Level Types>
ADDR_007
<Visited Children>
ADDR_088
0
<IntegerLiteralData>
ADDR_088
IntegerLiteral
<TEST_DIR>/if.cpp
57
10
<end>
0
0
ADDR_007
0
0
0
%CLAVA_SOURCE_BLOCK%
2000
<Id to Class Map>
ADDR_088
IntegerLiteral
<Top Level Types>
ADDR_007
<Visited Children>
ADDR_089
2
ADDR_087
ADDR_088
<BinaryOperatorData>
ADDR_089
BinaryOperator
<TEST_DIR>/if.cpp
57
3
<TEST_DIR>/if.cpp
57
10
0
0
ADDR_007
1
0
0
Assign
<Id to Class Map>
ADDR_089
BinaryOperator
<Visited Children>
ADDR_090
1
ADDR_089
<StmtData>
ADDR_090
CompoundStmt
<TEST_DIR>/if.cpp
56
9
<TEST_DIR>/if.cpp
58
2
0
0
<Id to Class Map>
ADDR_090
CompoundStmt
<Visited Children>
ADDR_091
4
ADDR_079
ADDR_082
ADDR_086
ADDR_090
<StmtData>
ADDR_091
IfStmt
<TEST_DIR>/if.cpp
54
2
<TEST_DIR>/if.cpp
58
2
0
0
<Id to Class Map>
ADDR_091
IfStmt
<Top Level Types>
ADDR_007
<Visited Children>
ADDR_092
0
<IntegerLiteralData>
ADDR_092
IntegerLiteral
<TEST_DIR>/if.cpp
61
5
<end>
0
0
ADDR_007
0
0
0
%CLAVA_SOURCE_BLOCK%
0
<Id to Class Map>
ADDR_092
IntegerLiteral
<Top Level Types>
ADDR_039
<Visited Children>
ADDR_093
1
ADDR_092
<ExprData>
ADDR_093
ImplicitCastExpr
<TEST_DIR>/if.cpp
61
5
<end>
0
0
ADDR_039
0
0
0
<Id to Class Map>
ADDR_093
ImplicitCastExpr
<Visited Children>
ADDR_094
0
<StmtData>
ADDR_094
CompoundStmt
<TEST_DIR>/if.cpp
61
8
<TEST_DIR>/if.cpp
63
2
0
0
<Id to Class Map>
ADDR_094
CompoundStmt
<Top Level Types>
ADDR_007
<Visited Children>
ADDR_095
0
<IntegerLiteralData>
ADDR_095
IntegerLiteral
<TEST_DIR>/if.cpp
63
12
<end>
0
0
ADDR_007
0
0
0
%CLAVA_SOURCE_BLOCK%
1
<Id to Class Map>
ADDR_095
IntegerLiteral
<Top Level Types>
ADDR_039
<Visited Children>
ADDR_096
1
ADDR_095
<ExprData>
ADDR_096
ImplicitCastExpr
<TEST_DIR>/if.cpp
63
12
<end>
0
0
ADDR_039
0
0
0
<Id to Class Map>
ADDR_096
ImplicitCastExpr
<Visited Children>
ADDR_097
0
<StmtData>
ADDR_097
CompoundStmt
<TEST_DIR>/if.cpp
63
15
<TEST_DIR>/if.cpp
65
2
0
0
<Id to Class Map>
ADDR_097
CompoundStmt
<Visited Children>
ADDR_098
0
<StmtData>
ADDR_098
CompoundStmt
<TEST_DIR>/if.cpp
65
9
<TEST_DIR>/if.cpp
67
2
0
0
<Id to Class Map>
ADDR_098
CompoundStmt
<Visited Children>
ADDR_099
4
nullptr_decl
ADDR_096
ADDR_097
ADDR_098
<StmtData>
ADDR_099
IfStmt
<TEST_DIR>/if.cpp
63
9
<TEST_DIR>/if.cpp
67
2
0
0
<Id to Class Map>
ADDR_099
IfStmt
<Visited Children>
ADDR_100
4
nullptr_decl
ADDR_093
ADDR_094
ADDR_099
<StmtData>
ADDR_100
IfStmt
<TEST_DIR>/if.cpp
61
2
<TEST_DIR>/if.cpp
67
2
0
0
<Id to Class Map>
ADDR_100
IfStmt
<Top Level Types>
ADDR_007
<Top Level Types>
ADDR_007
<Visited Children>
ADDR_101
0
<IntegerLiteralData>
ADDR_101
IntegerLiteral
<TEST_DIR>/if.cpp
69
20
<end>
0
0
ADDR_007
0
0
0
%CLAVA_SOURCE_BLOCK%
1
<Id to Class Map>
ADDR_101
IntegerLiteral
<Top Level Types>
ADDR_007
<Visited Children>
ADDR_102
1
ADDR_101
<UnaryOperatorData>
ADDR_102
UnaryOperator
<TEST_DIR>/if.cpp
69
19
<TEST_DIR>/if.cpp
69
20
0
0
ADDR_007
0
0
0
Minus
PREFIX
<Id to Class Map>
ADDR_102
UnaryOperator
<Visited Children>
ADDR_103
1
ADDR_102
<VarDeclData>
ADDR_103
VarDecl
<TEST_DIR>/if.cpp
69
2
<TEST_DIR>/if.cpp
69
20
0
0
0
1
1
0
0
0

currentDay
0
0
0
None
Default
ADDR_007
0
None
NONE
0
CINIT
0
0
0
0
<Id to Class Map>
ADDR_103
VarDecl
<Visited Children>
ADDR_104
1
ADDR_103
<StmtData>
ADDR_104
DeclStmt
<TEST_DIR>/if.cpp
69
2
<TEST_DIR>/if.cpp
69
21
0
0
<Id to Class Map>
ADDR_104
DeclStmt
<Visited Children>
ADDR_105
0
<TagTypeData>
ADDR_105
RecordType
std::string
NONE
0
0
0
nullptr_type
ADDR_106
<Id to Class Map>
ADDR_105
RecordType
<Visited Children>
ADDR_107
0
<BuiltinTypeData>
ADDR_107
BuiltinType
char
NONE
0
0
0
nullptr_type
Char_S
char
<Id to Class Map>
ADDR_107
BuiltinType
<Visited Children>
ADDR_108
0
<TemplateSpecializationTypeData>
ADDR_108
TemplateSpecializationType
basic_string<char>
NONE
0
0
0
ADDR_105
0
nullptr_type
basic_string
ADDR_109
1
Type
ADDR_107
<Id to Class Map>
ADDR_108
TemplateSpecializationType
<Visited Children>
ADDR_110
0
<ElaboratedTypeData>
ADDR_110
ElaboratedType
basic_string<char>
NONE
0
0
0
ADDR_108
None

ADDR_108
<Id to Class Map>
ADDR_110
ElaboratedType
<Visited Children>
ADDR_111
0
<TypedefTypeData>
ADDR_111
TypedefType
std::string
NONE
0
0
0
ADDR_110
ADDR_112
<Id to Class Map>
ADDR_111
TypedefType
<Visited Children>
ADDR_113
0
<ElaboratedTypeData>
ADDR_113
ElaboratedType
std::string
NONE
0
0
0
ADDR_111
None
std::
ADDR_111
<Id to Class Map>
ADDR_113
ElaboratedType
<Top Level Types>
ADDR_113
<Visited Children>
ADDR_114
0
<QualTypeData>
ADDR_114
QualType
const char
NONE
0
0
0
nullptr_type
1
CONST
NONE
0
ADDR_107
<Id to Class Map>
ADDR_114
QualType
<Visited Children>
ADDR_115
0
<ConstantArrayTypeData>
ADDR_115
ConstantArrayType
const char[7]
NONE
0
0
0
nullptr_type
Normal
0
ADDR_114
7
<Id to Class Map>
ADDR_115
ConstantArrayType
<Top Level Types>
ADDR_115
<Visited Children>
ADDR_116
0
<StringLiteralData>
ADDR_116
StringLiteral
<TEST_DIR>/if.cpp
70
33
<end>
0
0
ADDR_115
1
0
0
%CLAVA_SOURCE_BLOCK%
ORDINARY
6
1
6
77
111
110
100
97
121
<Id to Class Map>
ADDR_116
StringLiteral
<Visited Children>
ADDR_117
0
<PointerTypeData>
ADDR_117
PointerType
const char *
NONE
0
0
0
nullptr_type
ADDR_114
<Id to Class Map>
ADDR_117
PointerType
<Top Level Types>
ADDR_117
<Visited Children>
ADDR_118
1
ADDR_116
<ExprData>
ADDR_118
ImplicitCastExpr
<TEST_DIR>/if.cpp
70
33
<end>
0
0
ADDR_117
0
0
0
<Id to Class Map>
ADDR_118
ImplicitCastExpr
<Top Level Types>
ADDR_113
<Visited Children>
ADDR_119
1
ADDR_118
<CXXConstructExprData>
ADDR_119
CXXConstructExpr
<TEST_DIR>/if.cpp
70
33
<end>
0
0
ADDR_113
0
0
0
0
0
0
0
Complete
1
ADDR_120
<Id to Class Map>
ADDR_119
CXXConstructExpr
<Top Level Types>
ADDR_113
<Visited Children>
ADDR_121
1
ADDR_119
<ExprData>
ADDR_121
ImplicitCastExpr
<TEST_DIR>/if.cpp
70
33
<end>
0
0
ADDR_113
0
0
0
<Id to Class Map>
ADDR_121
ImplicitCastExpr
<Visited Children>
ADDR_122
1
ADDR_121
<VarDeclData>
ADDR_122
VarDecl
<TEST_DIR>/if.cpp
70
2
<TEST_DIR>/if.cpp
70
33
0
0
0
1
1
0
0
0

currentDayString
0
0
0
None
Default
ADDR_113
0
None
NONE
0
CINIT
0
0
0
0
<Id to Class Map>
ADDR_122
VarDecl
<Visited Children>
ADDR_123
1
ADDR_122
<StmtData>
ADDR_123
DeclStmt
<TEST_DIR>/if.cpp
70
2
<TEST_DIR>/if.cpp
70
41
0
0
<Id to Class Map>
ADDR_123
DeclStmt
<Visited Children>
ADDR_124
0
<SubstTemplateTypeParmTypeData>
ADDR_124
SubstTemplateTypeParmType
char
NONE
0
0
0
ADDR_107
ADDR_125
ADDR_107
<Id to Class Map>
ADDR_124
SubstTemplateTypeParmType
<Visited Children>
ADDR_126
0
<TagTypeData>
ADDR_126
RecordType
std::char_traits<char>
NONE
0
0
0
nullptr_type
ADDR_127
<Id to Class Map>
ADDR_126
RecordType
<Visited Children>
ADDR_128
0
<SubstTemplateTypeParmTypeData>
ADDR_128
SubstTemplateTypeParmType
std::char_traits<char>
NONE
0
0
0
ADDR_126
ADDR_129
ADDR_126
<Id to Class Map>
ADDR_128
SubstTemplateTypeParmType
<Visited Children>
ADDR_130
0
<TagTypeData>
ADDR_130
RecordType
std::allocator<char>
NONE
0
0
0
nullptr_type
ADDR_131
<Id to Class Map>
ADDR_130
RecordType
<Visited Children>
ADDR_132
0
<SubstTemplateTypeParmTypeData>
ADDR_132
SubstTemplateTypeParmType
std::allocator<char>
NONE
0
0
0
ADDR_130
ADDR_133
ADDR_130
<Id to Class Map>
ADDR_132
SubstTemplateTypeParmType
<Visited Children>
ADDR_134
0
<TemplateSpecializationTypeData>
ADDR_134
TemplateSpecializationType
basic_string<char, std::char_traits<char>, std::allocator<char>>
NONE
0
0
0
ADDR_105
0
nullptr_type
basic_string
ADDR_135
3
Type
ADDR_124
Type
ADDR_128
Type
ADDR_132
<Id to Class Map>
ADDR_134
TemplateSpecializationType
<Visited Children>
ADDR_136
0
<ElaboratedTypeData>
ADDR_136
ElaboratedType
basic_string<char, char_traits<char>, allocator<char>>
NONE
0
0
0
ADDR_134
None

ADDR_134
<Id to Class Map>
ADDR_136
ElaboratedType
<Visited Children>
ADDR_137
0
<QualTypeData>
ADDR_137
QualType
const std::string
NONE
0
0
0
nullptr_type
1
CONST
NONE
0
ADDR_105
<Id to Class Map>
ADDR_137
QualType
<Visited Children>
ADDR_138
0
<QualTypeData>
ADDR_138
QualType
const basic_string<char, std::char_traits<char>, std::allocator<char>>
NONE
0
0
0
ADDR_105
1
CONST
NONE
0
ADDR_134
<Id to Class Map>
ADDR_138
QualType
<Visited Children>
ADDR_139
0
<QualTypeData>
ADDR_139
QualType
const basic_string<char, char_traits<char>, allocator<char>>
NONE
0
0
0
ADDR_134
1
CONST
NONE
0
ADDR_136
<Id to Class Map>
ADDR_139
QualType
<Visited Children>
ADDR_140
0
<ReferenceTypeData>
ADDR_140
LValueReferenceType
const basic_string<char, char_traits<char>, allocator<char>> &
NONE
0
0
0
nullptr_type
ADDR_139
<Id to Class Map>
ADDR_140
LValueReferenceType
<Visited Children>
ADDR_141
0
<QualTypeData>
ADDR_141
QualType
const char
NONE
0
0
0
ADDR_107
1
CONST
NONE
0
ADDR_124
<Id to Class Map>
ADDR_141
QualType
<Visited Children>
ADDR_142
0
<PointerTypeData>
ADDR_142
PointerType
const char *
NONE
0
0
0
nullptr_type
ADDR_141
<Id to Class Map>
ADDR_142
PointerType
<Visited Children>
ADDR_143
0
<FunctionProtoTypeData>
ADDR_143
FunctionProtoType
bool (const basic_string<char, char_traits<char>, allocator<char>> &, const char *) noexcept
NONE
0
0
0
nullptr_type
0
0
0
0
0
0
0
C
ADDR_039
2
2
ADDR_140
ADDR_142
0
0
None
BasicNoexcept
0
<Id to Class Map>
ADDR_143
FunctionProtoType
<Top Level Types>
ADDR_143
<Visited Children>
ADDR_144
0
<DeclRefExprData>
ADDR_144
DeclRefExpr
<TEST_DIR>/if.cpp
72
23
<end>
0
0
ADDR_143
1
0
0

0
ADDR_145
<Id to Class Map>
ADDR_144
DeclRefExpr
<Visited Children>
ADDR_146
0
<PointerTypeData>
ADDR_146
PointerType
bool (*)(const basic_string<char, char_traits<char>, allocator<char>> &, const char *) noexcept
NONE
0
0
0
nullptr_type
ADDR_143
<Id to Class Map>
ADDR_146
PointerType
<Top Level Types>
ADDR_146
<Visited Children>
ADDR_147
1
ADDR_144
<ExprData>
ADDR_147
ImplicitCastExpr
<TEST_DIR>/if.cpp
72
23
<end>
0
0
ADDR_146
0
0
0
<Id to Class Map>
ADDR_147
ImplicitCastExpr
<Top Level Types>
ADDR_113
<Visited Children>
ADDR_148
0
<DeclRefExprData>
ADDR_148
DeclRefExpr
<TEST_DIR>/if.cpp
72
6
<end>
0
0
ADDR_113
1
0
0

0
ADDR_122
<Id to Class Map>
ADDR_148
DeclRefExpr
<Top Level Types>
ADDR_139
<Visited Children>
ADDR_149
1
ADDR_148
<ExprData>
ADDR_149
ImplicitCastExpr
<TEST_DIR>/if.cpp
72
6
<end>
0
0
ADDR_139
1
0
0
<Id to Class Map>
ADDR_149
ImplicitCastExpr
<Top Level Types>
ADDR_115
<Visited Children>
ADDR_150
0
<StringLiteralData>
ADDR_150
StringLiteral
<TEST_DIR>/if.cpp
72
26
<end>
0
0
ADDR_115
1
0
0
%CLAVA_SOURCE_BLOCK%
ORDINARY
6
1
6
77
111
110
100
97
121
<Id to Class Map>
ADDR_150
StringLiteral
<Top Level Types>
ADDR_117
<Visited Children>
ADDR_151
1
ADDR_150
<ExprData>
ADDR_151
ImplicitCastExpr
<TEST_DIR>/if.cpp
72
26
<end>
0
0
ADDR_117
0
0
0
<Id to Class Map>
ADDR_151
ImplicitCastExpr
<Top Level Types>
ADDR_039
<Visited Children>
ADDR_152
3
ADDR_147
ADDR_149
ADDR_151
<CallExprData>
ADDR_152
CXXOperatorCallExpr
<TEST_DIR>/if.cpp
72
6
<TEST_DIR>/if.cpp
72
26
0
0
ADDR_039
0
0
0
ADDR_145
<Id to Class Map>
ADDR_152
CXXOperatorCallExpr
<Top Level Types>
ADDR_007
<Visited Children>
ADDR_153
0
<DeclRefExprData>
ADDR_153
DeclRefExpr
<TEST_DIR>/if.cpp
72
36
<end>
0
0
ADDR_007
1
0
0

0
ADDR_103
<Id to Class Map>
ADDR_153
DeclRefExpr
<Top Level Types>
ADDR_007
<Visited Children>
ADDR_154
0
<IntegerLiteralData>
ADDR_154
IntegerLiteral
<TEST_DIR>/if.cpp
72
49
<end>
0
0
ADDR_007
0
0
0
%CLAVA_SOURCE_BLOCK%
0
<Id to Class Map>
ADDR_154
IntegerLiteral
<Top Level Types>
ADDR_007
<Visited Children>
ADDR_155
2
ADDR_153
ADDR_154
<BinaryOperatorData>
ADDR_155
BinaryOperator
<TEST_DIR>/if.cpp
72
36
<TEST_DIR>/if.cpp
72
49
0
0
ADDR_007
1
0
0
Assign
<Id to Class Map>
ADDR_155
BinaryOperator
<Top Level Types>
ADDR_143
<Visited Children>
ADDR_156
0
<DeclRefExprData>
ADDR_156
DeclRefExpr
<TEST_DIR>/if.cpp
73
28
<end>
0
0
ADDR_143
1
0
0

0
ADDR_145
<Id to Class Map>
ADDR_156
DeclRefExpr
<Top Level Types>
ADDR_146
<Visited Children>
ADDR_157
1
ADDR_156
<ExprData>
ADDR_157
ImplicitCastExpr
<TEST_DIR>/if.cpp
73
28
<end>
0
0
ADDR_146
0
0
0
<Id to Class Map>
ADDR_157
ImplicitCastExpr
<Top Level Types>
ADDR_113
<Visited Children>
ADDR_158
0
<DeclRefExprData>
ADDR_158
DeclRefExpr
<TEST_DIR>/if.cpp
73
11
<end>
0
0
ADDR_113
1
0
0

0
ADDR_122
<Id to Class Map>
ADDR_158
DeclRefExpr
<Top Level Types>
ADDR_139
<Visited Children>
ADDR_159
1
ADDR_158
<ExprData>
ADDR_159
ImplicitCastExpr
<TEST_DIR>/if.cpp
73
11
<end>
0
0
ADDR_139
1
0
0
<Id to Class Map>
ADDR_159
ImplicitCastExpr
<Visited Children>
ADDR_160
0
<ConstantArrayTypeData>
ADDR_160
ConstantArrayType
const char[8]
NONE
0
0
0
nullptr_type
Normal
0
ADDR_114
8
<Id to Class Map>
ADDR_160
ConstantArrayType
<Top Level Types>
ADDR_160
<Visited Children>
ADDR_161
0
<StringLiteralData>
ADDR_161
StringLiteral
<TEST_DIR>/if.cpp
73
31
<end>
0
0
ADDR_160
1
0
0
%CLAVA_SOURCE_BLOCK%
ORDINARY
7
1
7
84
117
101
115
100
97
121
<Id to Class Map>
ADDR_161
StringLiteral
<Top Level Types>
ADDR_117
<Visited Children>
ADDR_162
1
ADDR_161
<ExprData>
ADDR_162
ImplicitCastExpr
<TEST_DIR>/if.cpp
73
31
<end>
0
0
ADDR_117
0
0
0
<Id to Class Map>
ADDR_162
ImplicitCastExpr
<Top Level Types>
ADDR_039
<Visited Children>
ADDR_163
3
ADDR_157
ADDR_159
ADDR_162
<CallExprData>
ADDR_163
CXXOperatorCallExpr
<TEST_DIR>/if.cpp
73
11
<TEST_DIR>/if.cpp
73
31
0
0
ADDR_039
0
0
0
ADDR_145
<Id to Class Map>
ADDR_163
CXXOperatorCallExpr
<Top Level Types>
ADDR_007
<Visited Children>
ADDR_164
0
<DeclRefExprData>
ADDR_164
DeclRefExpr
<TEST_DIR>/if.cpp
73
42
<end>
0
0
ADDR_007
1
0
0

0
ADDR_103
<Id to Class Map>
ADDR_164
DeclRefExpr
<Top Level Types>
ADDR_007
<Visited Children>
ADDR_165
0
<IntegerLiteralData>
ADDR_165
IntegerLiteral
<TEST_DIR>/if.cpp
73
55
<end>
0
0
ADDR_007
0
0
0
%CLAVA_SOURCE_BLOCK%
1
<Id to Class Map>
ADDR_165
IntegerLiteral
<Top Level Types>
ADDR_007
<Visited Children>
ADDR_166
2
ADDR_164
ADDR_165
<BinaryOperatorData>
ADDR_166
BinaryOperator
<TEST_DIR>/if.cpp
73
42
<TEST_DIR>/if.cpp
73
55
0
0
ADDR_007
1
0
0
Assign
<Id to Class Map>
ADDR_166
BinaryOperator
<Top Level Types>
ADDR_143
<Visited Children>
ADDR_167
0
<DeclRefExprData>
ADDR_167
DeclRefExpr
<TEST_DIR>/if.cpp
74
28
<end>
0
0
ADDR_143
1
0
0

0
ADDR_145
<Id to Class Map>
ADDR_167
DeclRefExpr
<Top Level Types>
ADDR_146
<Visited Children>
ADDR_168
1
ADDR_167
<ExprData>
ADDR_168
ImplicitCastExpr
<TEST_DIR>/if.cpp
74
28
<end>
0
0
ADDR_146
0
0
0
<Id to Class Map>
ADDR_168
ImplicitCastExpr
<Top Level Types>
ADDR_113
<Visited Children>
ADDR_169
0
<DeclRefExprData>
ADDR_169
DeclRefExpr
<TEST_DIR>/if.cpp
74
11
<end>
0
0
ADDR_113
1
0
0

0
ADDR_122
<Id to Class Map>
ADDR_169
DeclRefExpr
<Top Level Types>
ADDR_139
<Visited Children>
ADDR_170
1
ADDR_169
<ExprData>
ADDR_170
ImplicitCastExpr
<TEST_DIR>/if.cpp
74
11
<end>
0
0
ADDR_139
1
0
0
<Id to Class Map>
ADDR_170
ImplicitCastExpr
<Visited Children>
ADDR_171
0
<ConstantArrayTypeData>
ADDR_171
ConstantArrayType
const char[10]
NONE
0
0
0
nullptr_type
Normal
0
ADDR_114
10
<Id to Class Map>
ADDR_171
ConstantArrayType
<Top Level Types>
ADDR_171
<Visited Children>
ADDR_172
0
<StringLiteralData>
ADDR_172
StringLiteral
<TEST_DIR>/if.cpp
74
31
<end>
0
0
ADDR_171
1
0
0
%CLAVA_SOURCE_BLOCK%
ORDINARY
9
1
9
87
101
100
110
101
115
100
97
121
<Id to Class Map>
ADDR_172
StringLiteral
<Top Level Types>
ADDR_117
<Visited Children>
ADDR_173
1
ADDR_172
<ExprData>
ADDR_173
ImplicitCastExpr
<TEST_DIR>/if.cpp
74
31
<end>
0
0
ADDR_117
0
0
0
<Id to Class Map>
ADDR_173
ImplicitCastExpr
<Top Level Types>
ADDR_039
<Visited Children>
ADDR_174
3
ADDR_168
ADDR_170
ADDR_173
<CallExprData>
ADDR_174
CXXOperatorCallExpr
<TEST_DIR>/if.cpp
74
11
<TEST_DIR>/if.cpp
74
31
0
0
ADDR_039
0
0
0
ADDR_145
<Id to Class Map>
ADDR_174
CXXOperatorCallExpr
<Top Level Types>
ADDR_007
<Visited Children>
ADDR_175
0
<DeclRefExprData>
ADDR_175
DeclRefExpr
<TEST_DIR>/if.cpp
74
44
<end>
0
0
ADDR_007
1
0
0

0
ADDR_103
<Id to Class Map>
ADDR_175
DeclRefExpr
<Top Level Types>
ADDR_007
<Visited Children>
ADDR_176
0
<IntegerLiteralData>
ADDR_176
IntegerLiteral
<TEST_DIR>/if.cpp
74
57
<end>
0
0
ADDR_007
0
0
0
%CLAVA_SOURCE_BLOCK%
2
<Id to Class Map>
ADDR_176
IntegerLiteral
<Top Level Types>
ADDR_007
<Visited Children>
ADDR_177
2
ADDR_175
ADDR_176
<BinaryOperatorData>
ADDR_177
BinaryOperator
<TEST_DIR>/if.cpp
74
44
<TEST_DIR>/if.cpp
74
57
0
0
ADDR_007
1
0
0
Assign
<Id to Class Map>
ADDR_177
BinaryOperator
<Top Level Types>
ADDR_143
<Visited Children>
ADDR_178
0
<DeclRefExprData>
ADDR_178
DeclRefExpr
<TEST_DIR>/if.cpp
75
28
<end>
0
0
ADDR_143
1
0
0

0
ADDR_145
<Id to Class Map>
ADDR_178
DeclRefExpr
<Top Level Types>
ADDR_146
<Visited Children>
ADDR_179
1
ADDR_178
<ExprData>
ADDR_179
ImplicitCastExpr
<TEST_DIR>/if.cpp
75
28
<end>
0
0
ADDR_146
0
0
0
<Id to Class Map>
ADDR_179
ImplicitCastExpr
<Top Level Types>
ADDR_113
<Visited Children>
ADDR_180
0
<DeclRefExprData>
ADDR_180
DeclRefExpr
<TEST_DIR>/if.cpp
75
11
<end>
0
0
ADDR_113
1
0
0

0
ADDR_122
<Id to Class Map>
ADDR_180
DeclRefExpr
<Top Level Types>
ADDR_139
<Visited Children>
ADDR_181
1
ADDR_180
<ExprData>
ADDR_181
ImplicitCastExpr
<TEST_DIR>/if.cpp
75
11
<end>
0
0
ADDR_139
1
0
0
<Id to Class Map>
ADDR_181
ImplicitCastExpr
<Visited Children>
ADDR_182
0
<ConstantArrayTypeData>
ADDR_182
ConstantArrayType
const char[9]
NONE
0
0
0
nullptr_type
Normal
0
ADDR_114
9
<Id to Class Map>
ADDR_182
ConstantArrayType
<Top Level Types>
ADDR_182
<Visited Children>
ADDR_183
0
<StringLiteralData>
ADDR_183
StringLiteral
<TEST_DIR>/if.cpp
75
31
<end>
0
0
ADDR_182
1
0
0
%CLAVA_SOURCE_BLOCK%
ORDINARY
8
1
8
84
104
117
114
115
100
97
121
<Id to Class Map>
ADDR_183
StringLiteral
<Top Level Types>
ADDR_117
<Visited Children>
ADDR_184
1
ADDR_183
<ExprData>
ADDR_184
ImplicitCastExpr
<TEST_DIR>/if.cpp
75
31
<end>
0
0
ADDR_117
0
0
0
<Id to Class Map>
ADDR_184
ImplicitCastExpr
<Top Level Types>
ADDR_039
<Visited Children>
ADDR_185
3
ADDR_179
ADDR_181
ADDR_184
<CallExprData>
ADDR_185
CXXOperatorCallExpr
<TEST_DIR>/if.cpp
75
11
<TEST_DIR>/if.cpp
75
31
0
0
ADDR_039
0
0
0
ADDR_145
<Id to Class Map>
ADDR_185
CXXOperatorCallExpr
<Top Level Types>
ADDR_007
<Visited Children>
ADDR_186
0
<DeclRefExprData>
ADDR_186
DeclRefExpr
<TEST_DIR>/if.cpp
75
43
<end>
0
0
ADDR_007
1
0
0

0
ADDR_103
<Id to Class Map>
ADDR_186
DeclRefExpr
<Top Level Types>
ADDR_007
<Visited Children>
ADDR_187
0
<IntegerLiteralData>
ADDR_187
IntegerLiteral
<TEST_DIR>/if.cpp
75
56
<end>
0
0
ADDR_007
0
0
0
%CLAVA_SOURCE_BLOCK%
3
<Id to Class Map>
ADDR_187
IntegerLiteral
<Top Level Types>
ADDR_007
<Visited Children>
ADDR_188
2
ADDR_186
ADDR_187
<BinaryOperatorData>
ADDR_188
BinaryOperator
<TEST_DIR>/if.cpp
75
43
<TEST_DIR>/if.cpp
75
56
0
0
ADDR_007
1
0
0
Assign
<Id to Class Map>
ADDR_188
BinaryOperator
<Top Level Types>
ADDR_143
<Visited Children>
ADDR_189
0
<DeclRefExprData>
ADDR_189
DeclRefExpr
<TEST_DIR>/if.cpp
76
28
<end>
0
0
ADDR_143
1
0
0

0
ADDR_145
<Id to Class Map>
ADDR_189
DeclRefExpr
<Top Level Types>
ADDR_146
<Visited Children>
ADDR_190
1
ADDR_189
<ExprData>
ADDR_190
ImplicitCastExpr
<TEST_DIR>/if.cpp
76
28
<end>
0
0
ADDR_146
0
0
0
<Id to Class Map>
ADDR_190
ImplicitCastExpr
<Top Level Types>
ADDR_113
<Visited Children>
ADDR_191
0
<DeclRefExprData>
ADDR_191
DeclRefExpr
<TEST_DIR>/if.cpp
76
11
<end>
0
0
ADDR_113
1
0
0

0
ADDR_122
<Id to Class Map>
ADDR_191
DeclRefExpr
<Top Level Types>
ADDR_139
<Visited Children>
ADDR_192
1
ADDR_191
<ExprData>
ADDR_192
ImplicitCastExpr
<TEST_DIR>/if.cpp
76
11
<end>
0
0
ADDR_139
1
0
0
<Id to Class Map>
ADDR_192
ImplicitCastExpr
<Top Level Types>
ADDR_115
<Visited Children>
ADDR_193
0
<StringLiteralData>
ADDR_193
StringLiteral
<TEST_DIR>/if.cpp
76
31
<end>
0
0
ADDR_115
1
0
0
%CLAVA_SOURCE_BLOCK%
ORDINARY
6
1
6
70
114
105
100
97
121
<Id to Class Map>
ADDR_193
StringLiteral
<Top Level Types>
ADDR_117
<Visited Children>
ADDR_194
1
ADDR_193
<ExprData>
ADDR_194
ImplicitCastExpr
<TEST_DIR>/if.cpp
76
31
<end>
0
0
ADDR_117
0
0
0
<Id to Class Map>
ADDR_194
ImplicitCastExpr
<Top Level Types>
ADDR_039
<Visited Children>
ADDR_195
3
ADDR_190
ADDR_192
ADDR_194
<CallExprData>
ADDR_195
CXXOperatorCallExpr
<TEST_DIR>/if.cpp
76
11
<TEST_DIR>/if.cpp
76
31
0
0
ADDR_039
0
0
0
ADDR_145
<Id to Class Map>
ADDR_195
CXXOperatorCallExpr
<Top Level Types>
ADDR_007
<Visited Children>
ADDR_196
0
<DeclRefExprData>
ADDR_196
DeclRefExpr
<TEST_DIR>/if.cpp
76
41
<end>
0
0
ADDR_007
1
0
0

0
ADDR_103
<Id to Class Map>
ADDR_196
DeclRefExpr
<Top Level Types>
ADDR_007
<Visited Children>
ADDR_197
0
<IntegerLiteralData>
ADDR_197
IntegerLiteral
<TEST_DIR>/if.cpp
76
54
<end>
0
0
ADDR_007
0
0
0
%CLAVA_SOURCE_BLOCK%
4
<Id to Class Map>
ADDR_197
IntegerLiteral
<Top Level Types>
ADDR_007
<Visited Children>
ADDR_198
2
ADDR_196
ADDR_197
<BinaryOperatorData>
ADDR_198
BinaryOperator
<TEST_DIR>/if.cpp
76
41
<TEST_DIR>/if.cpp
76
54
0
0
ADDR_007
1
0
0
Assign
<Id to Class Map>
ADDR_198
BinaryOperator
<Top Level Types>
ADDR_143
<Visited Children>
ADDR_199
0
<DeclRefExprData>
ADDR_199
DeclRefExpr
<TEST_DIR>/if.cpp
77
28
<end>
0
0
ADDR_143
1
0
0

0
ADDR_145
<Id to Class Map>
ADDR_199
DeclRefExpr
<Top Level Types>
ADDR_146
<Visited Children>
ADDR_200
1
ADDR_199
<ExprData>
ADDR_200
ImplicitCastExpr
<TEST_DIR>/if.cpp
77
28
<end>
0
0
ADDR_146
0
0
0
<Id to Class Map>
ADDR_200
ImplicitCastExpr
<Top Level Types>
ADDR_113
<Visited Children>
ADDR_201
0
<DeclRefExprData>
ADDR_201
DeclRefExpr
<TEST_DIR>/if.cpp
77
11
<end>
0
0
ADDR_113
1
0
0

0
ADDR_122
<Id to Class Map>
ADDR_201
DeclRefExpr
<Top Level Types>
ADDR_139
<Visited Children>
ADDR_202
1
ADDR_201
<ExprData>
ADDR_202
ImplicitCastExpr
<TEST_DIR>/if.cpp
77
11
<end>
0
0
ADDR_139
1
0
0
<Id to Class Map>
ADDR_202
ImplicitCastExpr
<Top Level Types>
ADDR_182
<Visited Children>
ADDR_203
0
<StringLiteralData>
ADDR_203
StringLiteral
<TEST_DIR>/if.cpp
77
31
<end>
0
0
ADDR_182
1
0
0
%CLAVA_SOURCE_BLOCK%
ORDINARY
8
1
8
83
97
116
117
114
100
97
121
<Id to Class Map>
ADDR_203
StringLiteral
<Top Level Types>
ADDR_117
<Visited Children>
ADDR_204
1
ADDR_203
<ExprData>
ADDR_204
ImplicitCastExpr
<TEST_DIR>/if.cpp
77
31
<end>
0
0
ADDR_117
0
0
0
<Id to Class Map>
ADDR_204
ImplicitCastExpr
<Top Level Types>
ADDR_039
<Visited Children>
ADDR_205
3
ADDR_200
ADDR_202
ADDR_204
<CallExprData>
ADDR_205
CXXOperatorCallExpr
<TEST_DIR>/if.cpp
77
11
<TEST_DIR>/if.cpp
77
31
0
0
ADDR_039
0
0
0
ADDR_145
<Id to Class Map>
ADDR_205
CXXOperatorCallExpr
<Top Level Types>
ADDR_007
<Visited Children>
ADDR_206
0
<DeclRefExprData>
ADDR_206
DeclRefExpr
<TEST_DIR>/if.cpp
77
43
<end>
0
0
ADDR_007
1
0
0

0
ADDR_103
<Id to Class Map>
ADDR_206
DeclRefExpr
<Top Level Types>
ADDR_007
<Visited Children>
ADDR_207
0
<IntegerLiteralData>
ADDR_207
IntegerLiteral
<TEST_DIR>/if.cpp
77
56
<end>
0
0
ADDR_007
0
0
0
%CLAVA_SOURCE_BLOCK%
5
<Id to Class Map>
ADDR_207
IntegerLiteral
<Top Level Types>
ADDR_007
<Visited Children>
ADDR_208
2
ADDR_206
ADDR_207
<BinaryOperatorData>
ADDR_208
BinaryOperator
<TEST_DIR>/if.cpp
77
43
<TEST_DIR>/if.cpp
77
56
0
0
ADDR_007
1
0
0
Assign
<Id to Class Map>
ADDR_208
BinaryOperator
<Top Level Types>
ADDR_143
<Visited Children>
ADDR_209
0
<DeclRefExprData>
ADDR_209
DeclRefExpr
<TEST_DIR>/if.cpp
78
28
<end>
0
0
ADDR_143
1
0
0

0
ADDR_145
<Id to Class Map>
ADDR_209
DeclRefExpr
<Top Level Types>
ADDR_146
<Visited Children>
ADDR_210
1
ADDR_209
<ExprData>
ADDR_210
ImplicitCastExpr
<TEST_DIR>/if.cpp
78
28
<end>
0
0
ADDR_146
0
0
0
<Id to Class Map>
ADDR_210
ImplicitCastExpr
<Top Level Types>
ADDR_113
<Visited Children>
ADDR_211
0
<DeclRefExprData>
ADDR_211
DeclRefExpr
<TEST_DIR>/if.cpp
78
11
<end>
0
0
ADDR_113
1
0
0

0
ADDR_122
<Id to Class Map>
ADDR_211
DeclRefExpr
<Top Level Types>
ADDR_139
<Visited Children>
ADDR_212
1
ADDR_211
<ExprData>
ADDR_212
ImplicitCastExpr
<TEST_DIR>/if.cpp
78
11
<end>
0
0
ADDR_139
1
0
0
<Id to Class Map>
ADDR_212
ImplicitCastExpr
<Top Level Types>
ADDR_115
<Visited Children>
ADDR_213
0
<StringLiteralData>
ADDR_213
StringLiteral
<TEST_DIR>/if.cpp
78
31
<end>
0
0
ADDR_115
1
0
0
%CLAVA_SOURCE_BLOCK%
ORDINARY
6
1
6
83
117
110
100
97
121
<Id to Class Map>
ADDR_213
StringLiteral
<Top Level Types>
ADDR_117
<Visited Children>
ADDR_214
1
ADDR_213
<ExprData>
ADDR_214
ImplicitCastExpr
<TEST_DIR>/if.cpp
78
31
<end>
0
0
ADDR_117
0
0
0
<Id to Class Map>
ADDR_214
ImplicitCastExpr
<Top Level Types>
ADDR_039
<Visited Children>
ADDR_215
3
ADDR_210
ADDR_212
ADDR_214
<CallExprData>
ADDR_215
CXXOperatorCallExpr
<TEST_DIR>/if.cpp
78
11
<TEST_DIR>/if.cpp
78
31
0
0
ADDR_039
0
0
0
ADDR_145
<Id to Class Map>
ADDR_215
CXXOperatorCallExpr
<Top Level Types>
ADDR_007
<Visited Children>
ADDR_216
0
<DeclRefExprData>
ADDR_216
DeclRefExpr
<TEST_DIR>/if.cpp
78
41
<end>
0
0
ADDR_007
1
0
0

0
ADDR_103
<Id to Class Map>
ADDR_216
DeclRefExpr
<Top Level Types>
ADDR_007
<Visited Children>
ADDR_217
0
<IntegerLiteralData>
ADDR_217
IntegerLiteral
<TEST_DIR>/if.cpp
78
54
<end>
0
0
ADDR_007
0
0
0
%CLAVA_SOURCE_BLOCK%
6
<Id to Class Map>
ADDR_217
IntegerLiteral
<Top Level Types>
ADDR_007
<Visited Children>
ADDR_218
2
ADDR_216
ADDR_217
<BinaryOperatorData>
ADDR_218
BinaryOperator
<TEST_DIR>/if.cpp
78
41
<TEST_DIR>/if.cpp
78
54
0
0
ADDR_007
1
0
0
Assign
<Id to Class Map>
ADDR_218
BinaryOperator
<Visited Children>
ADDR_219
4
nullptr_decl
ADDR_215
ADDR_218
nullptr_stmt
<StmtData>
ADDR_219
IfStmt
<TEST_DIR>/if.cpp
78
7
<TEST_DIR>/if.cpp
78
54
0
0
<Id to Class Map>
ADDR_219
IfStmt
<Visited Children>
ADDR_220
4
nullptr_decl
ADDR_205
ADDR_208
ADDR_219
<StmtData>
ADDR_220
IfStmt
<TEST_DIR>/if.cpp
77
7
<TEST_DIR>/if.cpp
78
54
0
0
<Id to Class Map>
ADDR_220
IfStmt
<Visited Children>
ADDR_221
4
nullptr_decl
ADDR_195
ADDR_198
ADDR_220
<StmtData>
ADDR_221
IfStmt
<TEST_DIR>/if.cpp
76
7
<TEST_DIR>/if.cpp
78
54
0
0
<Id to Class Map>
ADDR_221
IfStmt
<Visited Children>
ADDR_222
4
nullptr_decl
ADDR_185
ADDR_188
ADDR_221
<StmtData>
ADDR_222
IfStmt
<TEST_DIR>/if.cpp
75
7
<TEST_DIR>/if.cpp
78
54
0
0
<Id to Class Map>
ADDR_222
IfStmt
<Visited Children>
ADDR_223
4
nullptr_decl
ADDR_174
ADDR_177
ADDR_222
<StmtData>
ADDR_223
IfStmt
<TEST_DIR>/if.cpp
74
7
<TEST_DIR>/if.cpp
78
54
0
0
<Id to Class Map>
ADDR_223
IfStmt
<Visited Children>
ADDR_224
4
nullptr_decl
ADDR_163
ADDR_166
ADDR_223
<StmtData>
ADDR_224
IfStmt
<TEST_DIR>/if.cpp
73
7
<TEST_DIR>/if.cpp
78
54
0
0
<Id to Class Map>
ADDR_224
IfStmt
<Visited Children>
ADDR_225
4
nullptr_decl
ADDR_152
ADDR_155
ADDR_224
<StmtData>
ADDR_225
IfStmt
<TEST_DIR>/if.cpp
72
2
<TEST_DIR>/if.cpp
78
54
0
0
<Id to Class Map>
ADDR_225
IfStmt
<Top Level Types>
ADDR_007
<Top Level Types>
ADDR_007
<Visited Children>
ADDR_226
0
<IntegerLiteralData>
ADDR_226
IntegerLiteral
<TEST_DIR>/if.cpp
80
20
<end>
0
0
ADDR_007
0
0
0
%CLAVA_SOURCE_BLOCK%
0
<Id to Class Map>
ADDR_226
IntegerLiteral
<Top Level Types>
ADDR_039
<Visited Children>
ADDR_227
1
ADDR_226
<ExprData>
ADDR_227
ImplicitCastExpr
<TEST_DIR>/if.cpp
80
20
<end>
0
0
ADDR_039
0
0
0
<Id to Class Map>
ADDR_227
ImplicitCastExpr
<Top Level Types>
ADDR_007
<Visited Children>
ADDR_228
0
<IntegerLiteralData>
ADDR_228
IntegerLiteral
<TEST_DIR>/if.cpp
80
24
<end>
0
0
ADDR_007
0
0
0
%CLAVA_SOURCE_BLOCK%
1
<Id to Class Map>
ADDR_228
IntegerLiteral
<Top Level Types>
ADDR_007
<Visited Children>
ADDR_229
0
<IntegerLiteralData>
ADDR_229
IntegerLiteral
<TEST_DIR>/if.cpp
80
28
<end>
0
0
ADDR_007
0
0
0
%CLAVA_SOURCE_BLOCK%
10
<Id to Class Map>
ADDR_229
IntegerLiteral
<Top Level Types>
ADDR_007
<Visited Children>
ADDR_230
3
ADDR_227
ADDR_228
ADDR_229
<ExprData>
ADDR_230
ConditionalOperator
<TEST_DIR>/if.cpp
80
20
<TEST_DIR>/if.cpp
80
28
0
0
ADDR_007
0
0
0
<Id to Class Map>
ADDR_230
ConditionalOperator
<Visited Children>
ADDR_231
1
ADDR_230
<VarDeclData>
ADDR_231
VarDecl
<TEST_DIR>/if.cpp
80
2
<TEST_DIR>/if.cpp
80
28
0
0
0
0
0
0
0
0

conditional
0
0
0
None
Default
ADDR_007
0
None
NONE
0
CINIT
0
0
0
0
<Id to Class Map>
ADDR_231
VarDecl
<Visited Children>
ADDR_232
1
ADDR_231
<StmtData>
ADDR_232
DeclStmt
<TEST_DIR>/if.cpp
80
2
<TEST_DIR>/if.cpp
80
30
0
0
<Id to Class Map>
ADDR_232
DeclStmt
<Top Level Types>
ADDR_007
<Visited Children>
ADDR_233
0
<IntegerLiteralData>
ADDR_233
IntegerLiteral
<TEST_DIR>/if.cpp
82
9
<end>
0
0
ADDR_007
0
0
0
%CLAVA_SOURCE_BLOCK%
0
<Id to Class Map>
ADDR_233
IntegerLiteral
<Visited Children>
ADDR_234
1
ADDR_233
<StmtData>
ADDR_234
ReturnStmt
<TEST_DIR>/if.cpp
82
2
<TEST_DIR>/if.cpp
82
9
0
0
<Id to Class Map>
ADDR_234
ReturnStmt
<Visited Children>
ADDR_235
17
ADDR_011
ADDR_016
ADDR_023
ADDR_030
ADDR_037
ADDR_045
ADDR_049
ADDR_060
ADDR_070
ADDR_077
ADDR_091
ADDR_100
ADDR_104
ADDR_123
ADDR_225
ADDR_232
ADDR_234
<StmtData>
ADDR_235
CompoundStmt
<TEST_DIR>/if.cpp
7
12
<TEST_DIR>/if.cpp
83
1
0
0
<Id to Class Map>
ADDR_235
CompoundStmt
<Visited Children>
ADDR_236
1
ADDR_235
<FunctionDeclData>
ADDR_236
FunctionDecl
<TEST_DIR>/if.cpp
7
1
<TEST_DIR>/if.cpp
83
1
0
0
0
0
0
0
0
0

main
0
0
0
External
Default
ADDR_008
0
0
0
None
0
0
0
0
0
nullptr_decl
ADDR_236
nullptr_decl
0
<Id to Class Map>
ADDR_236
FunctionDecl
<Visited Children>
ADDR_237
1
ADDR_062
<StmtData>
ADDR_237
DeclStmt
<TEST_DIR>/if.cpp
44
5
<TEST_DIR>/if.cpp
44
13
0
0
<Id to Class Map>
ADDR_237
DeclStmt
<Visited Children>
ADDR_238
1
ADDR_072
<StmtData>
ADDR_238
DeclStmt
<TEST_DIR>/if.cpp
49
5
<TEST_DIR>/if.cpp
49
13
0
0
<Id to Class Map>
ADDR_238
DeclStmt
<Visited Children>
ADDR_239
1
ADDR_079
<StmtData>
ADDR_239
DeclStmt
<TEST_DIR>/if.cpp
54
5
<TEST_DIR>/if.cpp
54
13
0
0
<Id to Class Map>
ADDR_239
DeclStmt
<Top Level Nodes>
ADDR_240
<Top Level Types>
ADDR_007
<Visited Children>
ADDR_241
0
<VarDeclData>
ADDR_241
VarDecl
<TEST_DIR>/if.cpp
85
1
<TEST_DIR>/if.cpp
85
5
0
0
0
0
0
0
0
0

a
0
0
0
External
Default
ADDR_007
0
None
NONE
0
CINIT
0
0
0
1
<Id to Class Map>
ADDR_241
VarDecl
