<Compiler Instance Data>
<TEST_DIR>/clava_issue39.cpp
1
0
0
0
1
1
1
1
0
0
0
1
1
1
0
0
0
0
1
0
1
8
32
64
<LONG_DOUBLE_WIDTH>
8
16
32
<LONG_WIDTH>
64
<Id-File Map>
0
<TEST_DIR>/clava_issue39.cpp
<Includes>
<TEST_DIR>/clava_issue39.cpp
iostream
1
1
<Top Level Nodes>
ADDR_001
<Visited Children>
ADDR_002
0
<TemplateTypeParmTypeData>
ADDR_002
TemplateTypeParmType
T
DEPENDENT
0
0
0
nullptr_type
0
0
0
ADDR_003
<Id to Class Map>
ADDR_002
TemplateTypeParmType
<Visited Children>
ADDR_003
0
<TemplateTypeParmDeclData>
ADDR_003
TemplateTypeParmDecl
<TEST_DIR>/clava_issue39.cpp
2
10
<TEST_DIR>/clava_issue39.cpp
2
19
0
0
0
0
0
0
0
0
is_void
T
0
1
0
None
Default
ADDR_002
TYPENAME
0
nullptr_type
<Id to Class Map>
ADDR_003
TemplateTypeParmDecl
<Visited Children>
ADDR_004
0
<TypeData>
ADDR_004
InjectedClassNameType
is_void<T>
DEPENDENT
0
0
0
nullptr_type
<Id to Class Map>
ADDR_004
InjectedClassNameType
<Visited Children>
ADDR_005
0
<TagTypeData>
ADDR_005
RecordType
std::integral_constant<bool, false>
NONE
0
0
0
nullptr_type
ADDR_006
<Id to Class Map>
ADDR_005
RecordType
<Visited Children>
ADDR_007
0
<BuiltinTypeData>
ADDR_007
BuiltinType
bool
NONE
0
0
0
nullptr_type
Bool
bool
<Id to Class Map>
ADDR_007
BuiltinType
<Visited Children>
ADDR_008
0
<TemplateSpecializationTypeData>
ADDR_008
TemplateSpecializationType
integral_constant<bool, false>
NONE
0
0
0
ADDR_005
0
nullptr_type
integral_constant
ADDR_009
2
Type
ADDR_007
Expression
ADDR_010
<Id to Class Map>
ADDR_008
TemplateSpecializationType
<Visited Children>
ADDR_011
0
<ElaboratedTypeData>
ADDR_011
ElaboratedType
integral_constant<bool, false>
NONE
0
0
0
ADDR_008
None

ADDR_008
<Id to Class Map>
ADDR_011
ElaboratedType
<Visited Children>
ADDR_012
0
<TypedefTypeData>
ADDR_012
TypedefType
std::false_type
NONE
0
0
0
ADDR_011
ADDR_013
<Id to Class Map>
ADDR_012
TypedefType
<Visited Children>
ADDR_014
0
<ElaboratedTypeData>
ADDR_014
ElaboratedType
std::false_type
NONE
0
0
0
ADDR_012
None
std::
ADDR_012
<Id to Class Map>
ADDR_014
ElaboratedType
<Visited Children>
ADDR_015
0
<CXXRecordDeclData>
ADDR_015
CXXRecordDecl
<TEST_DIR>/clava_issue39.cpp
3
1
<TEST_DIR>/clava_issue39.cpp
5
1
0
0
0
0
0
0
0
0

is_void
0
0
0
External
Default
ADDR_004
Struct
1
0
1
0
0
NONE
PUBLIC
ADDR_014
ADDR_015
<Id to Class Map>
ADDR_015
CXXRecordDecl
<Visited Children>
ADDR_001
2
ADDR_003
ADDR_015
<TemplateDeclData>
ADDR_001
ClassTemplateDecl
<TEST_DIR>/clava_issue39.cpp
2
1
<TEST_DIR>/clava_issue39.cpp
5
1
0
0
0
0
0
0
0
0

is_void
0
0
0
External
Default
1
ADDR_003
ADDR_015
<Id to Class Map>
ADDR_001
ClassTemplateDecl
<Top Level Nodes>
ADDR_016
<Visited Children>
ADDR_017
0
<TagTypeData>
ADDR_017
RecordType
is_void<void>
NONE
0
0
0
nullptr_type
ADDR_016
<Id to Class Map>
ADDR_017
RecordType
<Visited Children>
ADDR_018
0
<TagTypeData>
ADDR_018
RecordType
std::integral_constant<bool, true>
NONE
0
0
0
nullptr_type
ADDR_019
<Id to Class Map>
ADDR_018
RecordType
<Visited Children>
ADDR_020
0
<TemplateSpecializationTypeData>
ADDR_020
TemplateSpecializationType
integral_constant<bool, true>
NONE
0
0
0
ADDR_018
0
nullptr_type
integral_constant
ADDR_009
2
Type
ADDR_007
Expression
ADDR_021
<Id to Class Map>
ADDR_020
TemplateSpecializationType
<Visited Children>
ADDR_022
0
<ElaboratedTypeData>
ADDR_022
ElaboratedType
integral_constant<bool, true>
NONE
0
0
0
ADDR_020
None

ADDR_020
<Id to Class Map>
ADDR_022
ElaboratedType
<Visited Children>
ADDR_023
0
<TypedefTypeData>
ADDR_023
TypedefType
std::true_type
NONE
0
0
0
ADDR_022
ADDR_024
<Id to Class Map>
ADDR_023
TypedefType
<Visited Children>
ADDR_025
0
<ElaboratedTypeData>
ADDR_025
ElaboratedType
std::true_type
NONE
0
0
0
ADDR_023
None
std::
ADDR_023
<Id to Class Map>
ADDR_025
ElaboratedType
<Visited Children>
ADDR_026
0
<BuiltinTypeData>
ADDR_026
BuiltinType
void
NONE
0
0
0
nullptr_type
Void
void
<Id to Class Map>
ADDR_026
BuiltinType
<Visited Children>
ADDR_016
0
<ClassTemplateSpecializationDeclData>
ADDR_016
ClassTemplateSpecializationDecl
<TEST_DIR>/clava_issue39.cpp
6
1
<TEST_DIR>/clava_issue39.cpp
9
1
0
0
0
0
0
0
0
0

is_void
0
0
0
External
Default
ADDR_017
Struct
1
0
1
0
0
NONE
PUBLIC
ADDR_025
ADDR_016
ADDR_001
ExplicitSpecialization
1
Type
ADDR_026
<Id to Class Map>
ADDR_016
ClassTemplateSpecializationDecl
<Top Level Nodes>
ADDR_027
<Visited Children>
ADDR_028
0
<BuiltinTypeData>
ADDR_028
BuiltinType
int
NONE
0
0
0
nullptr_type
Int
int
<Id to Class Map>
ADDR_028
BuiltinType
<Visited Children>
ADDR_029
0
<FunctionProtoTypeData>
ADDR_029
FunctionProtoType
int ()
NONE
0
0
0
nullptr_type
0
0
0
0
0
0
0
C
ADDR_028
0
0
0
0
None
None
0
<Id to Class Map>
ADDR_029
FunctionProtoType
<Top Level Types>
ADDR_029
<Visited Children>
ADDR_030
0
<TagTypeData>
ADDR_030
RecordType
std::ostream
NONE
0
0
0
nullptr_type
ADDR_031
<Id to Class Map>
ADDR_030
RecordType
<Visited Children>
ADDR_032
0
<BuiltinTypeData>
ADDR_032
BuiltinType
char
NONE
0
0
0
nullptr_type
Char_S
char
<Id to Class Map>
ADDR_032
BuiltinType
<Visited Children>
ADDR_033
0
<TagTypeData>
ADDR_033
RecordType
std::char_traits<char>
NONE
0
0
0
nullptr_type
ADDR_034
<Id to Class Map>
ADDR_033
RecordType
<Visited Children>
ADDR_035
0
<SubstTemplateTypeParmTypeData>
ADDR_035
SubstTemplateTypeParmType
std::char_traits<char>
NONE
0
0
0
ADDR_033
ADDR_036
ADDR_033
<Id to Class Map>
ADDR_035
SubstTemplateTypeParmType
<Visited Children>
ADDR_037
0
<TemplateSpecializationTypeData>
ADDR_037
TemplateSpecializationType
basic_ostream<char, std::char_traits<char>>
NONE
0
0
0
ADDR_030
0
nullptr_type
basic_ostream
ADDR_038
2
Type
ADDR_032
Type
ADDR_035
<Id to Class Map>
ADDR_037
TemplateSpecializationType
<Visited Children>
ADDR_039
0
<ElaboratedTypeData>
ADDR_039
ElaboratedType
basic_ostream<char, char_traits<char>>
NONE
0
0
0
ADDR_037
None

ADDR_037
<Id to Class Map>
ADDR_039
ElaboratedType
<Visited Children>
ADDR_040
0
<ReferenceTypeData>
ADDR_040
LValueReferenceType
basic_ostream<char, char_traits<char>> &
NONE
0
0
0
nullptr_type
ADDR_039
<Id to Class Map>
ADDR_040
LValueReferenceType
<Visited Children>
ADDR_041
0
<TemplateSpecializationTypeData>
ADDR_041
TemplateSpecializationType
basic_ostream<char, std::char_traits<char>>
NONE
0
0
0
ADDR_030
0
nullptr_type
basic_ostream
ADDR_038
2
Type
ADDR_032
Type
ADDR_035
<Id to Class Map>
ADDR_041
TemplateSpecializationType
<Visited Children>
ADDR_042
0
<ElaboratedTypeData>
ADDR_042
ElaboratedType
basic_ostream<char, char_traits<char>>
NONE
0
0
0
ADDR_041
None

ADDR_041
<Id to Class Map>
ADDR_042
ElaboratedType
<Visited Children>
ADDR_043
0
<ReferenceTypeData>
ADDR_043
LValueReferenceType
basic_ostream<char, char_traits<char>> &
NONE
0
0
0
nullptr_type
ADDR_042
<Id to Class Map>
ADDR_043
LValueReferenceType
<Visited Children>
ADDR_044
0
<FunctionProtoTypeData>
ADDR_044
FunctionProtoType
basic_ostream<char, char_traits<char>> &(basic_ostream<char, char_traits<char>> &, char)
NONE
0
0
0
nullptr_type
0
0
0
0
0
0
0
C
ADDR_040
2
2
ADDR_043
ADDR_032
0
0
None
None
0
<Id to Class Map>
ADDR_044
FunctionProtoType
<Top Level Types>
ADDR_044
<Visited Children>
ADDR_045
0
<DeclRefExprData>
ADDR_045
DeclRefExpr
<TEST_DIR>/clava_issue39.cpp
14
39
<end>
0
0
ADDR_044
1
0
0

0
ADDR_046
<Id to Class Map>
ADDR_045
DeclRefExpr
<Visited Children>
ADDR_047
0
<PointerTypeData>
ADDR_047
PointerType
basic_ostream<char, char_traits<char>> &(*)(basic_ostream<char, char_traits<char>> &, char)
NONE
0
0
0
nullptr_type
ADDR_044
<Id to Class Map>
ADDR_047
PointerType
<Top Level Types>
ADDR_047
<Visited Children>
ADDR_048
1
ADDR_045
<ExprData>
ADDR_048
ImplicitCastExpr
<TEST_DIR>/clava_issue39.cpp
14
39
<end>
0
0
ADDR_047
0
0
0
<Id to Class Map>
ADDR_048
ImplicitCastExpr
<Visited Children>
ADDR_049
0
<ElaboratedTypeData>
ADDR_049
ElaboratedType
ostream
NONE
0
0
0
ADDR_030
None

ADDR_030
<Id to Class Map>
ADDR_049
ElaboratedType
<Visited Children>
ADDR_050
0
<ReferenceTypeData>
ADDR_050
LValueReferenceType
ostream &
NONE
0
0
0
nullptr_type
ADDR_049
<Id to Class Map>
ADDR_050
LValueReferenceType
<Visited Children>
ADDR_051
0
<FunctionProtoTypeData>
ADDR_051
FunctionProtoType
ostream &(bool)
NONE
0
0
0
nullptr_type
0
0
0
0
0
0
0
C
ADDR_050
1
1
ADDR_007
0
0
None
None
0
<Id to Class Map>
ADDR_051
FunctionProtoType
<Top Level Types>
ADDR_051
<Visited Children>
ADDR_052
0
<DeclRefExprData>
ADDR_052
DeclRefExpr
<TEST_DIR>/clava_issue39.cpp
14
15
<end>
0
0
ADDR_051
1
0
0

0
ADDR_053
<Id to Class Map>
ADDR_052
DeclRefExpr
<Visited Children>
ADDR_054
0
<PointerTypeData>
ADDR_054
PointerType
ostream &(*)(bool)
NONE
0
0
0
nullptr_type
ADDR_051
<Id to Class Map>
ADDR_054
PointerType
<Top Level Types>
ADDR_054
<Visited Children>
ADDR_055
1
ADDR_052
<ExprData>
ADDR_055
ImplicitCastExpr
<TEST_DIR>/clava_issue39.cpp
14
15
<end>
0
0
ADDR_054
0
0
0
<Id to Class Map>
ADDR_055
ImplicitCastExpr
<Visited Children>
ADDR_056
0
<TemplateSpecializationTypeData>
ADDR_056
TemplateSpecializationType
basic_ostream<char>
NONE
0
0
0
ADDR_030
0
nullptr_type
basic_ostream
ADDR_057
1
Type
ADDR_032
<Id to Class Map>
ADDR_056
TemplateSpecializationType
<Visited Children>
ADDR_058
0
<ElaboratedTypeData>
ADDR_058
ElaboratedType
basic_ostream<char>
NONE
0
0
0
ADDR_056
None

ADDR_056
<Id to Class Map>
ADDR_058
ElaboratedType
<Visited Children>
ADDR_059
0
<TypedefTypeData>
ADDR_059
TypedefType
std::ostream
NONE
0
0
0
ADDR_058
ADDR_060
<Id to Class Map>
ADDR_059
TypedefType
<Visited Children>
ADDR_061
0
<ElaboratedTypeData>
ADDR_061
ElaboratedType
ostream
NONE
0
0
0
ADDR_059
None

ADDR_059
<Id to Class Map>
ADDR_061
ElaboratedType
<Top Level Types>
ADDR_061
<Visited Children>
ADDR_062
0
<DeclRefExprData>
ADDR_062
DeclRefExpr
<TEST_DIR>/clava_issue39.cpp
14
5
<TEST_DIR>/clava_issue39.cpp
14
10
0
0
ADDR_061
1
0
0
std::
0
ADDR_063
<Id to Class Map>
ADDR_062
DeclRefExpr
<Visited Children>
ADDR_064
0
<SubstTemplateTypeParmTypeData>
ADDR_064
SubstTemplateTypeParmType
bool
NONE
0
0
0
ADDR_007
ADDR_065
ADDR_007
<Id to Class Map>
ADDR_064
SubstTemplateTypeParmType
<Visited Children>
ADDR_066
0
<QualTypeData>
ADDR_066
QualType
const bool
NONE
0
0
0
nullptr_type
1
CONST
NONE
0
ADDR_007
<Id to Class Map>
ADDR_066
QualType
<Visited Children>
ADDR_067
0
<QualTypeData>
ADDR_067
QualType
const bool
NONE
0
0
0
ADDR_007
1
CONST
NONE
0
ADDR_064
<Id to Class Map>
ADDR_067
QualType
<Top Level Types>
ADDR_067
<Visited Children>
ADDR_068
0
<DeclRefExprData>
ADDR_068
DeclRefExpr
<TEST_DIR>/clava_issue39.cpp
14
18
<TEST_DIR>/clava_issue39.cpp
14
33
0
0
ADDR_067
1
0
0
is_void<char>::
0
ADDR_069
<Id to Class Map>
ADDR_068
DeclRefExpr
<Top Level Types>
ADDR_064
<Visited Children>
ADDR_070
1
ADDR_068
<ExprData>
ADDR_070
ImplicitCastExpr
<TEST_DIR>/clava_issue39.cpp
14
18
<TEST_DIR>/clava_issue39.cpp
14
33
0
0
ADDR_064
0
0
0
<Id to Class Map>
ADDR_070
ImplicitCastExpr
<Top Level Types>
ADDR_049
<Visited Children>
ADDR_071
3
ADDR_055
ADDR_062
ADDR_070
<CallExprData>
ADDR_071
CXXOperatorCallExpr
<TEST_DIR>/clava_issue39.cpp
14
5
<TEST_DIR>/clava_issue39.cpp
14
33
0
0
ADDR_049
1
0
0
ADDR_053
<Id to Class Map>
ADDR_071
CXXOperatorCallExpr
<Top Level Types>
ADDR_032
<Visited Children>
ADDR_072
0
<CharacterLiteralData>
ADDR_072
CharacterLiteral
<TEST_DIR>/clava_issue39.cpp
14
42
<end>
0
0
ADDR_032
0
0
0
%CLAVA_SOURCE_BLOCK%
10
ORDINARY
<Id to Class Map>
ADDR_072
CharacterLiteral
<Top Level Types>
ADDR_039
<Visited Children>
ADDR_073
3
ADDR_048
ADDR_071
ADDR_072
<CallExprData>
ADDR_073
CXXOperatorCallExpr
<TEST_DIR>/clava_issue39.cpp
14
5
<TEST_DIR>/clava_issue39.cpp
14
42
0
0
ADDR_039
1
0
0
ADDR_046
<Id to Class Map>
ADDR_073
CXXOperatorCallExpr
<Top Level Types>
ADDR_044
<Visited Children>
ADDR_074
0
<DeclRefExprData>
ADDR_074
DeclRefExpr
<TEST_DIR>/clava_issue39.cpp
17
39
<end>
0
0
ADDR_044
1
0
0

0
ADDR_046
<Id to Class Map>
ADDR_074
DeclRefExpr
<Top Level Types>
ADDR_047
<Visited Children>
ADDR_075
1
ADDR_074
<ExprData>
ADDR_075
ImplicitCastExpr
<TEST_DIR>/clava_issue39.cpp
17
39
<end>
0
0
ADDR_047
0
0
0
<Id to Class Map>
ADDR_075
ImplicitCastExpr
<Top Level Types>
ADDR_051
<Visited Children>
ADDR_076
0
<DeclRefExprData>
ADDR_076
DeclRefExpr
<TEST_DIR>/clava_issue39.cpp
17
15
<end>
0
0
ADDR_051
1
0
0

0
ADDR_053
<Id to Class Map>
ADDR_076
DeclRefExpr
<Top Level Types>
ADDR_054
<Visited Children>
ADDR_077
1
ADDR_076
<ExprData>
ADDR_077
ImplicitCastExpr
<TEST_DIR>/clava_issue39.cpp
17
15
<end>
0
0
ADDR_054
0
0
0
<Id to Class Map>
ADDR_077
ImplicitCastExpr
<Top Level Types>
ADDR_061
<Visited Children>
ADDR_078
0
<DeclRefExprData>
ADDR_078
DeclRefExpr
<TEST_DIR>/clava_issue39.cpp
17
5
<TEST_DIR>/clava_issue39.cpp
17
10
0
0
ADDR_061
1
0
0
std::
0
ADDR_063
<Id to Class Map>
ADDR_078
DeclRefExpr
<Visited Children>
ADDR_079
0
<SubstTemplateTypeParmTypeData>
ADDR_079
SubstTemplateTypeParmType
bool
NONE
0
0
0
ADDR_007
ADDR_065
ADDR_007
<Id to Class Map>
ADDR_079
SubstTemplateTypeParmType
<Visited Children>
ADDR_080
0
<QualTypeData>
ADDR_080
QualType
const bool
NONE
0
0
0
ADDR_007
1
CONST
NONE
0
ADDR_079
<Id to Class Map>
ADDR_080
QualType
<Top Level Types>
ADDR_080
<Visited Children>
ADDR_081
0
<DeclRefExprData>
ADDR_081
DeclRefExpr
<TEST_DIR>/clava_issue39.cpp
17
18
<TEST_DIR>/clava_issue39.cpp
17
33
0
0
ADDR_080
1
0
0
is_void<void>::
0
ADDR_082
<Id to Class Map>
ADDR_081
DeclRefExpr
<Top Level Types>
ADDR_079
<Visited Children>
ADDR_083
1
ADDR_081
<ExprData>
ADDR_083
ImplicitCastExpr
<TEST_DIR>/clava_issue39.cpp
17
18
<TEST_DIR>/clava_issue39.cpp
17
33
0
0
ADDR_079
0
0
0
<Id to Class Map>
ADDR_083
ImplicitCastExpr
<Top Level Types>
ADDR_049
<Visited Children>
ADDR_084
3
ADDR_077
ADDR_078
ADDR_083
<CallExprData>
ADDR_084
CXXOperatorCallExpr
<TEST_DIR>/clava_issue39.cpp
17
5
<TEST_DIR>/clava_issue39.cpp
17
33
0
0
ADDR_049
1
0
0
ADDR_053
<Id to Class Map>
ADDR_084
CXXOperatorCallExpr
<Top Level Types>
ADDR_032
<Visited Children>
ADDR_085
0
<CharacterLiteralData>
ADDR_085
CharacterLiteral
<TEST_DIR>/clava_issue39.cpp
17
42
<end>
0
0
ADDR_032
0
0
0
%CLAVA_SOURCE_BLOCK%
10
ORDINARY
<Id to Class Map>
ADDR_085
CharacterLiteral
<Top Level Types>
ADDR_039
<Visited Children>
ADDR_086
3
ADDR_075
ADDR_084
ADDR_085
<CallExprData>
ADDR_086
CXXOperatorCallExpr
<TEST_DIR>/clava_issue39.cpp
17
5
<TEST_DIR>/clava_issue39.cpp
17
42
0
0
ADDR_039
1
0
0
ADDR_046
<Id to Class Map>
ADDR_086
CXXOperatorCallExpr
<Visited Children>
ADDR_087
2
ADDR_073
ADDR_086
<StmtData>
ADDR_087
CompoundStmt
<TEST_DIR>/clava_issue39.cpp
11
1
<TEST_DIR>/clava_issue39.cpp
18
1
0
0
<Id to Class Map>
ADDR_087
CompoundStmt
<Visited Children>
ADDR_027
1
ADDR_087
<FunctionDeclData>
ADDR_027
FunctionDecl
<TEST_DIR>/clava_issue39.cpp
10
1
<TEST_DIR>/clava_issue39.cpp
18
1
0
0
0
0
0
0
0
0

main
0
0
0
External
Default
ADDR_029
0
0
0
None
0
0
0
0
0
nullptr_decl
ADDR_027
nullptr_decl
0
<Id to Class Map>
ADDR_027
FunctionDecl
