<Compiler Instance Data>
<TEST_DIR>/clava_issue24.cpp
1
0
0
0
1
1
1
1
0
0
0
1
1
1
0
0
0
0
1
0
1
8
32
64
<LONG_DOUBLE_WIDTH>
8
16
32
<LONG_WIDTH>
64
<Id-File Map>
0
<TEST_DIR>/clava_issue24.cpp
<Top Level Nodes>
ADDR_001
<Visited Children>
ADDR_002
0
<TagTypeData>
ADDR_002
RecordType
clt::enclose
NONE
0
0
0
nullptr_type
ADDR_003
<Id to Class Map>
ADDR_002
RecordType
<Visited Children>
ADDR_004
0
<TagTypeData>
ADDR_004
RecordType
clt::enclose::inner
NONE
0
0
0
nullptr_type
ADDR_005
<Id to Class Map>
ADDR_004
RecordType
<Visited Children>
ADDR_006
0
<BuiltinTypeData>
ADDR_006
BuiltinType
int
NONE
0
0
0
nullptr_type
Int
int
<Id to Class Map>
ADDR_006
BuiltinType
<Top Level Types>
ADDR_006
<Visited Children>
ADDR_007
0
<VarDeclData>
ADDR_007
VarDecl
<TEST_DIR>/clava_issue24.cpp
5
12
<TEST_DIR>/clava_issue24.cpp
5
23
0
0
0
0
0
0
0
0
clt::enclose::inner
x
0
1
0
External
Default
ADDR_006
0
Static
NONE
0
CINIT
0
1
0
1
<Id to Class Map>
ADDR_007
VarDecl
<Visited Children>
ADDR_008
0
<BuiltinTypeData>
ADDR_008
BuiltinType
void
NONE
0
0
0
nullptr_type
Void
void
<Id to Class Map>
ADDR_008
BuiltinType
<Visited Children>
ADDR_009
0
<FunctionProtoTypeData>
ADDR_009
FunctionProtoType
void ()
NONE
0
0
0
nullptr_type
0
0
0
0
0
0
0
C
ADDR_008
0
0
0
0
None
None
0
<Id to Class Map>
ADDR_009
FunctionProtoType
<Top Level Types>
ADDR_009
<Visited Children>
ADDR_010
0
<PointerTypeData>
ADDR_010
PointerType
clt::enclose::inner *
NONE
0
0
0
nullptr_type
ADDR_004
<Id to Class Map>
ADDR_010
PointerType
<Visited Children>
ADDR_011
0
<CXXMethodDeclData>
ADDR_011
CXXMethodDecl
<TEST_DIR>/clava_issue24.cpp
6
12
<TEST_DIR>/clava_issue24.cpp
6
19
0
0
0
0
0
0
0
0
clt::enclose::inner
f
0
1
1
External
Default
ADDR_009
0
0
0
None
0
0
0
0
0
nullptr_decl
ADDR_011
nullptr_decl
0
ADDR_005
0
0
1
0
0
0
0
0
ADDR_010
ADDR_004
0
0
<Id to Class Map>
ADDR_011
CXXMethodDecl
<Visited Children>
ADDR_005
2
ADDR_007
ADDR_011
<CXXRecordDeclData>
ADDR_005
CXXRecordDecl
<TEST_DIR>/clava_issue24.cpp
4
8
<TEST_DIR>/clava_issue24.cpp
7
8
0
0
0
0
0
0
0
0
clt::enclose
inner
0
1
0
External
Default
ADDR_004
Struct
1
0
0
ADDR_005
<Id to Class Map>
ADDR_005
CXXRecordDecl
<Visited Children>
ADDR_003
1
ADDR_005
<CXXRecordDeclData>
ADDR_003
CXXRecordDecl
<TEST_DIR>/clava_issue24.cpp
3
4
<TEST_DIR>/clava_issue24.cpp
8
4
0
0
0
0
0
0
0
0
clt
enclose
0
0
0
External
Default
ADDR_002
Struct
1
0
0
ADDR_003
<Id to Class Map>
ADDR_003
CXXRecordDecl
<Top Level Types>
ADDR_006
<Top Level Types>
ADDR_006
<Visited Children>
ADDR_012
0
<IntegerLiteralData>
ADDR_012
IntegerLiteral
<TEST_DIR>/clava_issue24.cpp
9
28
<end>
0
0
ADDR_006
0
0
0
%CLAVA_SOURCE_BLOCK%
1
<Id to Class Map>
ADDR_012
IntegerLiteral
<Visited Children>
ADDR_013
1
ADDR_012
<VarDeclData>
ADDR_013
VarDecl
<TEST_DIR>/clava_issue24.cpp
9
4
<TEST_DIR>/clava_issue24.cpp
9
28
0
0
0
0
0
0
0
0
clt::enclose::inner
x
0
1
0
External
Default
ADDR_006
0
None
NONE
0
CINIT
0
1
1
1
<Id to Class Map>
ADDR_013
VarDecl
<Top Level Types>
ADDR_009
<Visited Children>
ADDR_014
0
<StmtData>
ADDR_014
CompoundStmt
<TEST_DIR>/clava_issue24.cpp
10
29
<TEST_DIR>/clava_issue24.cpp
10
30
0
0
<Id to Class Map>
ADDR_014
CompoundStmt
<Visited Children>
ADDR_015
1
ADDR_014
<CXXMethodDeclData>
ADDR_015
CXXMethodDecl
<TEST_DIR>/clava_issue24.cpp
10
4
<TEST_DIR>/clava_issue24.cpp
10
30
0
0
0
0
0
0
0
0
clt::enclose::inner
f
0
1
1
External
Default
ADDR_009
0
0
0
None
0
0
0
0
0
ADDR_011
ADDR_011
nullptr_decl
0
ADDR_005
0
0
1
0
0
0
0
0
ADDR_010
ADDR_004
0
0
<Id to Class Map>
ADDR_015
CXXMethodDecl
<Visited Children>
ADDR_001
3
ADDR_003
ADDR_013
ADDR_015
<NamespaceDeclData>
ADDR_001
NamespaceDecl
<TEST_DIR>/clava_issue24.cpp
1
1
<TEST_DIR>/clava_issue24.cpp
11
1
0
0
0
0
0
0
0
0

clt
0
0
0
External
Default
%CLAVA_SOURCE_BLOCK%
<Id to Class Map>
ADDR_001
NamespaceDecl
