<Compiler Instance Data>
<TEST_DIR>/functions.cpp
1
0
0
0
1
1
1
1
0
0
1
1
1
0
0
0
0
1
0
1
8
32
64
128
8
16
32
64
64
<Id-File Map>
0
<TEST_DIR>/functions.cpp
<Includes>
<TEST_DIR>/functions.cpp
stdio.h
1
1
<Top Level Nodes>
ADDR_001
<Visited Children>
ADDR_002
0
<BuiltinTypeData>
ADDR_002
BuiltinType
void
NONE
0
0
0
nullptr_type
Void
void
<Id to Class Map>
ADDR_002
BuiltinType
<Visited Children>
ADDR_003
0
<BuiltinTypeData>
ADDR_003
BuiltinType
double
NONE
0
0
0
nullptr_type
Double
double
<Id to Class Map>
ADDR_003
BuiltinType
<Visited Children>
ADDR_004
0
<QualTypeData>
ADDR_004
QualType
const double
NONE
0
0
0
nullptr_type
1
CONST
NONE
0
ADDR_003
<Id to Class Map>
ADDR_004
QualType
<Visited Children>
ADDR_005
0
<ConstantArrayTypeData>
ADDR_005
ConstantArrayType
const double[3]
NONE
0
0
0
nullptr_type
Normal
0
ADDR_004
3
<Id to Class Map>
ADDR_005
ConstantArrayType
<Visited Children>
ADDR_006
0
<PointerTypeData>
ADDR_006
PointerType
const double (*)[3]
NONE
0
0
0
nullptr_type
ADDR_005
<Id to Class Map>
ADDR_006
PointerType
<Visited Children>
ADDR_007
0
<ConstantArrayTypeData>
ADDR_007
ConstantArrayType
const double[2][3]
NONE
0
0
0
nullptr_type
Normal
0
ADDR_005
2
<Id to Class Map>
ADDR_007
ConstantArrayType
<Visited Children>
ADDR_008
0
<DecayedTypeData>
ADDR_008
DecayedType
const double (*)[3]
NONE
0
0
0
ADDR_006
ADDR_007
ADDR_006
ADDR_006
ADDR_005
<Id to Class Map>
ADDR_008
DecayedType
<Visited Children>
ADDR_009
0
<FunctionProtoTypeData>
ADDR_009
FunctionProtoType
void (const double (*)[3])
NONE
0
0
0
nullptr_type
0
0
0
0
0
0
0
C
ADDR_002
1
1
ADDR_008
0
0
None
None
0
<Id to Class Map>
ADDR_009
FunctionProtoType
<Top Level Types>
ADDR_009
<Top Level Types>
ADDR_008
<Visited Children>
ADDR_010
0
<ParmVarDeclData>
ADDR_010
ParmVarDecl
<TEST_DIR>/functions.cpp
3
24
<TEST_DIR>/functions.cpp
3
43
0
0
0
1
1
0
0
0

I
0
0
0
NoLinkage
Default
ADDR_008
0
None
NONE
0
CINIT
0
0
0
0
0
<Id to Class Map>
ADDR_010
ParmVarDecl
<Visited Children>
ADDR_011
0
<BuiltinTypeData>
ADDR_011
BuiltinType
int
NONE
0
0
0
nullptr_type
Int
int
<Id to Class Map>
ADDR_011
BuiltinType
<Visited Children>
ADDR_012
0
<BuiltinTypeData>
ADDR_012
BuiltinType
char
NONE
0
0
0
nullptr_type
Char_S
char
<Id to Class Map>
ADDR_012
BuiltinType
<Visited Children>
ADDR_013
0
<QualTypeData>
ADDR_013
QualType
const char
NONE
0
0
0
nullptr_type
1
CONST
NONE
0
ADDR_012
<Id to Class Map>
ADDR_013
QualType
<Visited Children>
ADDR_014
0
<PointerTypeData>
ADDR_014
PointerType
const char *
NONE
0
0
0
nullptr_type
ADDR_013
<Id to Class Map>
ADDR_014
PointerType
<Visited Children>
ADDR_015
0
<QualTypeData>
ADDR_015
QualType
const char *__restrict
NONE
0
0
0
nullptr_type
1
RESTRICT
NONE
0
ADDR_014
<Id to Class Map>
ADDR_015
QualType
<Visited Children>
ADDR_016
0
<FunctionProtoTypeData>
ADDR_016
FunctionProtoType
int (const char *__restrict, ...)
NONE
0
0
0
nullptr_type
0
0
0
0
0
0
0
C
ADDR_011
1
1
ADDR_015
0
1
None
None
0
<Id to Class Map>
ADDR_016
FunctionProtoType
<Top Level Types>
ADDR_016
<Visited Children>
ADDR_017
0
<AttributeData>
ADDR_017
BuiltinAttr
<invalid>
0
0
Builtin
1
0
0
0
<Id to Class Map>
ADDR_017
BuiltinAttr
<Top Level Attributes>
ADDR_017
<Visited Children>
ADDR_018
0
<FormatAttrData>
ADDR_018
FormatAttr
/usr/include/stdio.h
363
12
<end>
0
1
Format
1
0
0
0
printf
1
2
<Id to Class Map>
ADDR_018
FormatAttr
<Top Level Attributes>
ADDR_018
<Top Level Types>
ADDR_016
<Top Level Types>
ADDR_015
<Visited Children>
ADDR_019
0
<ParmVarDeclData>
ADDR_019
ParmVarDecl
/usr/include/stdio.h
363
20
/usr/include/stdio.h
363
43
0
1
0
0
0
0
0
0

__format
0
0
0
NoLinkage
Default
ADDR_015
0
None
NONE
0
CINIT
0
0
0
0
0
<Id to Class Map>
ADDR_019
ParmVarDecl
<Visited Children>
ADDR_020
1
ADDR_019
<FunctionDeclData>
ADDR_020
FunctionDecl
/usr/include/stdio.h
363
1
/usr/include/stdio.h
363
56
0
1
0
1
1
0
0
2
ADDR_017
ADDR_018

printf
0
0
0
ExternalLinkage
Default
ADDR_016
0
0
0
Extern
0
0
0
0
0
nullptr_decl
ADDR_020
nullptr_decl
0
<Id to Class Map>
ADDR_020
FunctionDecl
<Visited Children>
ADDR_021
0
<DeclRefExprData>
ADDR_021
DeclRefExpr
<TEST_DIR>/functions.cpp
5
2
<end>
0
0
ADDR_016
1
0
0

0
ADDR_020
<Id to Class Map>
ADDR_021
DeclRefExpr
<Visited Children>
ADDR_022
0
<PointerTypeData>
ADDR_022
PointerType
int (*)(const char *__restrict, ...)
NONE
0
0
0
nullptr_type
ADDR_016
<Id to Class Map>
ADDR_022
PointerType
<Top Level Types>
ADDR_022
<Visited Children>
ADDR_023
1
ADDR_021
<ExprData>
ADDR_023
ImplicitCastExpr
<TEST_DIR>/functions.cpp
5
2
<end>
0
0
ADDR_022
0
0
0
<Id to Class Map>
ADDR_023
ImplicitCastExpr
<Visited Children>
ADDR_024
0
<ConstantArrayTypeData>
ADDR_024
ConstantArrayType
const char[18]
NONE
0
0
0
nullptr_type
Normal
0
ADDR_013
18
<Id to Class Map>
ADDR_024
ConstantArrayType
<Top Level Types>
ADDR_024
<Visited Children>
ADDR_025
0
<StringLiteralData>
ADDR_025
StringLiteral
<TEST_DIR>/functions.cpp
5
9
<end>
0
0
ADDR_024
1
0
0
%CLAVA_SOURCE_BEGIN%
"MomentsOfInertia\n"
%CLAVA_SOURCE_END%
ORDINARY
17
1
17
77
111
109
101
110
116
115
79
102
73
110
101
114
116
105
97
10
<Id to Class Map>
ADDR_025
StringLiteral
<Top Level Types>
ADDR_014
<Visited Children>
ADDR_026
1
ADDR_025
<ExprData>
ADDR_026
ImplicitCastExpr
<TEST_DIR>/functions.cpp
5
9
<end>
0
0
ADDR_014
0
0
0
<Id to Class Map>
ADDR_026
ImplicitCastExpr
<Top Level Types>
ADDR_011
<Visited Children>
ADDR_027
2
ADDR_023
ADDR_026
<CallExprData>
ADDR_027
CallExpr
<TEST_DIR>/functions.cpp
5
2
<TEST_DIR>/functions.cpp
5
29
0
0
ADDR_011
0
0
0
ADDR_020
<Id to Class Map>
ADDR_027
CallExpr
<Top Level Types>
ADDR_016
<Visited Children>
ADDR_028
0
<DeclRefExprData>
ADDR_028
DeclRefExpr
<TEST_DIR>/functions.cpp
6
2
<end>
0
0
ADDR_016
1
0
0

0
ADDR_020
<Id to Class Map>
ADDR_028
DeclRefExpr
<Top Level Types>
ADDR_022
<Visited Children>
ADDR_029
1
ADDR_028
<ExprData>
ADDR_029
ImplicitCastExpr
<TEST_DIR>/functions.cpp
6
2
<end>
0
0
ADDR_022
0
0
0
<Id to Class Map>
ADDR_029
ImplicitCastExpr
<Visited Children>
ADDR_030
0
<ConstantArrayTypeData>
ADDR_030
ConstantArrayType
const char[13]
NONE
0
0
0
nullptr_type
Normal
0
ADDR_013
13
<Id to Class Map>
ADDR_030
ConstantArrayType
<Top Level Types>
ADDR_030
<Visited Children>
ADDR_031
0
<StringLiteralData>
ADDR_031
StringLiteral
<TEST_DIR>/functions.cpp
6
9
<end>
0
0
ADDR_030
1
0
0
%CLAVA_SOURCE_BEGIN%
"%lf %lf %lf\n"
%CLAVA_SOURCE_END%
ORDINARY
12
1
12
37
108
102
32
37
108
102
32
37
108
102
10
<Id to Class Map>
ADDR_031
StringLiteral
<Top Level Types>
ADDR_014
<Visited Children>
ADDR_032
1
ADDR_031
<ExprData>
ADDR_032
ImplicitCastExpr
<TEST_DIR>/functions.cpp
6
9
<end>
0
0
ADDR_014
0
0
0
<Id to Class Map>
ADDR_032
ImplicitCastExpr
<Top Level Types>
ADDR_008
<Visited Children>
ADDR_033
0
<DeclRefExprData>
ADDR_033
DeclRefExpr
<TEST_DIR>/functions.cpp
6
26
<end>
0
0
ADDR_008
1
0
0

0
ADDR_010
<Id to Class Map>
ADDR_033
DeclRefExpr
<Top Level Types>
ADDR_008
<Visited Children>
ADDR_034
1
ADDR_033
<ExprData>
ADDR_034
ImplicitCastExpr
<TEST_DIR>/functions.cpp
6
26
<end>
0
0
ADDR_008
0
0
0
<Id to Class Map>
ADDR_034
ImplicitCastExpr
<Top Level Types>
ADDR_011
<Visited Children>
ADDR_035
0
<IntegerLiteralData>
ADDR_035
IntegerLiteral
<TEST_DIR>/functions.cpp
6
28
<end>
0
0
ADDR_011
0
0
0
%CLAVA_SOURCE_BEGIN%
0
%CLAVA_SOURCE_END%
0
<Id to Class Map>
ADDR_035
IntegerLiteral
<Top Level Types>
ADDR_005
<Visited Children>
ADDR_036
2
ADDR_034
ADDR_035
<ExprData>
ADDR_036
ArraySubscriptExpr
<TEST_DIR>/functions.cpp
6
26
<TEST_DIR>/functions.cpp
6
29
0
0
ADDR_005
1
0
0
<Id to Class Map>
ADDR_036
ArraySubscriptExpr
<Visited Children>
ADDR_037
0
<PointerTypeData>
ADDR_037
PointerType
const double *
NONE
0
0
0
nullptr_type
ADDR_004
<Id to Class Map>
ADDR_037
PointerType
<Top Level Types>
ADDR_037
<Visited Children>
ADDR_038
1
ADDR_036
<ExprData>
ADDR_038
ImplicitCastExpr
<TEST_DIR>/functions.cpp
6
26
<TEST_DIR>/functions.cpp
6
29
0
0
ADDR_037
0
0
0
<Id to Class Map>
ADDR_038
ImplicitCastExpr
<Top Level Types>
ADDR_011
<Visited Children>
ADDR_039
0
<IntegerLiteralData>
ADDR_039
IntegerLiteral
<TEST_DIR>/functions.cpp
6
31
<end>
0
0
ADDR_011
0
0
0
%CLAVA_SOURCE_BEGIN%
0
%CLAVA_SOURCE_END%
0
<Id to Class Map>
ADDR_039
IntegerLiteral
<Top Level Types>
ADDR_004
<Visited Children>
ADDR_040
2
ADDR_038
ADDR_039
<ExprData>
ADDR_040
ArraySubscriptExpr
<TEST_DIR>/functions.cpp
6
26
<TEST_DIR>/functions.cpp
6
32
0
0
ADDR_004
1
0
0
<Id to Class Map>
ADDR_040
ArraySubscriptExpr
<Top Level Types>
ADDR_003
<Visited Children>
ADDR_041
1
ADDR_040
<ExprData>
ADDR_041
ImplicitCastExpr
<TEST_DIR>/functions.cpp
6
26
<TEST_DIR>/functions.cpp
6
32
0
0
ADDR_003
0
0
0
<Id to Class Map>
ADDR_041
ImplicitCastExpr
<Top Level Types>
ADDR_008
<Visited Children>
ADDR_042
0
<DeclRefExprData>
ADDR_042
DeclRefExpr
<TEST_DIR>/functions.cpp
6
35
<end>
0
0
ADDR_008
1
0
0

0
ADDR_010
<Id to Class Map>
ADDR_042
DeclRefExpr
<Top Level Types>
ADDR_008
<Visited Children>
ADDR_043
1
ADDR_042
<ExprData>
ADDR_043
ImplicitCastExpr
<TEST_DIR>/functions.cpp
6
35
<end>
0
0
ADDR_008
0
0
0
<Id to Class Map>
ADDR_043
ImplicitCastExpr
<Top Level Types>
ADDR_011
<Visited Children>
ADDR_044
0
<IntegerLiteralData>
ADDR_044
IntegerLiteral
<TEST_DIR>/functions.cpp
6
37
<end>
0
0
ADDR_011
0
0
0
%CLAVA_SOURCE_BEGIN%
0
%CLAVA_SOURCE_END%
0
<Id to Class Map>
ADDR_044
IntegerLiteral
<Top Level Types>
ADDR_005
<Visited Children>
ADDR_045
2
ADDR_043
ADDR_044
<ExprData>
ADDR_045
ArraySubscriptExpr
<TEST_DIR>/functions.cpp
6
35
<TEST_DIR>/functions.cpp
6
38
0
0
ADDR_005
1
0
0
<Id to Class Map>
ADDR_045
ArraySubscriptExpr
<Top Level Types>
ADDR_037
<Visited Children>
ADDR_046
1
ADDR_045
<ExprData>
ADDR_046
ImplicitCastExpr
<TEST_DIR>/functions.cpp
6
35
<TEST_DIR>/functions.cpp
6
38
0
0
ADDR_037
0
0
0
<Id to Class Map>
ADDR_046
ImplicitCastExpr
<Top Level Types>
ADDR_011
<Visited Children>
ADDR_047
0
<IntegerLiteralData>
ADDR_047
IntegerLiteral
<TEST_DIR>/functions.cpp
6
40
<end>
0
0
ADDR_011
0
0
0
%CLAVA_SOURCE_BEGIN%
1
%CLAVA_SOURCE_END%
1
<Id to Class Map>
ADDR_047
IntegerLiteral
<Top Level Types>
ADDR_004
<Visited Children>
ADDR_048
2
ADDR_046
ADDR_047
<ExprData>
ADDR_048
ArraySubscriptExpr
<TEST_DIR>/functions.cpp
6
35
<TEST_DIR>/functions.cpp
6
41
0
0
ADDR_004
1
0
0
<Id to Class Map>
ADDR_048
ArraySubscriptExpr
<Top Level Types>
ADDR_003
<Visited Children>
ADDR_049
1
ADDR_048
<ExprData>
ADDR_049
ImplicitCastExpr
<TEST_DIR>/functions.cpp
6
35
<TEST_DIR>/functions.cpp
6
41
0
0
ADDR_003
0
0
0
<Id to Class Map>
ADDR_049
ImplicitCastExpr
<Top Level Types>
ADDR_008
<Visited Children>
ADDR_050
0
<DeclRefExprData>
ADDR_050
DeclRefExpr
<TEST_DIR>/functions.cpp
6
44
<end>
0
0
ADDR_008
1
0
0

0
ADDR_010
<Id to Class Map>
ADDR_050
DeclRefExpr
<Top Level Types>
ADDR_008
<Visited Children>
ADDR_051
1
ADDR_050
<ExprData>
ADDR_051
ImplicitCastExpr
<TEST_DIR>/functions.cpp
6
44
<end>
0
0
ADDR_008
0
0
0
<Id to Class Map>
ADDR_051
ImplicitCastExpr
<Top Level Types>
ADDR_011
<Visited Children>
ADDR_052
0
<IntegerLiteralData>
ADDR_052
IntegerLiteral
<TEST_DIR>/functions.cpp
6
46
<end>
0
0
ADDR_011
0
0
0
%CLAVA_SOURCE_BEGIN%
0
%CLAVA_SOURCE_END%
0
<Id to Class Map>
ADDR_052
IntegerLiteral
<Top Level Types>
ADDR_005
<Visited Children>
ADDR_053
2
ADDR_051
ADDR_052
<ExprData>
ADDR_053
ArraySubscriptExpr
<TEST_DIR>/functions.cpp
6
44
<TEST_DIR>/functions.cpp
6
47
0
0
ADDR_005
1
0
0
<Id to Class Map>
ADDR_053
ArraySubscriptExpr
<Top Level Types>
ADDR_037
<Visited Children>
ADDR_054
1
ADDR_053
<ExprData>
ADDR_054
ImplicitCastExpr
<TEST_DIR>/functions.cpp
6
44
<TEST_DIR>/functions.cpp
6
47
0
0
ADDR_037
0
0
0
<Id to Class Map>
ADDR_054
ImplicitCastExpr
<Top Level Types>
ADDR_011
<Visited Children>
ADDR_055
0
<IntegerLiteralData>
ADDR_055
IntegerLiteral
<TEST_DIR>/functions.cpp
6
49
<end>
0
0
ADDR_011
0
0
0
%CLAVA_SOURCE_BEGIN%
2
%CLAVA_SOURCE_END%
2
<Id to Class Map>
ADDR_055
IntegerLiteral
<Top Level Types>
ADDR_004
<Visited Children>
ADDR_056
2
ADDR_054
ADDR_055
<ExprData>
ADDR_056
ArraySubscriptExpr
<TEST_DIR>/functions.cpp
6
44
<TEST_DIR>/functions.cpp
6
50
0
0
ADDR_004
1
0
0
<Id to Class Map>
ADDR_056
ArraySubscriptExpr
<Top Level Types>
ADDR_003
<Visited Children>
ADDR_057
1
ADDR_056
<ExprData>
ADDR_057
ImplicitCastExpr
<TEST_DIR>/functions.cpp
6
44
<TEST_DIR>/functions.cpp
6
50
0
0
ADDR_003
0
0
0
<Id to Class Map>
ADDR_057
ImplicitCastExpr
<Top Level Types>
ADDR_011
<Visited Children>
ADDR_058
5
ADDR_029
ADDR_032
ADDR_041
ADDR_049
ADDR_057
<CallExprData>
ADDR_058
CallExpr
<TEST_DIR>/functions.cpp
6
2
<TEST_DIR>/functions.cpp
6
51
0
0
ADDR_011
0
0
0
ADDR_020
<Id to Class Map>
ADDR_058
CallExpr
<Top Level Types>
ADDR_016
<Visited Children>
ADDR_059
0
<DeclRefExprData>
ADDR_059
DeclRefExpr
<TEST_DIR>/functions.cpp
7
2
<end>
0
0
ADDR_016
1
0
0

0
ADDR_020
<Id to Class Map>
ADDR_059
DeclRefExpr
<Top Level Types>
ADDR_022
<Visited Children>
ADDR_060
1
ADDR_059
<ExprData>
ADDR_060
ImplicitCastExpr
<TEST_DIR>/functions.cpp
7
2
<end>
0
0
ADDR_022
0
0
0
<Id to Class Map>
ADDR_060
ImplicitCastExpr
<Top Level Types>
ADDR_030
<Visited Children>
ADDR_061
0
<StringLiteralData>
ADDR_061
StringLiteral
<TEST_DIR>/functions.cpp
7
9
<end>
0
0
ADDR_030
1
0
0
%CLAVA_SOURCE_BEGIN%
"%lf %lf %lf\n"
%CLAVA_SOURCE_END%
ORDINARY
12
1
12
37
108
102
32
37
108
102
32
37
108
102
10
<Id to Class Map>
ADDR_061
StringLiteral
<Top Level Types>
ADDR_014
<Visited Children>
ADDR_062
1
ADDR_061
<ExprData>
ADDR_062
ImplicitCastExpr
<TEST_DIR>/functions.cpp
7
9
<end>
0
0
ADDR_014
0
0
0
<Id to Class Map>
ADDR_062
ImplicitCastExpr
<Top Level Types>
ADDR_008
<Visited Children>
ADDR_063
0
<DeclRefExprData>
ADDR_063
DeclRefExpr
<TEST_DIR>/functions.cpp
7
26
<end>
0
0
ADDR_008
1
0
0

0
ADDR_010
<Id to Class Map>
ADDR_063
DeclRefExpr
<Top Level Types>
ADDR_008
<Visited Children>
ADDR_064
1
ADDR_063
<ExprData>
ADDR_064
ImplicitCastExpr
<TEST_DIR>/functions.cpp
7
26
<end>
0
0
ADDR_008
0
0
0
<Id to Class Map>
ADDR_064
ImplicitCastExpr
<Top Level Types>
ADDR_011
<Visited Children>
ADDR_065
0
<IntegerLiteralData>
ADDR_065
IntegerLiteral
<TEST_DIR>/functions.cpp
7
28
<end>
0
0
ADDR_011
0
0
0
%CLAVA_SOURCE_BEGIN%
1
%CLAVA_SOURCE_END%
1
<Id to Class Map>
ADDR_065
IntegerLiteral
<Top Level Types>
ADDR_005
<Visited Children>
ADDR_066
2
ADDR_064
ADDR_065
<ExprData>
ADDR_066
ArraySubscriptExpr
<TEST_DIR>/functions.cpp
7
26
<TEST_DIR>/functions.cpp
7
29
0
0
ADDR_005
1
0
0
<Id to Class Map>
ADDR_066
ArraySubscriptExpr
<Top Level Types>
ADDR_037
<Visited Children>
ADDR_067
1
ADDR_066
<ExprData>
ADDR_067
ImplicitCastExpr
<TEST_DIR>/functions.cpp
7
26
<TEST_DIR>/functions.cpp
7
29
0
0
ADDR_037
0
0
0
<Id to Class Map>
ADDR_067
ImplicitCastExpr
<Top Level Types>
ADDR_011
<Visited Children>
ADDR_068
0
<IntegerLiteralData>
ADDR_068
IntegerLiteral
<TEST_DIR>/functions.cpp
7
31
<end>
0
0
ADDR_011
0
0
0
%CLAVA_SOURCE_BEGIN%
0
%CLAVA_SOURCE_END%
0
<Id to Class Map>
ADDR_068
IntegerLiteral
<Top Level Types>
ADDR_004
<Visited Children>
ADDR_069
2
ADDR_067
ADDR_068
<ExprData>
ADDR_069
ArraySubscriptExpr
<TEST_DIR>/functions.cpp
7
26
<TEST_DIR>/functions.cpp
7
32
0
0
ADDR_004
1
0
0
<Id to Class Map>
ADDR_069
ArraySubscriptExpr
<Top Level Types>
ADDR_003
<Visited Children>
ADDR_070
1
ADDR_069
<ExprData>
ADDR_070
ImplicitCastExpr
<TEST_DIR>/functions.cpp
7
26
<TEST_DIR>/functions.cpp
7
32
0
0
ADDR_003
0
0
0
<Id to Class Map>
ADDR_070
ImplicitCastExpr
<Top Level Types>
ADDR_008
<Visited Children>
ADDR_071
0
<DeclRefExprData>
ADDR_071
DeclRefExpr
<TEST_DIR>/functions.cpp
7
35
<end>
0
0
ADDR_008
1
0
0

0
ADDR_010
<Id to Class Map>
ADDR_071
DeclRefExpr
<Top Level Types>
ADDR_008
<Visited Children>
ADDR_072
1
ADDR_071
<ExprData>
ADDR_072
ImplicitCastExpr
<TEST_DIR>/functions.cpp
7
35
<end>
0
0
ADDR_008
0
0
0
<Id to Class Map>
ADDR_072
ImplicitCastExpr
<Top Level Types>
ADDR_011
<Visited Children>
ADDR_073
0
<IntegerLiteralData>
ADDR_073
IntegerLiteral
<TEST_DIR>/functions.cpp
7
37
<end>
0
0
ADDR_011
0
0
0
%CLAVA_SOURCE_BEGIN%
1
%CLAVA_SOURCE_END%
1
<Id to Class Map>
ADDR_073
IntegerLiteral
<Top Level Types>
ADDR_005
<Visited Children>
ADDR_074
2
ADDR_072
ADDR_073
<ExprData>
ADDR_074
ArraySubscriptExpr
<TEST_DIR>/functions.cpp
7
35
<TEST_DIR>/functions.cpp
7
38
0
0
ADDR_005
1
0
0
<Id to Class Map>
ADDR_074
ArraySubscriptExpr
<Top Level Types>
ADDR_037
<Visited Children>
ADDR_075
1
ADDR_074
<ExprData>
ADDR_075
ImplicitCastExpr
<TEST_DIR>/functions.cpp
7
35
<TEST_DIR>/functions.cpp
7
38
0
0
ADDR_037
0
0
0
<Id to Class Map>
ADDR_075
ImplicitCastExpr
<Top Level Types>
ADDR_011
<Visited Children>
ADDR_076
0
<IntegerLiteralData>
ADDR_076
IntegerLiteral
<TEST_DIR>/functions.cpp
7
40
<end>
0
0
ADDR_011
0
0
0
%CLAVA_SOURCE_BEGIN%
1
%CLAVA_SOURCE_END%
1
<Id to Class Map>
ADDR_076
IntegerLiteral
<Top Level Types>
ADDR_004
<Visited Children>
ADDR_077
2
ADDR_075
ADDR_076
<ExprData>
ADDR_077
ArraySubscriptExpr
<TEST_DIR>/functions.cpp
7
35
<TEST_DIR>/functions.cpp
7
41
0
0
ADDR_004
1
0
0
<Id to Class Map>
ADDR_077
ArraySubscriptExpr
<Top Level Types>
ADDR_003
<Visited Children>
ADDR_078
1
ADDR_077
<ExprData>
ADDR_078
ImplicitCastExpr
<TEST_DIR>/functions.cpp
7
35
<TEST_DIR>/functions.cpp
7
41
0
0
ADDR_003
0
0
0
<Id to Class Map>
ADDR_078
ImplicitCastExpr
<Top Level Types>
ADDR_008
<Visited Children>
ADDR_079
0
<DeclRefExprData>
ADDR_079
DeclRefExpr
<TEST_DIR>/functions.cpp
7
44
<end>
0
0
ADDR_008
1
0
0

0
ADDR_010
<Id to Class Map>
ADDR_079
DeclRefExpr
<Top Level Types>
ADDR_008
<Visited Children>
ADDR_080
1
ADDR_079
<ExprData>
ADDR_080
ImplicitCastExpr
<TEST_DIR>/functions.cpp
7
44
<end>
0
0
ADDR_008
0
0
0
<Id to Class Map>
ADDR_080
ImplicitCastExpr
<Top Level Types>
ADDR_011
<Visited Children>
ADDR_081
0
<IntegerLiteralData>
ADDR_081
IntegerLiteral
<TEST_DIR>/functions.cpp
7
46
<end>
0
0
ADDR_011
0
0
0
%CLAVA_SOURCE_BEGIN%
1
%CLAVA_SOURCE_END%
1
<Id to Class Map>
ADDR_081
IntegerLiteral
<Top Level Types>
ADDR_005
<Visited Children>
ADDR_082
2
ADDR_080
ADDR_081
<ExprData>
ADDR_082
ArraySubscriptExpr
<TEST_DIR>/functions.cpp
7
44
<TEST_DIR>/functions.cpp
7
47
0
0
ADDR_005
1
0
0
<Id to Class Map>
ADDR_082
ArraySubscriptExpr
<Top Level Types>
ADDR_037
<Visited Children>
ADDR_083
1
ADDR_082
<ExprData>
ADDR_083
ImplicitCastExpr
<TEST_DIR>/functions.cpp
7
44
<TEST_DIR>/functions.cpp
7
47
0
0
ADDR_037
0
0
0
<Id to Class Map>
ADDR_083
ImplicitCastExpr
<Top Level Types>
ADDR_011
<Visited Children>
ADDR_084
0
<IntegerLiteralData>
ADDR_084
IntegerLiteral
<TEST_DIR>/functions.cpp
7
49
<end>
0
0
ADDR_011
0
0
0
%CLAVA_SOURCE_BEGIN%
2
%CLAVA_SOURCE_END%
2
<Id to Class Map>
ADDR_084
IntegerLiteral
<Top Level Types>
ADDR_004
<Visited Children>
ADDR_085
2
ADDR_083
ADDR_084
<ExprData>
ADDR_085
ArraySubscriptExpr
<TEST_DIR>/functions.cpp
7
44
<TEST_DIR>/functions.cpp
7
50
0
0
ADDR_004
1
0
0
<Id to Class Map>
ADDR_085
ArraySubscriptExpr
<Top Level Types>
ADDR_003
<Visited Children>
ADDR_086
1
ADDR_085
<ExprData>
ADDR_086
ImplicitCastExpr
<TEST_DIR>/functions.cpp
7
44
<TEST_DIR>/functions.cpp
7
50
0
0
ADDR_003
0
0
0
<Id to Class Map>
ADDR_086
ImplicitCastExpr
<Top Level Types>
ADDR_011
<Visited Children>
ADDR_087
5
ADDR_060
ADDR_062
ADDR_070
ADDR_078
ADDR_086
<CallExprData>
ADDR_087
CallExpr
<TEST_DIR>/functions.cpp
7
2
<TEST_DIR>/functions.cpp
7
51
0
0
ADDR_011
0
0
0
ADDR_020
<Id to Class Map>
ADDR_087
CallExpr
<Visited Children>
ADDR_088
3
ADDR_027
ADDR_058
ADDR_087
<StmtData>
ADDR_088
CompoundStmt
<TEST_DIR>/functions.cpp
4
1
<TEST_DIR>/functions.cpp
8
1
0
0
<Id to Class Map>
ADDR_088
CompoundStmt
<Visited Children>
ADDR_001
2
ADDR_010
ADDR_088
<FunctionDeclData>
ADDR_001
FunctionDecl
<TEST_DIR>/functions.cpp
3
1
<TEST_DIR>/functions.cpp
8
1
0
0
0
0
0
0
0
0

foo_input_2darray
0
0
0
ExternalLinkage
Default
ADDR_009
0
0
0
None
0
0
0
0
0
nullptr_decl
ADDR_001
nullptr_decl
0
<Id to Class Map>
ADDR_001
FunctionDecl
<Top Level Types>
ADDR_011
<Visited Children>
ADDR_089
0
<IntegerLiteralData>
ADDR_089
IntegerLiteral
<TEST_DIR>/functions.cpp
3
42
<end>
0
0
ADDR_011
0
0
0
%CLAVA_SOURCE_BEGIN%
3
%CLAVA_SOURCE_END%
3
<Id to Class Map>
ADDR_089
IntegerLiteral
<Top Level Types>
ADDR_011
<Visited Children>
ADDR_090
0
<IntegerLiteralData>
ADDR_090
IntegerLiteral
<TEST_DIR>/functions.cpp
3
39
<end>
0
0
ADDR_011
0
0
0
%CLAVA_SOURCE_BEGIN%
2
%CLAVA_SOURCE_END%
2
<Id to Class Map>
ADDR_090
IntegerLiteral
<Top Level Nodes>
ADDR_091
<Visited Children>
ADDR_092
0
<ConstantArrayTypeData>
ADDR_092
ConstantArrayType
double[3]
NONE
0
0
0
nullptr_type
Normal
0
ADDR_003
3
<Id to Class Map>
ADDR_092
ConstantArrayType
<Visited Children>
ADDR_093
0
<PointerTypeData>
ADDR_093
PointerType
double (*)[3]
NONE
0
0
0
nullptr_type
ADDR_092
<Id to Class Map>
ADDR_093
PointerType
<Visited Children>
ADDR_094
0
<ArrayTypeData>
ADDR_094
IncompleteArrayType
double[][3]
NONE
0
0
0
nullptr_type
Normal
0
ADDR_092
<Id to Class Map>
ADDR_094
IncompleteArrayType
<Visited Children>
ADDR_095
0
<DecayedTypeData>
ADDR_095
DecayedType
double (*)[3]
NONE
0
0
0
ADDR_093
ADDR_094
ADDR_093
ADDR_093
ADDR_092
<Id to Class Map>
ADDR_095
DecayedType
<Visited Children>
ADDR_096
0
<FunctionProtoTypeData>
ADDR_096
FunctionProtoType
void (double (*)[3])
NONE
0
0
0
nullptr_type
0
0
0
0
0
0
0
C
ADDR_002
1
1
ADDR_095
0
0
None
None
0
<Id to Class Map>
ADDR_096
FunctionProtoType
<Top Level Types>
ADDR_096
<Top Level Types>
ADDR_095
<Visited Children>
ADDR_097
0
<ParmVarDeclData>
ADDR_097
ParmVarDecl
<TEST_DIR>/functions.cpp
10
27
<TEST_DIR>/functions.cpp
10
39
0
0
0
0
0
0
0
0

A
0
0
0
NoLinkage
Default
ADDR_095
0
None
NONE
0
CINIT
0
0
0
0
0
<Id to Class Map>
ADDR_097
ParmVarDecl
<Visited Children>
ADDR_098
0
<StmtData>
ADDR_098
CompoundStmt
<TEST_DIR>/functions.cpp
11
1
<TEST_DIR>/functions.cpp
12
1
0
0
<Id to Class Map>
ADDR_098
CompoundStmt
<Visited Children>
ADDR_091
2
ADDR_097
ADDR_098
<FunctionDeclData>
ADDR_091
FunctionDecl
<TEST_DIR>/functions.cpp
10
1
<TEST_DIR>/functions.cpp
12
1
0
0
0
0
0
0
0
0

foo_incomplete_array
0
0
0
ExternalLinkage
Default
ADDR_096
0
0
0
None
0
0
0
0
0
nullptr_decl
ADDR_091
nullptr_decl
0
<Id to Class Map>
ADDR_091
FunctionDecl
<Top Level Types>
ADDR_011
<Visited Children>
ADDR_099
0
<IntegerLiteralData>
ADDR_099
IntegerLiteral
<TEST_DIR>/functions.cpp
10
38
<end>
0
0
ADDR_011
0
0
0
%CLAVA_SOURCE_BEGIN%
3
%CLAVA_SOURCE_END%
3
<Id to Class Map>
ADDR_099
IntegerLiteral
<Top Level Nodes>
ADDR_100
<Visited Children>
ADDR_101
0
<FunctionProtoTypeData>
ADDR_101
FunctionProtoType
int ()
NONE
0
0
0
nullptr_type
0
0
0
0
0
0
0
C
ADDR_011
0
0
0
0
None
None
0
<Id to Class Map>
ADDR_101
FunctionProtoType
<Top Level Types>
ADDR_101
<Top Level Types>
ADDR_011
<Visited Children>
ADDR_102
0
<IntegerLiteralData>
ADDR_102
IntegerLiteral
<TEST_DIR>/functions.cpp
16
9
<end>
0
0
ADDR_011
0
0
0
%CLAVA_SOURCE_BEGIN%
0
%CLAVA_SOURCE_END%
0
<Id to Class Map>
ADDR_102
IntegerLiteral
<Visited Children>
ADDR_103
1
ADDR_102
<StmtData>
ADDR_103
ReturnStmt
<TEST_DIR>/functions.cpp
16
2
<TEST_DIR>/functions.cpp
16
9
0
0
<Id to Class Map>
ADDR_103
ReturnStmt
<Visited Children>
ADDR_104
1
ADDR_103
<StmtData>
ADDR_104
CompoundStmt
<TEST_DIR>/functions.cpp
14
12
<TEST_DIR>/functions.cpp
17
1
0
0
<Id to Class Map>
ADDR_104
CompoundStmt
<Visited Children>
ADDR_100
1
ADDR_104
<FunctionDeclData>
ADDR_100
FunctionDecl
<TEST_DIR>/functions.cpp
14
1
<TEST_DIR>/functions.cpp
17
1
0
0
0
0
0
0
0
0

main
0
0
0
ExternalLinkage
Default
ADDR_101
0
0
0
None
0
0
0
0
0
nullptr_decl
ADDR_100
nullptr_decl
0
<Id to Class Map>
ADDR_100
FunctionDecl
