<Compiler Instance Data>
<TEST_DIR>/types.c
1
0
1
1
0
0
0
0
0
0
0
1
1
1
0
0
0
0
0
0
0
8
32
64
128
8
16
32
64
64
<Id-File Map>
0
<TEST_DIR>/types.c
<Top Level Nodes>
ADDR_001
<Top Level Nodes>
ADDR_002
<Visited Children>
ADDR_003
0
<TagTypeData>
ADDR_003
RecordType
struct (unnamed at <TEST_DIR>/types.c:2:1)
NONE
0
0
0
nullptr_type
ADDR_001
<Id to Class Map>
ADDR_003
RecordType
<Visited Children>
ADDR_004
0
<BuiltinTypeData>
ADDR_004
BuiltinType
int
NONE
0
0
0
nullptr_type
Int
int
<Id to Class Map>
ADDR_004
BuiltinType
<Top Level Types>
ADDR_004
<Visited Children>
ADDR_005
2
nullptr_expr
nullptr_expr
<FieldDeclData>
ADDR_005
FieldDecl
<TEST_DIR>/types.c
3
3
<TEST_DIR>/types.c
3
7
0
0
0
0
0
0
0
0
(anonymous struct)
dummy
0
1
1
None
Default
ADDR_004
0
0
<Id to Class Map>
ADDR_005
FieldDecl
<Visited Children>
ADDR_006
0
<ArrayTypeData>
ADDR_006
IncompleteArrayType
int[]
NONE
0
0
0
nullptr_type
Normal
0
ADDR_004
<Id to Class Map>
ADDR_006
IncompleteArrayType
<Top Level Types>
ADDR_006
<Visited Children>
ADDR_007
2
nullptr_expr
nullptr_expr
<FieldDeclData>
ADDR_007
FieldDecl
<TEST_DIR>/types.c
4
9
<TEST_DIR>/types.c
4
18
0
0
0
0
0
0
0
0
(anonymous struct)
data
0
1
1
None
Default
ADDR_006
0
0
<Id to Class Map>
ADDR_007
FieldDecl
<Visited Children>
ADDR_001
2
ADDR_005
ADDR_007
<RecordDeclData>
ADDR_001
RecordDecl
<TEST_DIR>/types.c
2
1
<TEST_DIR>/types.c
5
1
0
0
0
0
0
0
0
0


0
0
0
None
Default
ADDR_003
Struct
1
0
<Id to Class Map>
ADDR_001
RecordDecl
<Visited Children>
ADDR_008
0
<ElaboratedTypeData>
ADDR_008
ElaboratedType
struct (unnamed struct at <TEST_DIR>/types.c:2:1)
NONE
0
0
0
ADDR_003
Struct

ADDR_003
<Id to Class Map>
ADDR_008
ElaboratedType
<Top Level Types>
ADDR_008
<Visited Children>
ADDR_002
0
<VarDeclData>
ADDR_002
VarDecl
<TEST_DIR>/types.c
2
1
<TEST_DIR>/types.c
5
3
0
0
0
0
0
0
0
0

incompleteArrayType
0
0
0
External
Default
ADDR_008
0
None
NONE
0
CINIT
0
0
0
1
<Id to Class Map>
ADDR_002
VarDecl
<Top Level Nodes>
ADDR_009
<Visited Children>
ADDR_010
0
<FunctionTypeData>
ADDR_010
FunctionNoProtoType
int ()
NONE
0
0
0
nullptr_type
0
0
0
0
0
0
0
C
ADDR_004
<Id to Class Map>
ADDR_010
FunctionNoProtoType
<Top Level Types>
ADDR_010
<Visited Children>
ADDR_011
0
<StmtData>
ADDR_011
CompoundStmt
<TEST_DIR>/types.c
7
12
<TEST_DIR>/types.c
9
1
0
0
<Id to Class Map>
ADDR_011
CompoundStmt
<Visited Children>
ADDR_009
1
ADDR_011
<FunctionDeclData>
ADDR_009
FunctionDecl
<TEST_DIR>/types.c
7
1
<TEST_DIR>/types.c
9
1
0
0
0
0
0
0
0
0

main
0
0
0
External
Default
ADDR_010
0
0
0
None
0
0
0
0
0
nullptr_decl
ADDR_009
nullptr_decl
0
<Id to Class Map>
ADDR_009
FunctionDecl
